# vim: ft=python foldmethod=marker foldlevel=0

import numpy as np
import matplotlib.pyplot as plt

#---#

np.random.seed(42)

#---#

for i in range(3):
    a = np.random.random((30,30))
    print(i, a.shape)
    plt.matshow(a)
    plt.show()
#o> png{{{
#o> pngiVBORw0KGgoAAAANSUhEUgAAAeAAAAHgCAYAAAB91L6VAAAABHNCSVQICAgIfAhkiAAAAAlwSFlzAAAP
#o> pngYQAAD2EBqD+naQAAADh0RVh0U29mdHdhcmUAbWF0cGxvdGxpYiB2ZXJzaW9uMy4yLjIsIGh0dHA6Ly9t
#o> pngYXRwbG90bGliLm9yZy+WH4yJAAAgAElEQVR4nO3deXhU5fnG8XuyDYEkgwGyQYAAAiqLlk0qUhQkgFVZ
#o> pngal0rLgWxAYXUpbhTrWlxwwVBWwVtRRF/AsWFVkFCrYAVRIpLhBQlCAmLMkMC2c/vDy9To4jzUMJLku/n
#o> pnguuZSwj3zvIeZ5M7J8h6f53meAADAURXhegEAADRGFDAAAA5QwAAAOEABAwDgAAUMAIADFDAAAA5QwAAA
#o> pngOEABAwDgAAUMAIADFDAAAA5QwAAAOEABAwDgAAUMAIADFDAAAA5QwAAAOEABAwDgAAUMAIADFDAAAA5Q
#o> pngwAAAOEABAwDgAAUMAIADFDAAAA5QwAAAOEABAwDgAAUMAIADFDAAAA5QwAAAOEABAwDgAAUMAIADFDAA
#o> pngAA5QwAAAOEABAwDgAAUMAIADFDAAAA5QwAAAOEABAwDgAAUMAIADFDAAAA5QwAAAOEABAwDgAAUMAIAD
#o> pngFPBhmDlzptq3b68mTZqoX79+euedd1wvqU7deeed8vl8tW5du3Z1vawjbuXKlTrnnHOUlpYmn8+nRYsW
#o> png1fp7z/N0++23KzU1VbGxsRoyZIg2bdrkaLVHzg8d9+WXX/6d53/YsGGOVntk5OTkqE+fPoqPj1dSUpJG
#o> pngjhypvLy8WpnS0lJlZWWpRYsWiouL05gxY1RUVORoxUdGOMc9aNCg7zzfEyZMcLTiho0CNpo/f76ys7N1
#o> pngxx13aN26derZs6cyMzO1c+dO10urUyeddJJ27NhRc3vrrbdcL+mIKykpUc+ePTVz5syD/v306dP18MMP
#o> pnga/bs2VqzZo2aNWumzMxMlZaWHuWVHlk/dNySNGzYsFrP/3PPPXcUV3jk5ebmKisrS6tXr9brr7+uiooK
#o> pngDR06VCUlJTWZKVOmaMmSJVqwYIFyc3O1fft2jR492uGq/3fhHLckjRs3rtbzPX36dEcrbuA8mPTt29fL
#o> pngysqq+XNVVZWXlpbm5eTkOFxV3brjjju8nj17ul7GUSXJW7hwYc2fq6urvZSUFO/ee++tedvevXs9v9/v
#o> pngPffccy6WWCe+fdye53ljx471zjvvPEcrOjp27tzpSfJyc3M9z/vquY2OjvYWLFhQk/noo488Sd6qVatc
#o> pngLfOI+/Zxe57n/eQnP/Guu+46h6tqPDgDNigvL9fatWs1ZMiQmrdFRERoyJAhWrVqlcOV1b1NmzYpLS1N
#o> pngHTp00CWXXKKtW7e6XtJRtWXLFhUWFtZ67gOBgPr169fgn3tJWrFihZKSktSlSxddc8012rNnj+slHVHB
#o> pngYFCSlJiYKElau3atKioqaj3fXbt2Vdu2bRvU8/3t4/7as88+q5YtW6pbt26aOnWq9u/f72J5DV6U6wXU
#o> pngJ7t371ZVVZWSk5NrvT05OVkff/yxo1XVvX79+mnu3Lnq0qWLduzYoWnTpun000/Xxo0bFR8f73p5R0Vh
#o> pngYaEkHfS5//rvGqphw4Zp9OjRysjIUH5+vm6++WYNHz5cq1atUmRkpOvl/c+qq6s1efJknXbaaerWrZuk
#o> pngr57vmJgYNW/evFa2IT3fBztuSbr44ovVrl07paWlacOGDbrpppuUl5enl156yeFqGyYKGD9o+PDhNf/f
#o> pngo0cP9evXT+3atdMLL7ygq666yuHKcDRceOGFNf/fvXt39ejRQx07dtSKFSs0ePBghys7MrKysrRx48YG
#o> png+XMNh/J9xz1+/Pia/+/evbtSU1M1ePBg5efnq2PHjkd7mQ0aX4I2aNmypSIjI7/zk5BFRUVKSUlxtKqj
#o> pngr3nz5urcubM2b97seilHzdfPb2N/7iWpQ4cOatmyZYN4/idOnKiXX35Zb775ptq0aVPz9pSUFJWXl2vv
#o> png3r218g3l+f6+4z6Yfv36SVKDeL6PNRSwQUxMjHr16qVly5bVvK26ulrLli1T//79Ha7s6CouLlZ+fr5S
#o> pngU1NdL+WoycjIUEpKSq3nPhQKac2aNY3quZekbdu2ac+ePfX6+fc8TxMnTtTChQu1fPlyZWRk1Pr7Xr16
#o> pngKTo6utbznZeXp61bt9br5/uHjvtg1q9fL0n1+vk+VvElaKPs7GyNHTtWvXv3Vt++fTVjxgyVlJToiiuu
#o> pngcL20OnP99dfrnHPOUbt27bR9+3bdcccdioyM1EUXXeR6aUdUcXFxrc/yt2zZovXr1ysxMVFt27bV5MmT
#o> pngdffdd+v4449XRkaGbrvtNqWlpWnkyJEOV/2/O9RxJyYmatq0aRozZoxSUlKUn5+vG2+8UZ06dVJmZqbD
#o> pngVf9vsrKyNG/ePC1evFjx8fE139cNBAKKjY1VIBDQVVddpezsbCUmJiohIUGTJk1S//79deqppzpe/eH7
#o> pngoePOz8/XvHnzNGLECLVo0UIbNmzQlClTNHDgQPXo0cPx6hsg1z+GXR898sgjXtu2bb2YmBivb9++3urV
#o> pngq10vqU5dcMEFXmpqqhcTE+O1bt3au+CCC7zNmze7XtYR9+abb3qSvnMbO3as53lf/SrSbbfd5iUnJ3t+
#o> pngv98bPHiwl5eX53bRR8Chjnv//v3e0KFDvVatWnnR0dFeu3btvHHjxnmFhYWul/0/OdjxSvLmzJlTkzlw
#o> png4ID3q1/9yjvuuOO8pk2beqNGjfJ27NjhbtFHwA8d99atW72BAwd6iYmJnt/v9zp16uTdcMMNXjAYdLvw
#o> pngBsrneZ53NAsfAADwPWAAAJyggAEAcIACBgDAAQoYAAAHKGAAAByggAEAcIACBgDAAQr4MJSVlenOO+9U
#o> pngWVmZ66UcVRw3x90YcNyN67hdYiOOwxAKhRQIBBQMBpWQkOB6OUcNx81xNwYcd+M6bpc4AwYAwAEKGAAA
#o> pngB7ga0iFUV1dr+/btio+Pl8/nq3l7KBSq9d/GguPmuBsDjrthHrfnedq3b5/S0tIUEXFsnHvyPeBD2LZt
#o> pngm9LT010vAwBwhBQUFKhNmzaulyGJM+BDio+PlyR1/uXtioxpEtZ95k+cYZ5z67azTfn3C1qbZ3R4tNJ8
#o> pngH4uIzwrN97nwjQ2m/O/eG2GekZG823aHUXtM8ac2/MP2+JLm7etqyr9600/MM6IOVJnvYxHKiDXfZ3ev
#o> pngalPevyvSPCOwxTbjyxH7Tfn291WY8pIUPDFgyh9ItJ+dlbaynUdlnvWuKb/x1u6mvCR9+tNoUz4isdw8
#o> pngo1P2lrCzlV65cve9UPNx/VjQ4At45syZuvfee1VYWKiePXvqkUceUd++fcO679dfdo6MaaJIf3gFHB9v
#o> pngf+eJbhZjykc0DW8t3xQVaf/AYRERYTsGSWoaZ/sAe1jH3cxvu4PP9kHjcJ7vJp7t3S4q6jCOO6puCzjc
#o> pngT0i/KSLWVo6RfnsBR0bbZkQ0teWjIu3Pd2S07d8q0m+fEdHEVsD+ONvr/HBegxGxxgJuaj/uKJ/94843
#o> pngv53o2rHxhfA6Mn/+fGVnZ+uOO+7QunXr1LNnT2VmZmrnzp2ulwYAaOQadAE/8MADGjdunK644gqdeOKJ
#o> pngmj17tpo2baqnnnrK9dIAAI1cgy3g8vJyrV27VkOGDKl5W0REhIYMGaJVq1Yd9D5lZWUKhUK1bgAA1IUG
#o> pngW8C7d+9WVVWVkpOTa709OTlZhYUH/4GhnJwcBQKBmhs/AQ0AqCsNtoAPx9SpUxUMBmtuBQUFrpcEAGig
#o> pngGuxPQbds2VKRkZEqKiqq9faioiKlpKQc9D5+v19+v/GnZgEAOAwN9gw4JiZGvXr10rJly2reVl1drWXL
#o> pnglql///4OVwYAQAM+A5ak7OxsjR07Vr1791bfvn01Y8YMlZSU6IorrnC9NABAI9egC/iCCy7Qrl27dPvt
#o> pngt6uwsFAnn3yyli5d+p0fzAIA4GhjL+hD+Pr6mBlzbg57F6YM+06UiszfYcrPfHeheUZ8hG33l5lf9DHl
#o> pngX73fvl1iy5Wfm/L7HrfvjLRrVaopnzF/lyn/yS9bmPKSdPxtti04b934lnnGb66/xpQvu+oL24AFLW15
#o> png2bei9GJseUnq9Gfbjm8vPPeYKX9Hkf11PrHVClO+oNJ+Ld6r1/zClJ/f/wlT/vaBo015SSrrmGTKx6zb
#o> pngbJ6x8/yTws5WlZdqwzO3HFPXO26w3wMGAOBYRgEDAOAABQwAgAMUMAAADlDAAAA4QAEDAOAABQwAgAMU
#o> pngMAAADlDAAAA4QAEDAOAABQwAgAMUMAAADjToqyEdKf51cYr0h3cxhuL0KvPjn//kJlN+9PQbzTNi99g2
#o> pngtt8xyJbv+v5eU16Sei/ON+XfzWxjnvH62odM+V+fPcCUL78h3pSXpOr9+0353OITzDOaTdxmyidHl5ny
#o> pngKVlbTXlJ2nJOc1N++886mmdE77RdVOLV/emm/BufdjHlJent2b1N+aTF9osSJI6INeWvXnadKd9+nu1j
#o> pnglCRt3V1qyt/bfY15xrUvhn8xhmrbco4KzoABAHCAAgYAwAEKGAAAByhgAAAcoIABAHCAAgYAwAEKGAAA
#o> pngByhgAAAcoIABAHCAAgYAwAEKGAAAB9gLOgytl+5SVKQ/rGzE4yXmx/+guLUpv/dH5eYZp/X4tym/NPcU
#o> pngUz5vXIIpL0mfLfiJKd/2y7XmGaN+8nNT3tu2w5Qves6+wWxs+/6m/JPLPfOMZ859zJSfOmWCKf/RifYP
#o> pngHacu2mDKl0yrMM/w7bO9/z067XxTvu0m+/v39AUPmvILJ/3IPGNBfpIpP63bElN+wwHbntmSFJxq27s9
#o> pngYq5t/3lJqmge/t771Qfs+/TXNc6AAQBwgAIGAMABChgAAAcoYAAAHKCAAQBwgAIGAMABChgAAAcoYAAA
#o> pngHKCAAQBwgAIGAMABChgAAAcoYAAAHOBiDGHo/fTH8sdFh5UdEJdnfvzf3D3elD/hrSLzjI2depjyMb1s
#o> pngn5uNveB1U16S2sR8Yco/c7d9Q/iPJyWb8rFFqaZ80mz7hTFiP91lylfFtDLPSBm135Q/0CLSlk+zb2y/
#o> pngraS5Kb+3U3jvc9+08ImXTPkK2S508bNJU0x5SRr9f5NN+RbrfeYZ8ZW24/jTL7qb8vlPdjTlJalqTBNT
#o> pngfkafAeYZqUPD/zhVWRGhbeYJdYszYAAAHKCAAQBwgAIGAMABChgAAAcoYAAAHKCAAQBwgAIGAMABChgA
#o> pngAAcoYAAAHKCAAQBwgAIGAMAB9oIOw6C4j9QsPrzPVW6+doL58VtuC5ryn4y37W8sSR9c/LApP3RClim/
#o> png6DTbXtOS1C2x0JQvO/tE84wf/WizKb95QWdTftfVB0z5r/hN6ZIi+77L1w68yJS/7NVXTfln7h9hyktS
#o> png9fyWpnzq+/82z+jdz/a6TW1pe9+Le3mdKS9J1Wf0NuVjd1eaZ3x5dbEpH/9pJ1O+dYu9prwk7flXnCl/
#o> png/3uvmGdknxv+x8LKqjLz49c1zoABAHCgQRfwnXfeKZ/PV+vWtWtX18sCAKDhfwn6pJNO0htvvFHz56io
#o> pngBn/IAIB6oMG3UVRUlFJSUlwvAwCAWhr0l6AladOmTUpLS1OHDh10ySWXaOvWrd+bLSsrUygUqnUDAKAu
#o> pngNOgC7tevn+bOnaulS5dq1qxZ2rJli04//XTt27fvoPmcnBwFAoGaW3p6+lFeMQCgsWjQBTx8+HCdf/75
#o> png6tGjhzIzM/Xqq69q7969euGFFw6anzp1qoLBYM2toKDgKK8YANBYNPjvAX9T8+bN1blzZ23efPDfDfX7
#o> png/fL7bb+jCQDA4WjQZ8DfVlxcrPz8fKWmprpeCgCgkWvQBXz99dcrNzdXn376qd5++22NGjVKkZGRuugi
#o> png2y5BAAAcaQ36S9Dbtm3TRRddpD179qhVq1YaMGCAVq9erVatWrleGgCgkfN5nue5XsSxKhQKKRAIqPuV
#o> pngv1NkTJOw7pP85k7znHv+Ns+U/7SyhXnG/TddYsqXXvmlKf+zdu+Z8pI0e/Ug2x0qfOYZbV+z5eM27DDl
#o> pngs5fb9lCWpEjZ3uUmvm//io3/bwmmvGf8Wlj7i2x7bEtSVuvlpnyFZz8/WBrsbsovLzjelE+faP/VxKrU
#o> pngRFP+hudtHw8k6Zp3LjXlMy7eYMpHtW9rykvSrkdjTPnjzt5knuHrE/7zXVlVqjfX5igYDCohwfb+UVca
#o> png9JegAQA4VlHAAAA4QAEDAOAABQwAgAMUMAAADlDAAAA4QAEDAOAABQwAgAMUMAAADlDAAAA4QAEDAOAA
#o> pngBQwAgANcjOEQvr4YQ5uHpikiNryLMbTvYL8YQ/BAeI/9tcBj9o3Em/1mmylffG8bWz7FvnF+16s+MuU/
#o> png2JVinjGx8wpT/rHNA035L3bHm/KSdOKdttfI5+elm2fEba8y5SPLbB8G/jrrIVNekgbM+LUpf/+EP5pn
#o> pngZG/4uSl/bsa/Tfn5K35sykuSl1huykfssl3EQJLav2ybETftc1N+56wMU16SEhbaLtCyY34H84zk6eH/
#o> pngW1VWlip3ze+4GAMAAI0dBQwAgAMUMAAADlDAAAA4QAEDAOAABQwAgAMUMAAADlDAAAA4QAEDAOAABQwA
#o> pnggAMUMAAADtg38G2EFg55THHx4X2u0tRn31p7e5XflB/X5TrzjJgzbfsPP/yfhab8hX/KNuUlaUb6K6Z8
#o> pngtX1LZL1aYtvDNvr5RFM+Ptn+Oezopf8y5WdPt+3LLUnNth0w5T/5pW3/4e2V9td50jDbfuRX/+My84wT
#o> pngp+0y5V+a3tOU//jnM015STp3+CWmfN64aPOMiX98wZR/YWcfU77ZONve0ZLkjWtlykcsPM48I5RRHXa2
#o> pngqtwnrTGPqFOcAQMA4AAFDACAAxQwAAAOUMAAADhAAQMA4AAFDACAAxQwAAAOUMAAADhAAQMA4AAFDACA
#o> pngAxQwAAAOUMAAADjg8zzPvqt6IxEKhRQIBDR1VaaaxNk3SA9XJ3+RKd8+erd5xsVLskx5X5Xt8S8685+2
#o> pngO0h6deuJpnyrZiXmGb0St5ryA+PzTPlbpl9pyktSZVOfKd9mYYF5xke/tW2E3+VXtuPOv6WHKS9JFYm2
#o> pngF1VKrv38YOfZZaZ8519+ZBsQGWnLSzpzTaEpP292pnlG6nLbx4SPf2W78MGwfu+b8pL08S3dTPnC8aXm
#o> pngGRmTvww7W1ldpjc+n61gMKiEhATzrLrAGTAAAA5QwAAAOEABAwDgAAUMAIADFDAAAA5QwAAAOEABAwDg
#o> pngAAUMAIADFDAAAA5QwAAAOEABAwDgQJTrBdQH74xIUZQvJqzsR7873j7A+GlQXHKxecTJp+Sb8nM6/NWU
#o> pngP+Wlyaa8JLVYbzvwXpOM+/ZKyr2nvym/8MQBpnyHJf8x5SWp6ovw96+VpDmbl5tnzA/Z9tletLinKR+9
#o> pngzLaftSS1X2LbpzmiwrghuaToF5ua8h8/3N2UP6nzNlNekl74tLUpH7ur2jzjiaVPmfLXF5xryr+23vbv
#o> pngJEkxV9me76h19v2Z9/UK//murCiVPjePqFOcAQMA4EC9LeCVK1fqnHPOUVpamnw+nxYtWlTr7z3P0+23
#o> png367U1FTFxsZqyJAh2rRpk6PVAgBQW70t4JKSEvXs2VMzZ8486N9Pnz5dDz/8sGbPnq01a9aoWbNmyszM
#o> pngVGmp/ZJXAAAcafX2e8DDhw/X8OHDD/p3nudpxowZuvXWW3XeeedJkp555hklJydr0aJFuvDCC4/mUgEA
#o> png+I56ewZ8KFu2bFFhYaGGDBlS87ZAIKB+/fpp1apV33u/srIyhUKhWjcAAOpCgyzgwsJCSVJycnKttycn
#o> pngJ9f83cHk5OQoEAjU3NLT0+t0nQCAxqtBFvDhmjp1qoLBYM2toKDA9ZIAAA1UgyzglJQUSVJRUVGttxcV
#o> pngFdX83cH4/X4lJCTUugEAUBcaZAFnZGQoJSVFy5Ytq3lbKBTSmjVr1L+/bWMGAADqQr39Keji4mJt3ry5
#o> png5s9btmzR+vXrlZiYqLZt22ry5Mm6++67dfzxxysjI0O33Xab0tLSNHLkSIerBgDgK/W2gN99912dccYZ
#o> pngNX/Ozs6WJI0dO1Zz587VjTfeqJKSEo0fP1579+7VgAEDtHTpUjVp0sTVkgEAqOHzPM9zvYhjVSgUUiAQ
#o> png0Enj71FkTHjF/aNfbDDP2fbjA6Z8ZKf25hkq3GWKW18WF/wrz5SXpOc+72vKb/mX/afSj59t2/w1b2Ka
#o> pngKR9ReRh7Ii/eb8oXnNXMPCPKuN9MRe99pnx0tH2f5vSxtn2UP7+ym3lGxQDbrw6WFcSZ8ncMf9GUl6RH
#o> pngNp9pyreY5jfPiNha9MOhb/j88RamfOoF9j3PN/3Jth/5awMfNc8Y9ua1YWerD5SqYMI0BYPBY+bnexrk
#o> png94ABADjWUcAAADhAAQMA4AAFDACAAxQwAAAOUMAAADhAAQMA4AAFDACAAxQwAAAOUMAAADhAAQMA4AAF
#o> pngDACAA/X2akhHU5VfUpj7o79baL9gQOlvm5vy5a0qzTPeGPa0KT/q4RtN+RHNlpryktQhY6cp/9u7rjTP
#o> png8A7YrkrQZeYOU76qwHaxB0mKbGO74EOr02wXGJCk+LG2Cz7s3NXBlB9342JTXpJeOtDGlL/gymU/HPqW
#o> pngl+8544dD39D8vd2m/J972K8nvr8s2pS/Zd5C84x5Rf1M+ZHxtovGvD7qdFNekjrOsl1k5u5Ow80zxp6y
#o> pngKuxsWXGF/mCeULc4AwYAwAEKGAAAByhgAAAcoIABAHCAAgYAwAEKGAAAByhgAAAcoIABAHCAAgYAwAEK
#o> pngGAAAByhgAAAcYC/oMKyc+LgS4sP7XOXkRyeZH7+JbdteZQ5bb57x83tuMOWfm3q/Kb+0pJ0pL0m/f/bn
#o> pngpnzvnI3mGZE+z5TfeXFTU/7mT9415SXpisUTTPms1n83z3huRKYp//tbnjDlpzx2tSkvSamV4e/bK0kD
#o> png4vLMM/65qrMpv/NM2/7U/3f8vab84Ri0/DrzfZom2PY837Dc9u/UPNL2fiRJX5xoe1/at7eVeYbl/bv8
#o> pngQLn58esaZ8AAADhAAQMA4AAFDACAAxQwAAAOUMAAADhAAQMA4AAFDACAAxQwAAAOUMAAADhAAQMA4AAF
#o> pngDACAAxQwAAAO+DzPs++y3UiEQiEFAgFNeus8+eOiw7pPteczz/lwlG1D+LxrW5tndL7nE1P+o5yOpnyT
#o> png7eH9+3zTg5c+acpPfeAq84zUN4pMeS82xpRv88RWU16S/vFZB1O+400h8wxVVJrilU/bXrdRl1SY8pI0
#o> png6I3NpvyynV3NMyJ/Yfxw5rMd90trFtkeX1Lfe40XVziMj8jnX7XclL8kYLuISFqU35SXpAkFZ5ry657v
#o> pngbp7R5sXPws5WVpfpjc9nKxgMKiEhwTyrLnAGDACAAxQwAAAOUMAAADhAAQMA4AAFDACAAxQwAAAOUMAA
#o> pngADhAAQMA4AAFDACAAxQwAAAOUMAAADgQ5XoB9UFpVbSqq8Lb63jJ+p7mx4+91Lb/8FOjHjPP+P3s0aZ8
#o> pngZCjSlG87bZUpL0nX+q805TvN/9g8Qy0TTXFfqW2P43cL0015SerdpsCUf3uabe9oSVp9xiOm/Fn332DK
#o> pngNz2j2pSXpHYxq035sulp5hnzV88w5X/RdoApv7/avgd22pP/NuWnvGf7d5KkCX+zvS9NHfmhKX9ur+Gm
#o> pngvCR9eFdbU37dr+8zz+jVaUrY2eoDpdL15hF1ijNgAAAcqLcFvHLlSp1zzjlKS0uTz+fTokW1r1Jy+eWX
#o> pngy+fz1boNGzbM0WoBAKit3hZwSUmJevbsqZkzZ35vZtiwYdqxY0fN7bnnnjuKKwQA4PvV2+8BDx8+XMOH
#o> pngH/r7En6/XykpKUdpRQAAhK/engGHY8WKFUpKSlKXLl10zTXXaM+ePYfMl5WVKRQK1boBAFAXGmwBDxs2
#o> pngTM8884yWLVumP/zhD8rNzdXw4cNVVVX1vffJyclRIBCouaWn23/CFQCAcNTbL0H/kAsvvLDm/7t3764e
#o> pngPXqoY8eOWrFihQYPHnzQ+0ydOlXZ2dk1fw6FQpQwAKBONNgz4G/r0KGDWrZsqc2bN39vxu/3KyEhodYN
#o> pngAIC60GgKeNu2bdqzZ49SU1NdLwUAgPr7Jeji4uJaZ7NbtmzR+vXrlZiYqMTERE2bNk1jxoxRSkqK8vPz
#o> pngdeONN6pTp07KzMx0uGoAAL5Sbwv43Xff1RlnnFHz56+/dzt27FjNmjVLGzZs0NNPP629e/cqLS1NQ4cO
#o> png1V133SW/3+9qyQAA1PB5nue5XsSxKhQKKRAI6Pi//EaRTcMr7pTAPvOcbatam/JRJ9p/Pap0v22/6Sd/
#o> png/LQpP/0U2566krR3xImm/PPT7XvFfljewpS/7nnbnroRXYpNeUk67sVmpnyz7WXmGZ8Nb2Kbsc1nygdP
#o> pngLTXlJemEm7ab8vP+tdA8o4nPdk7x049te6Rv/sT+LaxWq237qo/89XLzjKU7bO9LTW+NM+XvnD/XlJek
#o> pngf+zvbMpfkPC+ecbkT0eFna0oKderw55UMBg8Zn6+p9F8DxgAgGMJBQwAgAMUMAAADlDAAAA4QAEDAOAA
#o> pngBQwAgAMUMAAADlDAAAA4QAEDAOAABQwAgAMUMAAADlDAAAA4UG+vhnQ0VVVGyKsMb0P1wuVtzI//0vj7
#o> pngTfl/l6WZZzzTp7sp//uyPqb8jmu6mfKSdP6Vtk3nkyPtV7Iaf/7PTPmq620XGWjydrwpL0mv3Ge7qMT8
#o> pngfcebZ1QZP7d+aPFPTfnYj2wXe5Ckvae3N+Uv6nm2ecZlb79nyv+k1SZT/vUTlpjykqTzbPGMV8aZRww/
#o> png+d+m/K9ffMOUX7G/kykvSUtuGWzKP9lrqHlGh/lfhJ2trLJf1KSucQYMAIADFDAAAA5QwAAAOEABAwDg
#o> pngAAUMAIADFDAAAA5QwAAAOEABAwDgAAUMAIADFDAAAA5QwAAAOODzPM9zvYhjVSgUUiAQ0MYPkxQfH97n
#o> pngKmf+M8s8J+2ZGFO+7Nrw9z/92pf7mprysbm2PY5TXy8y5SXpy4ds+aLNLc0zRpy63pR/dfXJpvztZy00
#o> png5SVp2krj5sCR9nfRBwc+b8rf+qfLTPn0V+yvQW3+1BRPW2Hfqv7tggxTvm3il6Z8RU6yKS9J/sISU776
#o> pngQ9v+1JK0c0I/Uz704wOmfNP1saa8JFU2s+UfH/uYecbke68JO1tVXqqNf7pFwWBQCQkJ5ll1gTNgAC5E
#o> pngdWAAABCISURBVAAcoIABAHCAAgYAwAEKGAAAByhgAAAcoIABAHCAAgYAwAEKGAAAByhgAAAcoIABAHCA
#o> pngAgYAwAEKGAAAB+y7nTdCw1+epIjYJmFlR532L/Pj/73bqaZ8ZbHtwgqSdFvPV03500/9zJS/+p/jTXlJ
#o> pngevyEp0z50R9MNs94P8d2cYXoH9k+J/1Z3FZTXpLuDkWa8s0/9pln3Hqc7YIPLT6oNOUj9uw15SXJ69DW
#o> pnglN9xpXmE2vmrTXlfVZwpv/u3+015SUq5N7yPHTUzxvc1z7jv14+b8tcssL2/NjtzpykvSQl32a7GcNeK
#o> pngK8wzktdtDDtb6ZWbH7+ucQYMAIADFDAAAA5QwAAAOEABAwDgAAUMAIADFDAAAA5QwAAAOEABAwDgAAUM
#o> pngAIADFDAAAA5QwAAAOODzPM9zvYhjVSgUUiAQ0KA+NysqKrz9XPe1s+/THFdwwJSPLthjnuE1te1Hm39Z
#o> pngK1O+zTL7Pqt7TvKb8vs62Pb5laS23XaY8k1G7jble/0zZMpL0sL8HqZ8+2u/NM+48s23bDOibcd9W5/h
#o> pngprwk7R18vCmfefNK84z8/S1N+R03dDDlq/22fbwlaXc32+t8f2v7h+TI9sWmfJO34k35A8n2NfU78wNT
#o> pngfteQKvOMkrNOCjtbWVGqNS/frmAwqISEBPOsusAZMAAADtTbAs7JyVGfPn0UHx+vpKQkjRw5Unl5ebUy
#o> pngpaWlysrKUosWLRQXF6cxY8aoqKjI0YoBAPivelvAubm5ysrK0urVq/X666+roqJCQ4cOVUlJSU1mypQp
#o> pngWrJkiRYsWKDc3Fxt375do0ePdrhqAAC+Um+vB7x06dJaf547d66SkpK0du1aDRw4UMFgUE8++aTmzZun
#o> pngM888U5I0Z84cnXDCCVq9erVOPdV2DV4AAI6kensG/G3BYFCSlJiYKElau3atKioqNGTIkJpM165d1bZt
#o> pngW61ateqgj1FWVqZQKFTrBgBAXWgQBVxdXa3JkyfrtNNOU7du3SRJhYWFiomJUfPmzWtlk5OTVVhYeNDH
#o> pngycnJUSAQqLmlp6fX+doBAI1TgyjgrKwsbdy4Uc8///z/9DhTp05VMBisuRUUFByhFQIAUFu9/R7w1yZO
#o> pngnKiXX35ZK1euVJs2bWrenpKSovLycu3du7fWWXBRUZFSUlIO+lh+v19+v+139gAAOBz19gzY8zxNnDhR
#o> pngCxcu1PLly5WRkVHr73v16qXo6GgtW7as5m15eXnaunWr+vfvf7SXCwBALfX2DDgrK0vz5s3T4sWLFR8f
#o> pngX/N93UAgoNjYWAUCAV111VXKzs5WYmKiEhISNGnSJPXv35+fgAYAOFdvC3jWrFmSpEGDBtV6+5w5c3T5
#o> png5ZdLkh588EFFRERozJgxKisrU2Zmph577LGjvFIAAL6LvaAP4eu9oIe8erWim8WEdZ8p6X83zxn38jhT
#o> png3ou274l8wgO7TPn//CLVlC9rVWnKS1Lb12z5yiY+84zi1ra9e1MffceU33NZH1NekuK32vbNDrUP77X3
#o> pngTUn/sD3f176yxJSfuOZiU16SUloETfn+SVvMM15a0c+U7/rgNlP+w5vTTHlJioirMOX7d7Qf97rXTjTl
#o> png2/+fbe/vvT0STXlJ2t/K9h1Ob7B9z/PQl+HvvV99oFTbrpnGXtAAADR2FDAAAA5QwAAAOEABAwDgAAUM
#o> pngAIADFDAAAA5QwAAAOEABAwDgAAUMAIADFDAAAA5QwAAAOEABAwDgQL29GtLRtGNRO0XGNAkrO+DmUvPj
#o> pngRyUdMOXT/mLfnN9XZbuAQ/u/2jbO39+mmSkvSbGFtuOu8tsurCBJ1VHhPW81+T4nmfK/v+UJU16SHhiY
#o> pngacp/OjLdPONAqyRTfmCTfaZ85zttrw9JKhiVYsrfPOkv5hm9zv7UlP/srJamfOiO1qa8JDXdXmXKb77d
#o> pngtiZJev6qB0z589pNtA2ItF1QQpJSl0ab8ie3tl+EYtN9XcPOVlZWyXbpjbrHGTAAAA5QwAAAOEABAwDg
#o> pngAAUMAIADFDAAAA5QwAAAOEABAwDgAAUMAIADFDAAAA5QwAAAOEABAwDgAHtBhyGy1FNktRdW9pRZ15kf
#o> pngv6qlbZ9mL8KWlyQv2vZU/+cG277LLf5q/1zuk0m2vWI7P1RmnrH75FhTvvB0vyl/f++BprwkFZ3fzpTv
#o> pngMvtL8wxf0R5TPnqi7fnedXqyKS9JF1y63JQ/99op5hm+CTtN+S7NbfkdP7O/BiO22vZJj/5HnHnG5Uts
#o> png/1aLb3rQlF9eEv6ey1+7dMgHpvxlQy83zwg8Ef7uzhUl5ZJtG/Y6xxkwAAAOUMAAADhAAQMA4AAFDACA
#o> pngAxQwAAAOUMAAADhAAQMA4AAFDACAAxQwAAAOUMAAADhAAQMA4AAFDACAA1yMIQxP3vSw4uLD+1xl4sVZ
#o> png5seP+uRzU775okrzjNWbOpjyN/ZYasovvud0U16SzrjhQ1P+nYTe5hkdXyw25T2f7fEH5G633UHSooKW
#o> pngpnxej0TzjMDHtvu8sn+VKV+aaPyHkhSh8C5o8rXdPWwXiJCkmNdSTfmVrVJM+RYfm+KSpC6/sl2U4J+r
#o> pngTzTPaPV+lSn/RVVTU/6pJ0eY8pL0UOehpvxfXpltnjFu3WVhZ6v2l5ofv65xBgwAgAMUMAAADlDAAAA4
#o> pngQAEDAOAABQwAgAMUMAAADlDAAAA4QAEDAOAABQwAgAMUMAAADlDAAAA44PM8z7ZBayMSCoUUCAQ0uNNk
#o> pngRUX6w7rPjNefMc8Z9e54Uz52aYJ5Rqs1X5rypzxt26d54eaeprwkle6ONeUfP2uOecbroW6m/L+vsu3D
#o> png+0VP+3PR5Evbvr1tb/rEPGPPkHJT/uOZJ5jyQ060b4p8duL7pvxd9/3CPOPCSX835d8cZXvdjvzralNe
#o> pngkhaNGWDKF/zUtle4JJ1z0Vum/Loru5vypSm2vaMlqflvtprvY/WfL8Pf87xqf5k+vmi6gsGgEhLs77d1
#o> pnggTNgAAAcqLcFnJOToz59+ig+Pl5JSUkaOXKk8vLyamUGDRokn89X6zZhwgRHKwYA4L/qbQHn5uYqKytL
#o> pngq1ev1uuvv66KigoNHTpUJSUltXLjxo3Tjh07am7Tp093tGIAAP6r3l4PeOnS2ternTt3rpKSkrR27VoN
#o> pngHDiw5u1NmzZVSortmp8AANS1ensG/G3BYFCSlJhY+5vyzz77rFq2bKlu3bpp6tSp2r9///c+RllZmUKh
#o> pngUK0bAAB1od6eAX9TdXW1Jk+erNNOO03duv33p14vvvhitWvXTmlpadqwYYNuuukm5eXl6aWXXjro4+Tk
#o> png5GjatGlHa9kAgEasQRRwVlaWNm7cqLfeqv2j+OPH//fXe7p3767U1FQNHjxY+fn56tix43ceZ+rUqcrO
#o> pngzq75cygUUnp6et0tHADQaNX7Ap44caJefvllrVy5Um3atDlktl+/fpKkzZs3H7SA/X6//P7wft8XAID/
#o> pngRb0tYM/zNGnSJC1cuFArVqxQRkbGD95n/fr1kqTU1NS6Xh4AAIdUbws4KytL8+bN0+LFixUfH6/CwkJJ
#o> pngUiAQUGxsrPLz8zVv3jyNGDFCLVq00IYNGzRlyhQNHDhQPXr0cLx6AEBjV28LeNasWZK+2mzjm+bMmaPL
#o> pngL79cMTExeuONNzRjxgyVlJQoPT1dY8aM0a233upgtQAA1FZvC/iHtrBOT09Xbm7uEZlV9kCFqpqF9xtb
#o> pngma9NMT9++tIfznxT8WH8WnNVfBNT/uzAelP++QO9TXlJittie/lNmv9L84yll95ryl8TYdsLes/gUlNe
#o> pngkrTb9nMGRQVtzSMyym17ed932gJTvmtMkSkvST9dPsmU7/TzbeYZZzWzHfeyx7ua8i9deoYpL0mf3GR7
#o> pngvqNiSn449C2LXrTtN93jUdte3ne0ftmUl6QyL9KUv/DPk80zOvw5/NdhZVWZ7DuY160G83vAAADUJxQw
#o> pngAAAOUMAAADhAAQMA4AAFDACAAxQwAAAOUMAAADhAAQMA4AAFDACAAxQwAAAOUMAAADhAAQMA4IDP+6Gr
#o> pngGjRioVBIgUBAhXnpSogP73OVPwU7mOe8MuZUU/6uV581z8ivaGXK/+ZvF5ryvuPKTXlJaroh1pRP/+NH
#o> png5hlF59s22/9p1kpTfnXPaFNekvaM62/Klx3nM88o7lBpyr+Y+agpP+4P15nykiTjYXS+NM884r3lXUz5
#o> pngtH/a/p22n2a/fk2HF/ea8lXNYswz8n9me19qstt27jVn3EOmvCSNf8D2Ggn1sV/YpGlcWdjZqv1l+uSS
#o> png3ysYDCohIcE8qy5wBgwAgAMUMAAADlDAAAA4QAEDAOAABQwAgAMUMAAADlDAAAA4QAEDAOAABQwAgAMU
#o> pngMAAADlDAAAA4wF7Qh/D1XtCDIkYryhfenr9fLrHvBd38d01N+b/Mf8w847Jzx5vyBcMCpnz7P39mykvS
#o> pngK++8Ysp3nD/BPMOXFP5esZLUOftzU77lIvv+tZ/ferwpf/MTc80z7hl3uSkfUVFtyket+8SUl6T823qY
#o> png8hVJFeYZJ9xkex12es22T/PfXuttyktSxXG2f1v/7kjzjKj9tnxxZ9ve7V1mHbANkFTdxLZP+tinlphn
#o> png/LhJ+M/3vn3VOuWknewFDQBAY0cBAwDgAAUMAIADFDAAAA5QwAAAOEABAwDgAAUMAIADFDAAAA5QwAAA
#o> pngOEABAwDgAAUMAIADFDAAAA5wMYZD+PpiDCdcc48i/U3Cuk/c9irznOJLQqZ81erjzDPaPLjWdodunUzx
#o> pngmAf22B5f0o59tg3RW4yxX/ChbFB3U96L9Nkef9IXprwkBc6xHUdk2zbmGae8lG/Kv/OrH5nyu39jvwhF
#o> png/BO2C3zEfVBknlHcLdmUP+5623MxMvk9U16S9lbZLrby5NwR5hnNzthpy99ney5KUm0XVpCk3/32j6b8
#o> png9ONPNs+ISksJO1tZXaY3Pp/NxRgAAGjsKGAAAByggAEAcIACBgDAAQoYAAAHKGAAAByggAEAcIACBgDA
#o> pngAQoYAAAHKGAAAByIcr2AY9nXu3RWlYe/7V5lhX0ryqr9ZbZ8mX0bwEqvwnaHKtuafCXltseX/bjNxyCp
#o> pngstL2b+VV27airCqxHYNkPw6v2j6jrNg2w/rvZH3uJKmywjaj8jCO2zqjwvi6PVBcacpLUmmV7T6H8/5t
#o> pngfR2an+9y+8e1kn22+xzO+7cMr5HK6q+e62Np92X2gj6Ebdu2KT093fUyAABHSEFBgdq0se+vXhco4EOo
#o> pngrq7W9u3bFR8fL5/vv2dGoVBI6enpKigoOGY29T4aOG6OuzHguBvmcXuep3379iktLU0REcfGd1/5EvQh
#o> pngREREHPIzpYSEhAb5Qv0hHHfjwnE3Lg35uAMB21Wg6tqx8WkAAACNDAUMAIADkXfeeeedrhdRH0VGRmrQ
#o> pngoEGKimpcX8XnuDnuxoDjblzH7Qo/hAUAgAN8CRoAAAcoYAAAHKCAAQBwgAIGAMABChgAAAcoYAAAHKCA
#o> pngAQBwgAIGAMABChgAAAcoYAAAHKCAAQBwgAIGAMABChgAAAcoYAAAHKCAAQBwgAIGAMABChgAAAcoYAAA
#o> pngHKCAAQBwgAIGAMABChgAAAcoYAAAHKCAAQBwgAIGAMABChgAAAcoYAAAHKCAAQBwgAIGAMABChgAAAco
#o> pngYAAAHKCAAQBwgAIGAMABChgAAAcoYAAAHKCAAQBwgAIGAMCB/wcaD7QaAmc4AgAAAABJRU5ErkJggg==
#o> png}}}
#o> png{{{
#o> pngiVBORw0KGgoAAAANSUhEUgAAAeAAAAHgCAYAAAB91L6VAAAABHNCSVQICAgIfAhkiAAAAAlwSFlzAAAP
#o> pngYQAAD2EBqD+naQAAADh0RVh0U29mdHdhcmUAbWF0cGxvdGxpYiB2ZXJzaW9uMy4yLjIsIGh0dHA6Ly9t
#o> pngYXRwbG90bGliLm9yZy+WH4yJAAAgAElEQVR4nO3deXiU5fn28TPrsCUDYckiAcIuq1XZfiqiIBAUQXhb
#o> pngQLSACKLBAqlisQq4tKlolWpRWhfQVlRsBSpVqiKLKGAFKaWFCBFZJAmLkiGBLGSe9w8P0kYR57IkN0m+
#o> pngn+OYQzM5Z677yUxyZpJwP2Ge53kCAACVKtz1AgAAqIkoYAAAHKCAAQBwgAIGAMABChgAAAcoYAAAHKCA
#o> pngAQBwgAIGAMABChgAAAcoYAAAHKCAAQBwgAIGAMABChgAAAcoYAAAHKCAAQBwgAIGAMABChgAAAcoYAAA
#o> pngHKCAAQBwgAIGAMABChgAAAcoYAAAHKCAAQBwgAIGAMABChgAAAcoYAAAHKCAAQBwgAIGAMABChgAAAco
#o> pngYAAAHKCAAQBwgAIGAMABChgAAAcoYAAAHKCAAQBwgAIGAMABChgAAAcoYAAAHKCAAQBwgAIGAMABChgA
#o> pngAAco4O9h3rx5atGihWrVqqUePXroww8/dL2kCjV79myFhYWVu7Rv3971ss66tWvXavDgwUpKSlJYWJiW
#o> pngLl1a7v2e52nmzJlKTExU7dq11a9fP+3cudPRas+e7zrusWPHfuPxHzhwoKPVnh0ZGRnq1q2bYmJi1KRJ
#o> pngEw0dOlSZmZnlMoWFhUpLS1PDhg1Vr149DR8+XLm5uY5WfHaEctx9+vT5xuM9adIkRyuu3ihgo1deeUXp
#o> png6emaNWuWNm/erK5du2rAgAE6ePCg66VVqI4dOyo7O7vssm7dOtdLOusKCgrUtWtXzZs377TvnzNnjh5/
#o> png/HHNnz9fGzduVN26dTVgwAAVFhZW8krPru86bkkaOHBgucf/pZdeqsQVnn1r1qxRWlqaNmzYoLffflsl
#o> pngJSXq37+/CgoKyjLTpk3T66+/rldffVVr1qzRgQMHNGzYMIer/t+FctySNGHChHKP95w5cxytuJrzYNK9
#o> pnge3cvLS2t7O3S0lIvKSnJy8jIcLiqijVr1iyva9eurpdRqSR5S5YsKXs7GAx6CQkJ3sMPP1x23dGjRz2f
#o> pngz+e99NJLLpZYIb5+3J7neWPGjPGGDBniaEWV4+DBg54kb82aNZ7nffXYRkVFea+++mpZZvv27Z4kb/36
#o> png9a6WedZ9/bg9z/Muv/xyb8qUKQ5XVXPwCtiguLhYmzZtUr9+/cquCw8PV79+/bR+/XqHK6t4O3fuVFJS
#o> pngklq2bKnRo0dr7969rpdUqXbv3q2cnJxyj73f71ePHj2q/WMvSatXr1aTJk3Url073XrrrTpy5IjrJZ1V
#o> pngeXl5kqS4uDhJ0qZNm1RSUlLu8W7fvr2aNWtWrR7vrx/3KS+++KIaNWqkTp06acaMGTp+/LiL5VV7ka4X
#o> pngUJUcPnxYpaWlio+PL3d9fHy8duzY4WhVFa9Hjx5auHCh2rVrp+zsbN1333267LLLtG3bNsXExLheXqXI
#o> pngycmRpNM+9qfeV10NHDhQw4YNU0pKirKysnT33XcrNTVV69evV0REhOvl/c+CwaCmTp2qSy65RJ06dZL0
#o> png1eMdHR2t+vXrl8tWp8f7dMctSddff72aN2+upKQkbd26VXfddZcyMzP12muvOVxt9UQB4zulpqaW/X+X
#o> pngLl3Uo0cPNW/eXIsXL9b48eMdrgyVYeTIkWX/37lzZ3Xp0kWtWrXS6tWr1bdvX4crOzvS0tK0bdu2avl3
#o> pngDWfybcc9ceLEsv/v3LmzEhMT1bdvX2VlZalVq1aVvcxqjR9BGzRq1EgRERHf+EvI3NxcJSQkOFpV5atf
#o> pngv77atm2rXbt2uV5KpTn1+Nb0x16SWrZsqUaNGlWLx3/y5Mlavny5Vq1apaZNm5Zdn5CQoOLiYh09erRc
#o> pngvro83t923KfTo0cPSaoWj/e5hgI2iI6O1kUXXaSVK1eWXRcMBrVy5Ur16tXL4coqV35+vrKyspSYmOh6
#o> pngKZUmJSVFCQkJ5R77QCCgjRs31qjHXpL279+vI0eOVOnH3/M8TZ48WUuWLNG7776rlJSUcu+/6KKLFBUV
#o> pngVe7xzszM1N69e6v04/1dx306W7ZskaQq/Xifq/gRtFF6errGjBmjiy++WN27d9fcuXNVUFCgcePGuV5a
#o> pnghbnjjjs0ePBgNW/eXAcOHNCsWbMUERGhUaNGuV7aWZWfn1/uu/zdu3dry5YtiouLU7NmzTR16lQ9+OCD
#o> pngatOmjVJSUnTvvfcqKSlJQ4cOdbjq/92ZjjsuLk733Xefhg8froSEBGVlZWn69Olq3bq1BgwY4HDV/5u0
#o> pngtDQtWrRIy5YtU0xMTNnvdf1+v2rXri2/36/x48crPT1dcXFxio2N1e23365evXqpZ8+ejlf//X3XcWdl
#o> pngZWnRokUaNGiQGjZsqK1bt2ratGnq3bu3unTp4nj11ZDrP8Ouip544gmvWbNmXnR0tNe9e3dvw4YNrpdU
#o> pngoUaMGOElJiZ60dHR3nnnneeNGDHC27Vrl+tlnXWrVq3yJH3jMmbMGM/zvvqnSPfee68XHx/v+Xw+r2/f
#o> pngvl5mZqbbRZ8FZzru48ePe/379/caN27sRUVFec2bN/cmTJjg5eTkuF72/+R0xyvJW7BgQVnmxIkT3m23
#o> png3eY1aNDAq1Onjnfdddd52dnZ7hZ9FnzXce/du9fr3bu3FxcX5/l8Pq9169benXfe6eXl5bldeDUV5nme
#o> pngV5mFDwAA+B0wAABOUMAAADhAAQMA4AAFDACAAxQwAAAOUMAAADhAAQMA4AAF/D0UFRVp9uzZKioqcr2U
#o> pngSsVxc9w1Acdds47bJTbi+B4CgYD8fr/y8vIUGxvrejmVhuPmuGsCjrtmHbdLvAIGAMABChgAAAc4G9IZ
#o> pngBINBHThwQDExMQoLCyu7PhAIlPtvTcFxc9w1AcddPY/b8zwdO3ZMSUlJCg8/N1578jvgM9i/f7+Sk5Nd
#o> pngLwMAcJbs27dPTZs2db0MSbwCPqOYmBhJUs9Lf6bISF9It4lav908J/iDtqb8pzfZv3vz7axlyv9q9EJT
#o> pngfmthM1Nekpb8/gpTvvbhoHnGseQIU77gghOmfPxfo015SfpyeIEpH7bF/gcxJ5qXmPK+A1GmvP9T+2Px
#o> png7KzHTfnHDtqeH5K0/3bb83D0C2+b8ve/8UNTXpLmDl5gyr+X39484y/L/s+UT37sY1M+/2r7uYCz+9he
#o> png29VpfNw8o/4rdUPOlpYUatObvyj7un4uqPYFPG/ePD388MPKyclR165d9cQTT6h79+4h3fbUj50jI32K
#o> pngjAytwCLDbF/IJCkY4n2fEl7bXsARPtuMujG24qoVaT/uiGjbmiKj7F/0I3y24wivY/uiERllL+CIOqWm
#o> pngfJjxsZOk8Nq2447w2R6/iGj7YxETY3veRh+3f2wjI0L7RvmUOsbneXgt+2Nh/Vzy6Xt8LhmfI9avU5FR
#o> png3+c5aPtcsn5eSN9vXf/960TXzo0fhFeQV155Renp6Zo1a5Y2b96srl27asCAATp48KDrpQEAarhqXcCP
#o> pngPvqoJkyYoHHjxqlDhw6aP3++6tSpo+eee8710gAANVy1LeDi4mJt2rRJ/fr1K7suPDxc/fr10/r16097
#o> pngm6KiIgUCgXIXAAAqQrUt4MOHD6u0tFTx8fHlro+Pj1dOTs5pb5ORkSG/31924S+gAQAVpdoW8PcxY8YM
#o> png5eXllV327dvnekkAgGqq2v4VdKNGjRQREaHc3Nxy1+fm5iohIeG0t/H5fPL5bH9FCQDA91FtXwFHR0fr
#o> pngoosu0sqVK8uuCwaDWrlypXr16uVwZQAAVONXwJKUnp6uMWPG6OKLL1b37t01d+5cFRQUaNy4ca6XBgCo
#o> png4ap1AY8YMUKHDh3SzJkzlZOTowsuuEArVqz4xh9mAQBQ2dgL+gxOnR/zyk53hrzDzqCXTv9PnM5kYv1d
#o> pngpvz5SyebZ7T5g22Lxfzk2qZ8zJJNprwk3b/T9rGaPXCUecaOu23bOCYat5Y8cJV9954G8bZ/3vbjVhvN
#o> pngM16/va8pH7lqsykf3rGdKS9Jdy1bbMofKa1nn/HRMFPeuidSA79tG1FJqv9gHVP+wUXPmGeMe3qKKR9R
#o> pngaLv//BT787z9z23b8pa2b26e0eCxz0POlhQUa+lVC8+p8x1X298BAwBwLqOAAQBwgAIGAMABChgAAAco
#o> pngYAAAHKCAAQBwgAIGAMABChgAAAcoYAAAHKCAAQBwgAIGAMABChgAAAc4GcMZnDoZQ7/zJikyPLSTMXwy
#o> pngp7F5TtJLthMAfNnWfhKrutlBU76wge17s+QffWrKS9LBp1uY8rlXnjTPiDwYZco36HzYlH++4/OmvCTN
#o> png2j/YlD98f4p5hm/tNlP+2NVdTfmcYcWmvCS1TbM9Rz6593zzDCXazjJQf5XtpCM9J9pOWiFJn45KMuXD
#o> pngCmwnTpGk2ottnxtbPmxtyjftnGPKS1LuOttxN/6H/fP76gdXhZwtzC/R/T3f4WQMAADUdBQwAAAOUMAA
#o> pngADhAAQMA4AAFDACAAxQwAAAOUMAAADhAAQMA4AAFDACAAxQwAAAOUMAAADhg31S4BuqyeL989ULbU7jw
#o> pngcIT5/gtrJZryBT+w7xUbUWTb8zbp9X2m/D13vG7KS9KsLTea8ot/+Yx5Rv8F0015f0ZdU37QDVNNeUl6
#o> png5MqXTflXZppHqGNMwJRfvu9LUz7ZV2TKS9Lw9Zmm/PM/a2eeceBS2/M8Zm+JKf/rpHWmvCTtX2n7WE3u
#o> pngMMA8I7+kvin/p2G/MeWn33CLKS9JheNt+4U/Mu4p84xZHS8POXvSs+9fXtF4BQwAgAMUMAAADlDAAAA4
#o> pngQAEDAOAABQwAgAMUMAAADlDAAAA4QAEDAOAABQwAgAMUMAAADlDAAAA4QAEDAOAAJ2MIwUdfNFNkkS+k
#o> pngbMHCJPP9z59j2xi9eWSpecYXlwVN+dSmd5ryO4sTTHlJuu7Vtab88Fm2NUnSpDveMOX/Nuc8Uz7itjam
#o> pngvCQ9MWWEKV/nU9uJEiTpw0BoJw85JfYPhab80VdtHydJ+uvozqZ8vQ92m2fENWhtyn92ne01yMyD3Ux5
#o> pngSXr38V6mfMHzx8wzHm72J1N+5N9vNuUT/LbnkyS1u3WrKf/ZPxuZZ3glJ0PPevavmxWNV8AAADhAAQMA
#o> png4AAFDACAAxQwAAAOUMAAADhAAQMA4AAFDACAAxQwAAAOUMAAADhAAQMA4AAFDACAA+wFHYKbzntfdWIi
#o> pngQsre2WuU+f7rhIe+n6kk/fpIT/OMB5v805SvuzfMlH8/YN8Tee2fLjTli9p75hlP77jElL//49dN+Wvq
#o> pngrjblJWlam8tM+TVLbB8nSfLCmpjyXWrvMOVPfm7fV7dwfIwpn/0j+/7itb6w7Xkev872GmTjX+x7QTd6
#o> pngb5sp3/APJ8wz+u2x7R8dvtX2WHzR3hSXJMX+xLZf+PzJtr3CJWlh1tyQs8eOBdWlg3lEheIVMAAADlTr
#o> pngAp49e7bCwsLKXdq3/x7fygEAcJZV+x9Bd+zYUe+8807Z25GR1f6QAQBVQLVvo8jISCUk2H+XBABARarW
#o> pngP4KWpJ07dyopKUktW7bU6NGjtXfv3m/NFhUVKRAIlLsAAFARqnUB9+jRQwsXLtSKFSv01FNPaffu3brs
#o> pngsst07Njp/2IwIyNDfr+/7JKcnFzJKwYA1BTVuoBTU1P1wx/+UF26dNGAAQP0xhtv6OjRo1q8ePFp8zNm
#o> pngzFBeXl7ZZd++fZW8YgBATVHtfwf83+rXr6+2bdtq165dp32/z+eTz+er5FUBAGqiav0K+Ovy8/OVlZWl
#o> pngxMRE10sBANRw1bqA77jjDq1Zs0afffaZPvjgA1133XWKiIjQqFH23aoAADibqvWPoPfv369Ro0bpyJEj
#o> pngaty4sS699FJt2LBBjRs3dr00AEANV60L+OWXXz4r9/P3ghT5wqJCyp7/q8/N93/d53ea8hnjFppnZJXk
#o> pngm/IFybZ9l1d+2taUl6QWq2z71y5fstA846oJk0z5C546YMr3/OhmU16SCk5Em/In4237G0tSs7/Z9mr+
#o> pngYpXtL/7DY+xrKomPNeUvv+lD84y1z9j2ak5YnGnKv7hluSkvSR8UxZnyyZFHzTMiZXtONV1ZYMpnX1rX
#o> pnglJekdvUPmvKfTbftiS9JE6+7JeTsydIiSb8yz6hI1fpH0AAAnKsoYAAAHKCAAQBwgAIGAMABChgAAAco
#o> pngYAAAHKCAAQBwgAIGAMABChgAAAcoYAAAHKCAAQBwgAIGAMCBan0yhrOlfuRx1YoM7WQMxzvazzXcZHOJ
#o> pngKT8l+QbzjIhY24zgeUWm/PnTvzTlJWnCO6tM+Sum3GaeEbvHtrH9zpKGpvzrP3jGlJekNSeam/K7i+xn
#o> png71rSsosp/0W235Tv8EC2KS9Je0Y3M+UPvtDdPCM213YSiujXQvu8PqXb4nRTXpLaPbrXlD/eKck8ozT9
#o> pngiCkf81muKT/1uS2mvCRlvDHUlA87GWae4aUXhpwNHg9K9nOnVCheAQMA4AAFDACAAxQwAAAOUMAAADhA
#o> pngAQMA4AAFDACAAxQwAAAOUMAAADhAAQMA4AAFDACAAxQwAAAOsBd0CGqFn1StEL9VyUuxf0jrDLHty6oD
#o> pngceYZCUuiTfk7Ml405T9almLKS9IvMgeZ8pMeWGaeUTfctqf14/v6mvJXx//TlJekpdkXmPInSmz7FUtS
#o> pngwQmfKd+nyw5TPjvetp+1JP1y/EJTvsSzfy4906WDKd/7/oOmfPGztj2zJSl3kO1j1X7cdvOMw1OSTfne
#o> pngb20z5Y8Fa5nykuRF2PKtfrrePCMwqmfI2dIST3vMEyoWr4ABAHCAAgYAwAEKGAAAByhgAAAcoIABAHCA
#o> pngAgYAwAEKGAAAByhgAAAcoIABAHCAAgYAwAEKGAAAByhgAAAcCPM8z3O9iHNVIBCQ3+9Xy+dnKKJOaJuR
#o> pngb/6/Z81zun84zpRv8Md65hlf3pBvyhccrGvKD+m22ZSXpE9G2DaQP+9F28b5kvTOxx1N+Y1XP2bKpz54
#o> pnghykvSUUDAqb8Kxc+Y54x/cpRpvwj7y4y5W/95HpTXpLq3HjclD/Sv5V5RsObjNvtjzxpiu94uKnt/iXV
#o> png/8B2YowTfW2fq5KUMt523OM/2mLK96tjPGGMpKCxWqbsH2iecfjmxJCzJ0uLtHL7I8rLy1NsbKx5VkXg
#o> pngFTAAAA5QwAAAOEABAwDgAAUMAIADFDAAAA5QwAAAOEABAwDgAAUMAIADFDAAAA5QwAAAOEABAwDgAHtB
#o> pngn8GpvaCvX3m9outFh3Sbzy8vsQ8K2h6Cwz++yDziaHtbfmAf297OW79Isg2QdHBD6Pu4SlLDfwXNM96f
#o> pngO9+U7/DkbaZ8MNr+6dPiddtevxf+/h/mGRuPtDDlgw83MeXrbDtgyktS3rOh7ad+yomSSPOMWn+IM+Vf
#o> pngeuQRU37ikFtMeUnaM9hvyi8fP8c849rfTTflI7p/acp7HzQw5SUp9jPb5+u7jz1hnnHhb6eEnC0tKtTO
#o> pngX9/NXtAAANR0VbaA165dq8GDByspKUlhYWFaunRpufd7nqeZM2cqMTFRtWvXVr9+/bRz505HqwUAoLwq
#o> pngW8AFBQXq2rWr5s2bd9r3z5kzR48//rjmz5+vjRs3qm7duhowYIAKCwsreaUAAHyT/Zcs54jU1FSlpqae
#o> png9n2e52nu3Lm65557NGTIEEnSCy+8oPj4eC1dulQjR46szKUCAPANVfYV8Jns3r1bOTk56tevX9l1fr9f
#o> pngPXr00Pr167/1dkVFRQoEAuUuAABUhGpZwDk5OZKk+Pj4ctfHx8eXve90MjIy5Pf7yy7JyckVuk4AQM1V
#o> pngLQv4+5oxY4by8vLKLvv27XO9JABANVUtCzghIUGSlJubW+763Nzcsvedjs/nU2xsbLkLAAAVoVoWcEpK
#o> pngihISErRy5cqy6wKBgDZu3KhevXo5XBkAAF+psn8FnZ+fr127dpW9vXv3bm3ZskVxcXFq1qyZpk6dqgcf
#o> pngfFBt2rRRSkqK7r33XiUlJWno0KEOVw0AwFeqbAF/9NFHuuKKK8reTk9PlySNGTNGCxcu1PTp01VQUKCJ
#o> pngEyfq6NGjuvTSS7VixQrVqmXbDg8AgIrAXtBncGov6D9taau6MREh3eaXt481zwkvse2Z6lv3L/OM3MXN
#o> pngTfngOw1N+Z+lvWTKS9LMJbZ/j/3BaNu+vZI0alSaKT/huSWm/LpAW1NekoKe7Tc/XerZ/xjw74EUU/79
#o> pngfbZ8i1n2Pc+93bbjePBfq80zRv99vCk/rI1tn+1X37rElJekNs8etN0gwv6bweO/sT0eB9+z7d2etM6+
#o> pnggdFnV4e2f/4pbR/KMs/Y8evQ/6VK8ESh9k28n72gAQCo6ShgAAAcoIABAHCAAgYAwAEKGAAAByhgAAAc
#o> pngoIABAHCAAgYAwAEKGAAAByhgAAAcoIABAHCAAgYAwAFOxnAGp07G0G3oA4qMCu0sSn3u+cA8563HLjXl
#o> png81qbR6jFzA2mfGR8E1N+7w2tTHlJKmxsfOolnzDPaLTcdvarOjcdMOVvSn7flJekv+fbTnyQ2dtnnrFr
#o> pngZhdTvu3vsk35/I6254ckvTV/nik/dNCPzTM+GeM35aOaFpjyzRt+acpL0ie7E0z5thM2mWccuamnKf9F
#o> pngV9sJYM5/+HNTXpKyrwn9RAmSFP+87cQYkhTuD/2kCieDxXon5/ecjAEAgJqOAgYAwAEKGAAAByhgAAAc
#o> pngoIABAHCAAgYAwAEKGAAAByhgAAAcoIABAHCAAgYAwAEKGAAAByJdL6AqCDSPUIQvIqTs5tEdzPd/6Kcl
#o> pngpnyL5EPmGd0+PmnKb5h2nimftPaYKS9JkYdtt9n76zrmGf6bbR+rsEFHTPkLd+wz5SXpxZ62fZp3/LqN
#o> pngecb57faY8mOus+1p/cKB/zPlJemXhy8w5Q/2rG+eMb7fu6b8+6m2PczT1/7NlJekm3fdZMpfuTXfPOO5
#o> pngpbZ8TLOAKb/9Z7avB5J0cddPTPmCv9gfb6+oKPRs0PZ1tjLwChgAAAcoYAAAHKCAAQBwgAIGAMABChgA
#o> pngAAcoYAAAHKCAAQBwgAIGAMABChgAAAcoYAAAHKCAAQBwgAIGAMABTsYQgvq7TioyKrSTGQRrR5nv/5FL
#o> pngF5vyv739R+YZdz77sil/ZZtLTfmG/wqa8pLU6c+fmfIHP29rnrHr42RTvvSJJFP+rj32DeSP97Stafe1
#o> pngvzfPyAueMOWv2DzWlI97rK4pL0kr76ptyics+9Q8473nG5jy+YNsj8VtL0805SXpoR8uMuVfzulunnHR
#o> pnglTtM+S1vnm/K1z/smfKSlPlJO1P+ww9/Y54xtP2VIWc9r9h8/xWNV8AAADhAAQMA4AAFDACAAxQwAAAO
#o> pngUMAAADhAAQMA4AAFDACAAxQwAAAOUMAAADhAAQMA4AAFDACAA2Ge59k3+awhAoGA/H6/nt58oerUiwjp
#o> pngNndvuM48x/dpLVP+/L47zTO2bmxtyj805EVTvmFEvikvSbc9N8mUb7DTvt907pAiU/6PvZ4x5X8+wb43
#o> pngcPattjWFh9s/RTs0yTHl829pZMqHzwuY8pI0o9lfTfn7bhhnnlHcINqUXzLftv/wiJG3mfKSdP2zb5jy
#o> pngDy4fZp6R9J7tc2Pyw6+Y8jNfGm3KS1Jxg1JT3v9JaF9j/9uxXqHveR48Xqg9Nz+gvLw8xcbGmmdVBF4B
#o> pngAwDgQJUt4LVr12rw4MFKSkpSWFiYli5dWu79Y8eOVVhYWLnLwIEDHa0WAIDyqmwBFxQUqGvXrpo3b963
#o> pngZgYOHKjs7Oyyy0svvVSJKwQA4NtV2fMBp6amKjU19YwZn8+nhISESloRAAChq7KvgEOxevVqNWnSRO3a
#o> pngtdOtt96qI0eOnDFfVFSkQCBQ7gIAQEWotgU8cOBAvfDCC1q5cqUeeughrVmzRqmpqSot/fa/zMvIyJDf
#o> png7y+7JCcnV+KKAQA1SZX9EfR3GTlyZNn/d+7cWV26dFGrVq20evVq9e3b97S3mTFjhtLT08veDgQClDAA
#o> pngoEJU21fAX9eyZUs1atRIu3bt+taMz+dTbGxsuQsAABWhxhTw/v37deTIESUmJrpeCgAAVfdH0Pn5+eVe
#o> pngze7evVtbtmxRXFyc4uLidN9992n48OFKSEhQVlaWpk+frtatW2vAgAEOVw0AwFeqbAF/9NFHuuKKK8re
#o> pngPvW72zFjxuipp57S1q1b9fzzz+vo0aNKSkpS//799cADD8jn87laMgAAZdgL+gxO7QV9xUUzFBkR2n7N
#o> pngn18eY56zdsojpvy1U6aZZxwf96UpH7a0oSnfc9JmU16SPh3bwpR/ccUC84yeC39qyiduOGnK192015SX
#o> pngpJMt4k35naNrm2c0+Kftt0s3TnnTlP/9y4NMeUlqtNX2sT04OvR9fk9p0egLU977WZx5hlX4vz415f1v
#o> png2V8kfHrU9vl69J+2vb/vGLLMlJek7OL6pvwLW3uYZ2T0eC3k7PFjpRp/4Rb2ggYAoKajgAEAcIACBgDA
#o> pngAQoYAAAHKGAAAByggAEAcIACBgDAAQoYAAAHKGAAAByggAEAcIACBgDAAQoYAAAHquzZkCpTSb1oeZHR
#o> pngIWWTl+WY7/+aPbaTK/jX7DTP2N+vtSn/xr2/NuXTO15lyktSWLOgKW89sYIkLb3Rdhw//tQ2Y9/PUkx5
#o> pngSWp7779M+XbPJptnLP3r86b8sWCxKf/mA7aN9iXp6b3rTPlrNk8wz7ipqW3GvYOvN+VL/LbnrCSFF3Ux
#o> png5RvlHTLPaDgjwpb/5GNT/tl/DzHlJanBWNuJSlKeCzPP+E3jviFnTxYUSdpinlGReAUMAIADFDAAAA5Q
#o> pngwAAAOEABAwDgAAUMAIADFDAAAA5QwAAAOEABAwDgAAUMAIADFDAAAA5QwAAAOMBe0CH4w/zfKSYmtO9V
#o> pngbrh0hPn+gzcdNuV3d2xvnvFQvxdN+SnX32rKly770pSXpGFJG0z5gXW3m2eM23GjKf9lJ8+Uj0oqMOUl
#o> pngadymrab8Xe+3Nc8Y2uoyU/6RHatM+eK3m5vykjTq3y1N+UZP1jXPePgnA0z56IBt/+G6XY+a8pKUkG7b
#o> pngZ/vQ3CjzjDdXvGzKD+pwuSm/8pePmfKS1PO36ab8zN/ZvkZJ0sZjrULOFtUu0UfmCRWLV8AAADhAAYAK
#o> pngXdgAABB6SURBVAMA4AAFDACAAxQwAAAOUMAAADhAAQMA4AAFDACAAxQwAAAOUMAAADhAAQMA4AAFDACA
#o> pngAxQwAAAOhHmeZ9t9vgYJBALy+/1q+uRshdeuFdJterT71DxnZJMPTfl7nvmxeUatw7aHOXL4IVM+9bx/
#o> pngm/KStL+wgSkf7wuYZ/z5NdtJCcb+8G1Tfs3/62rKS9L2aXGmfNtJtueHJB0Z38uUP1nXdlKCUp8pLklq
#o> pngMmC/KX/ozabmGcV+2/M8YeNJU/7L1vYTJTT4pMSUr/vxXvOMnY8lmPJxfttJRPIKapvyklS6s54pX/uQ
#o> png7TkoSdMnvRJy9kT+Sd1y4Sbl5eUpNjbWPKsi8AoYAAAHKGAAAByggAEAcIACBgDAAQoYAAAHKGAAAByg
#o> pnggAEAcIACBgDAAQoYAAAHKGAAAByggAEAcCDS9QKqgrCCCIUFI0LKblrXznz/R2fa9mX1jbVv310Sa9tn
#o> pngtWh1E1P++U72vVW9AtvTL6pBoXnGFdd8bMqXerbvSSN/n2/KS9J7KQtN+Zsj+5hn1M8qMuUjVm825Q8u
#o> pnga2/KS9LdKX815e//ZLx5xhNPPG7K/+zxq035p+a9bspL0vVz7jDl6+4Ibd/5/+btq2PKRy22zahfy75P
#o> pngc9C4bfbAn64xz7hn1fCQs8EThZI2mWdUJF4BAwDgQJUt4IyMDHXr1k0xMTFq0qSJhg4dqszMzHKZwsJC
#o> pngpaWlqWHDhqpXr56GDx+u3NxcRysGAOA/qmwBr1mzRmlpadqwYYPefvttlZSUqH///ioo+M+Pc6dNm6bX
#o> pngX39dr776qtasWaMDBw5o2LBhDlcNAMBXquzvgFesWFHu7YULF6pJkybatGmTevfurby8PD377LNatGiR
#o> pngrrzySknSggULdP7552vDhg3q2bOni2UDACCpCr8C/rq8vDxJUlzcVyc737Rpk0pKStSvX7+yTPv27dWs
#o> pngWTOtX7/+tPdRVFSkQCBQ7gIAQEWoFgUcDAY1depUXXLJJerUqZMkKScnR9HR0apfv365bHx8vHJyck57
#o> pngPxkZGfL7/WWX5OTkCl87AKBmqhYFnJaWpm3btunll1/+n+5nxowZysvLK7vs27fvLK0QAIDyquzvgE+Z
#o> pngPHmyli9frrVr16pp06Zl1yckJKi4uFhHjx4t9yo4NzdXCQkJp70vn88nn89X4WsGAKDKvgL2PE+TJ0/W
#o> pngkiVL9O677yolJaXc+y+66CJFRUVp5cqVZddlZmZq79696tWrV2UvFwCAcqrsK+C0tDQtWrRIy5YtU0xM
#o> pngTNnvdf1+v2rXri2/36/x48crPT1dcXFxio2N1e23365evXrxF9AAAOeqbAE/9dRTkqQ+ffqUu37BggUa
#o> pngO3asJOmxxx5TeHi4hg8frqKiIg0YMEBPPvlkJa8UAIBvCvM8z76xcA0RCATk9/t1wfW/UER0aHunHk21
#o> png7essSe0TD5ryR37b3DzjaOvQ9rI+pfnSQ6b8ybi6prwkFc7MM+Vr3e83z9g1yvY7/fYdjX94N8H+NwPb
#o> png725oyjd93fbYSdKfH3/UlL/kJdt+xTcMsO/bu3DjJaZ8+5/uMM/Y93wzU/6Ni39nyvddN9mUl6SbO79v
#o> pngyneqbf/jz4dvv9GUDy8JmvKfTygx5SUpcks9U/62G+37bHf0fR5ytuBYqa7tmqW8vDzFxtr3rq8IVfZ3
#o> pngwAAAVGUUMAAADlDAAAA4QAEDAOAABQwAgAMUMAAADlDAAAA4QAEDAOAABQwAgAMUMAAADlDAAAA4QAED
#o> pngAOBAlT0bUmUqqRumYHRYSNmkP9g35295/2FT/khYC/OMsaP/ZsovCB9gysdeYjuhhCQ1vKXUlN/9yEnz
#o> pngjKjttU35zP3xpnzrOPuaerT71JQffMk/zDNGjp9iyrf9JPRN7SVp/c9tG+1LUsyr+aZ81tMp3x36mpJD
#o> pngts+/H0+aZsrX6hBlykvS096lthvkfI8TfDwzz5S/dsBoU75pw+OmvCTlBm3PkXmLBptntL4q9M+lkoJi
#o> pngSVnmGRWJV8AAADhAAQMA4AAFDACAAxQwAAAOUMAAADhAAQMA4AAFDACAAxQwAAAOUMAAADhAAQMA4AAF
#o> pngDACAA+wFHQL/NQcUWTe0/Vnf6vCa+f6HXDXKlK9fmGOesf6LlqZ8YdtCU77BwkamvCSpZK8pnjL1S/OI
#o> pngKatfMeUfHn+DKf9FJ/ueyEUPtjLlH2nZ3jwj8R+7TPnt99j2XW7/oO35IUnXtthmyq+7u6d5xp5rQ9uz
#o> png/ZT03/zRlJ+93b5fcf5+vynf8N+2Y5CkXrMnm/JRD9v2bl93/lJTXpJ6FY0w5Q9l2z5OkhQdHvpe7GGG
#o> pngbGXhFTAAAA5QwAAAOEABAwDgAAUMAIADFDAAAA5QwAAAOEABAwDgAAUMAIADFDAAAA5QwAAAOEABAwDg
#o> pngAAUMAIADnIwhBNmbExVeq1ZI2SGj+pvvf/tDsab8B1fNNc8YMyLNlG9+/xFTPuJQQ1Nekv59T1NTvsND
#o> png9pNQ/GTRzab8JQ/905Q/8nxnU16Sjk8+asqnJmWaZ4y880NT/idpt5vy+8a0NuUlKTiusSm/cvnvzDP+
#o> pngVVJsyg9Z8RNT/q7efzXlJWnOnmtM+eOpx8wzUqbZnlMJ4235wVeNNOUlaeTij0z5zxPqm2dsDySEnD15
#o> png0jPff0XjFTAAAA5QwAAAOEABAwDgAAUMAIADFDAAAA5QwAAAOEABAwDgAAUMAIADFDAAAA5QwAAAOEAB
#o> pngAwDgQJjneefeBpnniEAgIL/fryvrjlJkWHRIt/liWBfznKjjQVO+IDHCPCNp2V5T/pH3Fpvyg96eYspL
#o> pngUpP3bFuRH48PM88oqWfLl7Y5bssf9tkGSHp18BOm/IjXbPsVS1LmyCdN+YWBJFN+0eSrTXlJevzZ35ry
#o> pngd/a/wTzj8j9vNeUXPXeVKX/fbS+Y8pJU7Nk+X7efOM8843gwtK9Pp6x+rJcp32jlHlNekvbc0MKUT1pb
#o> pngYJ5R+sCXIWdPFhRp3bXzlJeXp9hY2/77FYVXwAAAOFBlCzgjI0PdunVTTEyMmjRpoqFDhyozs/xZY/r0
#o> png6aOwsLByl0mTJjlaMQAA/1FlC3jNmjVKS0vThg0b9Pbbb6ukpET9+/dXQUH5H2NMmDBB2dnZZZc5c+Y4
#o> pngWjEAAP9RZc8HvGLFinJvL1y4UE2aNNGmTZvUu3fvsuvr1KmjhITQzxkJAEBlqLKvgL8uLy9PkhQXF1fu
#o> png+hdffFGNGjVSp06dNGPGDB0//u1/ZFNUVKRAIFDuAgBARaiyr4D/WzAY1NSpU3XJJZeoU6dOZddff/31
#o> pngat68uZKSkrR161bdddddyszM1GuvvXba+8nIyNB9991XWcsGANRg1aKA09LStG3bNq1bt67c9RMnTiz7
#o> png/86dOysxMVF9+/ZVVlaWWrVq9Y37mTFjhtLT08veDgQCSk5OrriFAwBqrCpfwJMnT9by5cu1du1aNW3a
#o> png9IzZHj16SJJ27dp12gL2+Xzy+ez/rhMAAKsqW8Ce5+n222/XkiVLtHr1aqWkpHznbbZs2SJJSkxMrOjl
#o> pngAQBwRlW2gNPS0rRo0SItW7ZMMTExysnJkST5/X7Vrl1bWVlZWrRokQYNGqSGDRtq69atmjZtmnr37q0u
#o> pngXey7VQEAcDZV2QJ+6qmnJH212cZ/W7BggcaOHavo6Gi98847mjt3rgoKCpScnKzhw4frnnvucbBaAADK
#o> pngYy/oMzi1F3Sn8b9QRHStkG6z6p5HzXMu++gmU/7G1h+aZ6wacbEpP/q1d0z5jtEHTHlJ+n9/mmrKhze1
#o> png7dMsSVe0+sSU3z2lrSmf9aPaprwk1cm2/eu/pm8dNc/I7l3flE96ZZcpHzyaZ8pLUlib7/410X97/s1n
#o> pngzTN6vGl7Tv09da4pf9nTd5rykhSzx/Yl9sgP7F+So7+0Pada/sH2+brvUfvzvNGTdU357AlF5hm1fcUh
#o> pngZ0uPF2nbiEfYCxoAgJqOAgYAwAEKGAAAByhgAAAcoIABAHCAAgYAwAEKGAAAByhgAAAcoIABAHCAAgYA
#o> pngwAEKGAAAByhgAAAcqLJnQ6pMjT86psiI0Db9HnXBNeb7v/JvO035Z5b1N89olZNpyo+sd8iUH9wl1ZSX
#o> pngpOavfG7Kv97+T+YZqZMmm/J1jh8z5dvNLzDlJelI98amfHiefUaDwcbbLCo1xXc+9APb/UvK+tF8U/6X
#o> pnghy80z/DVLzTlr/75HaZ82LUBU16SDsfbTkpQKzvCPKPFkiOm/G1vrTDlf7ponCkvSRFFtsfC916MeUaR
#o> png4UNbalxPZeAVMAAADlDAAAA4QAEDAOAABQwAgAMUMAAADlDAAAA4QAEDAOAABQwAgAMUMAAADlDAAAA4
#o> pngQAEDAOAAe0GH4Mrff6ha9UL7UG04mmK+/+Kg7WFocc8G84w9P+tlyrf/YztTvlXe3015SSp+so0pP+Wu
#o> pngK8wz6uy17d2749ZYUz5lSdCUl6T6f7Q9fvlXdzPP+Mv5vzHlH115sSn/bINlprwktX7xTlO+7e9yzDOK
#o> png7qxlyh+1PQX1047v2m4gadkdto9tZtp55hnBaNvXkFkZtr2dL7jJtpe8JG2Ktn0NqWN/uBV+MvSsZ8hW
#o> pngFl4BAwDgAAUMAIADFDAAAA5QwAAAOEABAwDgAAUMAIADFDAAAA5QwAAAOEABAwDgAAUMAIADFDAAAA5Q
#o> pngwAAAOMDJGEKw4K99FV4rtE3erxm40Xz/A/z/NOU77PnSPOM3h235NY/3NOUL32hqGyDp8PsRpvyOX3Uy
#o> pngzxj98nLbDbq1MMXv2rredv+Sbnn5FlM+ukOeeUa/LWNM+V+d/2dTvv+miaa8JEU0K7DdIC/fPCOsuIkp
#o> pngn/Ka7WQd717Z3pSXpO3Tkkz5pHa55hlhuw6Z8vGHbCcdOf7jaFNektrO/dR8G6uTuQdDz3olsp9SomLx
#o> pngChgAAAcoYAAAHKCAAQBwgAIGAMABChgAAAcoYAAAHKCAAQBwgAIGAMABChgAAAcoYAAAHGAryjPwPE+S
#o> pngFCwqDPk2Rfkl5jkF4aWm/LHooHmGdV2lxaEfsySdLCgy5SWptNA4o8T2cZKkE/knbTO8YlO+4Jh9TUHj
#o> pngcZce/x4f2yjbcVuP4/usKVhsfCyCtsdCkoInjM+pUttxlBRUwpq+x+eS9XkbHrTNCBbYv+YEg575NlYn
#o> pngvdC/rp3Knvq6fi4I886l1Zxj9u/fr+TkZNfLAACcJfv27VPTpva96ysCBXwGwWBQBw4cUExMjMLCwsqu
#o> pngDwQCSk5O1r59+xQba9vUvCrjuDnumoDjrp7H7Xmejh07pqSkJIWHnxu/feVH0GcQHh5+xu+UYmNjq+UT
#o> png9btw3DULx12zVOfj9vv9rpdQzrnxbQAAADUMBQwAgAMRs2fPnu16EVVRRESE+vTpo8jImvVTfI6b464J
#o> pngOO6addyu8EdYAAA4wI+gAQBwgAIGAMABChgAAAcoYAAAHKCAAQBwgAIGAMABChgAAAcoYAAAHKCAAQBw
#o> pnggAIGAMABChgAAAcoYAAAHKCAAQBwgAIGAMABChgAAAcoYAAAHKCAAQBwgAIGAMABChgAAAcoYAAAHKCA
#o> pngAQBwgAIGAMABChgAAAcoYAAAHKCAAQBwgAIGAMABChgAAAcoYAAAHKCAAQBwgAIGAMABChgAAAcoYAAA
#o> pngHKCAAQBwgAIGAMABChgAAAcoYAAAHPj/J72y4wQoLvMAAAAASUVORK5CYII=
#o> png}}}
#o> png{{{
#o> pngiVBORw0KGgoAAAANSUhEUgAAAeAAAAHgCAYAAAB91L6VAAAABHNCSVQICAgIfAhkiAAAAAlwSFlzAAAP
#o> pngYQAAD2EBqD+naQAAADh0RVh0U29mdHdhcmUAbWF0cGxvdGxpYiB2ZXJzaW9uMy4yLjIsIGh0dHA6Ly9t
#o> pngYXRwbG90bGliLm9yZy+WH4yJAAAgAElEQVR4nO3deXiU5dn+8XOyEkIyECAbBAigIKstQkQUUSghtCqK
#o> pngFrcK1hdFAwoRtbhCa3+pUNFKEVsV0FYWeRURVFxAoCqgYingKxEiCkgSBE0GAllInt8fHqTGIs5FSW6S
#o> pngfD/HMYcmOWeu+8lMcmYy4X58nud5AgAAtSrE9QIAAGiIKGAAAByggAEAcIACBgDAAQoYAAAHKGAAAByg
#o> pnggAEAcIACBgDAAQoYAAAHKGAAAByggAEAcIACBgDAAQoYAAAHKGAAAByggAEAcIACBgDAAQoYAAAHKGAA
#o> pngAByggAEAcIACBgDAAQoYAAAHKGAAAByggAEAcIACBgDAAQoYAAAHKGAAAByggAEAcIACBgDAAQoYAAAH
#o> pngKGAAAByggAEAcIACBgDAAQoYAAAHKGAAAByggAEAcIACBgDAAQoYAAAHKGAAAByggAEAcIACBgDAAQoY
#o> pngAAAHKOATMHPmTLVr106NGjVSWlqa3n//fddLqlGTJ0+Wz+erduncubPrZZ10a9as0UUXXaTk5GT5fD69
#o> png9NJL1T7ueZ7uv/9+JSUlKSoqSoMGDdK2bdscrfbk+bHjHjVq1H/c/0OGDHG02pMjOztbvXv3VkxMjOLj
#o> png4zVs2DDl5ORUy5SUlCgzM1PNmzdXkyZNNHz4cBUUFDha8ckRzHEPGDDgP+7vMWPGOFpx/UYBGy1cuFBZ
#o> pngWVl64IEH9NFHH6lnz55KT0/X3r17XS+tRnXt2lV5eXlVl3feecf1kk664uJi9ezZUzNnzjzmx6dOnarH
#o> pngHntMTzzxhNavX6/o6Gilp6erpKSklld6cv3YcUvSkCFDqt3/8+fPr8UVnnyrV69WZmam1q1bpzfffFPl
#o> png5eUaPHiwiouLqzITJkzQ0qVLtWjRIq1evVp79uzRZZdd5nDV/71gjluSRo8eXe3+njp1qqMV13MeTPr0
#o> png6eNlZmZWvV1RUeElJyd72dnZDldVsx544AGvZ8+erpdRqyR5ixcvrnq7srLSS0xM9KZNm1b1vsLCQi8y
#o> pngMtKbP3++iyXWiO8ft+d53siRI71LLrnE0Ypqx969ez1J3urVqz3P+/a+DQ8P9xYtWlSV+eSTTzxJ3tq1
#o> pnga10t86T7/nF7nuedf/753m233eZwVQ0Hz4ANysrKtGHDBg0aNKjqfSEhIRo0aJDWrl3rcGU1b9u2bUpO
#o> pngTlb79u11zTXXaOfOna6XVKt27Nih/Pz8ave93+9XWlpavb/vJWnVqlWKj49Xp06ddPPNN2v//v2ul3RS
#o> pngFRUVSZLi4uIkSRs2bFB5eXm1+7tz585q06ZNvbq/v3/cRz333HNq0aKFunXrpkmTJunQoUMullfvhble
#o> pngQF2yb98+VVRUKCEhodr7ExIStHXrVkerqnlpaWmaO3euOnXqpLy8PE2ZMkXnnXeetmzZopiYGNfLqxX5
#o> png+fmSdMz7/ujH6qshQ4bosssuU2pqqnJzc3X33XcrIyNDa9euVWhoqOvl/dcqKys1fvx49evXT926dZP0
#o> png7f0dERGhpk2bVsvWp/v7WMctSVdffbXatm2r5ORkbdq0SXfddZdycnL04osvOlxt/UQB40dlZGRU/X+P
#o> pngHj2Ulpamtm3b6vnnn9cNN9zgcGWoDVdeeWXV/3fv3l09evRQhw4dtGrVKg0cONDhyk6OzMxMbdmypV7+
#o> pngXcPx/NBx33jjjVX/3717dyUlJWngwIHKzc1Vhw4danuZ9Rq/gjZo0aKFQkND/+MvIQsKCpSYmOhoVbWv
#o> pngadOmOv3007V9+3bXS6k1R+/fhn7fS1L79u3VokWLenH/jx07VsuWLdPbb7+t1q1bV70/MTFRZWVlKiws
#o> pngrJavL/f3Dx33saSlpUlSvbi/TzUUsEFERIR69eqlFStWVL2vsrJSK1asUN++fR2urHYdPHhQubm5SkpK
#o> pngcr2UWpOamqrExMRq930gEND69esb1H0vSbt379b+/fvr9P3veZ7Gjh2rxYsXa+XKlUpNTa328V69eik8
#o> pngPLza/Z2Tk6OdO3fW6fv7x477WDZu3ChJdfr+PlXxK2ijrKwsjRw5UmeddZb69OmjRx99VMXFxbr++utd
#o> pngL63GTJw4URdddJHatm2rPXv26IEHHlBoaKiuuuoq10s7qQ4ePFjtp/wdO3Zo48aNiouLU5s2bTR+/Hg9
#o> png+OCDOu2005Samqr77rtPycnJGjZsmMNV//eOd9xxcXGaMmWKhg8frsTEROXm5urOO+9Ux44dlZ6e7nDV
#o> png/53MzEzNmzdPS5YsUUxMTNXrun6/X1FRUfL7/brhhhuUlZWluLg4xcbGaty4cerbt6/OPvtsx6s/cT92
#o> png3Lm5uZo3b56GDh2q5s2ba9OmTZowYYL69++vHj16OF59PeT6z7DrohkzZnht2rTxIiIivD59+njr1q1z
#o> pngvaQaNWLECC8pKcmLiIjwWrVq5Y0YMcLbvn2762WddG+//bYn6T8uI0eO9Dzv23+KdN9993kJCQleZGSk
#o> pngN3DgQC8nJ8ftok+C4x33oUOHvMGDB3stW7b0wsPDvbZt23qjR4/28vPzXS/7v3Ks45XkzZkzpypz+PBh
#o> png75ZbbvGaNWvmNW7c2Lv00ku9vLw8d4s+CX7suHfu3On179/fi4uL8yIjI72OHTt6d9xxh1dUVOR24fWU
#o> pngz/M8rzYLHwAA8BowAABOUMAAADhAAQMA4AAFDACAAxQwAAAOUMAAADhAAQMA4AAFfAJKS0s1efJklZaW
#o> pngul5KreK4Oe6GgONuWMftEhtxnIBAICC/36+ioiLFxsa6Xk6t4bg57oaA425Yx+0Sz4ABAHCAAgYAwAHO
#o> pnghnQclZWV2rNnj2JiYuTz+areHwgEqv23oeC4Oe6GgOOun8fteZ4OHDig5ORkhYScGs89eQ34OHbv3q2U
#o> pnglBTXywAAnCS7du1S69atXS9DEs+AjysmJkaS9MH7LdSkSXA/Md3zZYZ5Ts6iTqZ8RMD+M1NZjO/HQ99x
#o> pngzrUfmfIffNXGlJek2OnRpryvotI8I3yv7af5fdPCTfkezb805SXpkz91M+WbvLbZPCO0ZXNT/sk3F5vy
#o> pngwyePNeUl6Sc3bzLl1+xub54Rus72x0Mtttj+4jcy/6ApL0k7JkWY8gPbbTPPeC8v1ZQv2hNjynea/Kkp
#o> pngL0lPrX/LlJ/x9VnmGaseC/7czBXlJfrXiw9WfV8/FdT7Ap45c6amTZum/Px89ezZUzNmzFCfPn2Cuu7R
#o> pngXzs3aRKimJjgCjg82vbFJkmhEY2MeXsBh0bYCjiiia2IQosjTXlJCguzHbfPZy/gsBDbN9jQxrbjjmhi
#o> pngv7/Dwm3HHeazrUmSQkNs90ewj++q2zc+ZqUTeEw1tj+mQiONn9sw29dFWGi5KS/Zj8P6eTqRGSFR1seg
#o> png/XFufUxFlp3AcZ/A4/C7Lye6dmr8IryGLFy4UFlZWXrggQf00UcfqWfPnkpPT9fevXtdLw0A0MDV6wKe
#o> pngPn26Ro8ereuvv15dunTRE088ocaNG2v27NmulwYAaODqbQGXlZVpw4YNGjRoUNX7QkJCNGjQIK1du/aY
#o> png1yktLVUgEKh2AQCgJtTbAt63b58qKiqUkJBQ7f0JCQnKz88/5nWys7Pl9/urLvwFNACgptTbAj4RkyZN
#o> pngUlFRUdVl165drpcEAKin6u1fQbdo0UKhoaEqKCio9v6CggIlJiYe8zqRkZGKjLT/5SUAAFb19hlwRESE
#o> pngevXqpRUrVlS9r7KyUitWrFDfvn0drgwAgHr8DFiSsrKyNHLkSJ111lnq06ePHn30URUXF+v66693vTQA
#o> pngQANXrwt4xIgR+uqrr3T//fcrPz9fZ555ppYvX/4ff5gFAEBtYy/o4zh6fswvt7ZWbJC7upz5j9HmORVH
#o> pngbK8E9OuYa57RObrgx0PfsXhnT1O+5V323WUKzo0z5edMesQ849abx5ny33Sy7cZTdiKnTTW+8ON1OWAe
#o> png8UraLFP+12OzTPno3EJTXpLKEpqY8hOffM48Y9LHl5ryjRY2NeWHTVrx46HvaR3xtSlfUmnfEerMRjtN
#o> png+fFZtq+L0+/62JSXpH+s7G7KZw172Tzjrf1nBJ0tLy7TsvTZp9T5juvta8AAAJzKKGAAAByggAEAcIAC
#o> pngBgDAAQoYAAAHKGAAAByggAEAcIACBgDAAQoYAAAHKGAAAByggAEAcIACBgDAAU7GcBxHT8Zw05rhimgS
#o> png3Abp7+a1N89plt3YlN92nX2z9q2/eNyU/+JImSk/vudQU16SKjq3NeVDDtrWJEnRs/aZ8r2bfmHKv377
#o> png+aa8JH0x1HYSsjsGLzXPWPl1Z1P+g49tj9vQJkdMeUmq3Bdpyrf80H6Cj70XlJvy7VK+MuXHtn3blJek
#o> pngKf/3c1O+b/Ln5hmfj+1oyu8YZjsxRuq975vyknT44l6mfPztn5lnLGz/RtDZwIFKtej0OSdjAACgoaOA
#o> pngAQBwgAIGAMABChgAAAcoYAAAHKCAAQBwgAIGAMABChgAAAcoYAAAHKCAAQBwgAIGAMAB26a0DVTuyGSF
#o> pnghQS3j+3hK1qYb3/o46tN+Yqss80zOofebMr37rzDlP/sr8mmvCSlzAw15feeFWeecWHjT035J9bb9nY+
#o> png/c0NprwkDXqwkSm/JM2+v3jLN2x7IrdfWGnK/33uDFNekoY8fKcpXxFp36a+08zDpvzX3WyP29B7bZ8n
#o> pngSdrUZ74p3/OhW8wzSi6yfa66nbvdlL/x0y2mvCSNfb+7Kf/Ny6ebZ/QIC/46FaUlku42z6hJPAMGAMAB
#o> pngChgAAAcoYAAAHKCAAQBwgAIGAMABChgAAAcoYAAAHKCAAQBwgAIGAMABChgAAAcoYAAAHKCAAQBwwOd5
#o> pngnn3H8wYiEAjI7/er/9JbFBYd3MkYQgbuMs/Zuci2aXmj1THmGRk3vGPK/+vSdqb81gebm/KSFLLHdlKC
#o> pngxqcXmme0umm/Kb91WmtT3iuv+Z9hwxvbTqwgSfHNDpjyP0vaasq/8fv+prwkDb//DVN+5huDzTM6P7zT
#o> pnglPdKS035gsvsJwy4cMw6U/7joiTzjO5N95jyi95JM+Uj99tOnCJJbZcUmfL7zoo1zyhO9gWdrSgpUe4f
#o> png7lZRUZFiY+2zagLPgAEAcIACBgDAAQoYAAAHKGAAAByggAEAcIACBgDAAQoYAAAHKGAAAByggAEAcIAC
#o> pngBgDAAQoYAAAH2Av6OI7uBT2ozS0KCwluL+hDZySa5+y+zrbXb6+2tv1uJWlB6kpT/pOyQ6b8lRtvMOUl
#o> pngqfyDZqZ8WO9vzDPS29j2OP74mo6m/BfDWprykjTuV0tM+cefvsQ842B32x7HvrBKU779X0xxSdJXZ0aZ
#o> png8qGl9m9N8c/+03wdi6Eb8szXWTAlw5TPO89+3C3ftz2XmvfgNFN+ZNbtprwk7e9q2z/6wWv/bp7x1ZHg
#o> png98U/fPCIJvZ+l72gAQBo6Op1AU+ePFk+n6/apXPnzq6XBQCAwlwvoKZ17dpVb731VtXbYWH1/pABAHVA
#o> pngvW+jsLAwJSbaX5cFAKAm1etfQUvStm3blJycrPbt2+uaa67Rzp0//AdMpaWlCgQC1S4AANSEel3AaWlp
#o> pngmjt3rpYvX65Zs2Zpx44dOu+883TgwIFj5rOzs+X3+6suKSkptbxiAEBDUa8LOCMjQ1dccYV69Oih9PR0
#o> pngvfrqqyosLNTzzz9/zPykSZNUVFRUddm1a1ctrxgA0FDU+9eAv6tp06Y6/fTTtX379mN+PDIyUpGRwf17
#o> pngXwAA/hv1+hnw9x08eFC5ublKSkpyvRQAQANXrwt44sSJWr16tT7//HO99957uvTSSxUaGqqrrrrK9dIA
#o> pngAA1cvf4V9O7du3XVVVdp//79atmypc4991ytW7dOLVvatw8EAOBkYi/o4zi6F3T/c+5TWFijoK5zzp/f
#o> pngN89ZsKy/KV8Zbh6hjn+37aMc8vWx/1L8h0TNt+09LEn//MC273JEkf0XNt1/lmPKt4gsNuU/u+U0U16S
#o> pngdkz0mfLtf19mnpH41y9N+S37bC/LvNxjtikvSf/TZ7gp7x05Yp7xzc9s90doue3bX8gR+7fL7OlPmPKT
#o> pngssaYZ1RE2L42uty+2ZRf80YPU16SMoZ+YMp/OjTOPOPTO9oHna0sKdEX99zLXtAAADR0FDAAAA5QwAAA
#o> pngOEABAwDgAAUMAIADFDAAAA5QwAAAOEABAwDgAAUMAIADFDAAAA5QwAAAOEABAwDgACdjOI6jJ2O4MPoq
#o> pnghfkigrqOr0m0ec49a5eb8g9eeo15xtYxMaZ84522E2VFFJnikqRHbrdtUv+HLr3NMwoXp5jyy7o/Y8r3
#o> pngfuM2U16SXh/0J1N+/E8vMs/4fExnUz5ua4UpnzxhuykvSXPbvWbKp986zjzj0PW2k440m97ElM/9lf05
#o> pngS3i+7ewpH1w33Tyjz7s3mfKNV9uOO2nFXlNekiqbRJryJfGNzTMqGgV/fxwpL9H7S+/jZAwAADR0FDAA
#o> pngAA5QwAAAOEABAwDgAAUMAIADFDAAAA5QwAAAOEABAwDgAAUMAIADFDAAAA5QwAAAOMBe0MdxdC/oP2/o
#o> pngo6gmwe2NPOXdi81zfCWhpnznx/abZ1zz8tum/AsFPzXlS39p/1nOm2877k8+bWWe0eV3e0z57Te3MeUr
#o> pnggtsivJoOLxSb8k8sfNw8Y+Whjqb8U5/3M+X3/zPelJek8AM+Uz6yr/1x/k2ebY/fM+793JTfel97U16S
#o> pngRp7/D1N+3rLzzTM6TM8x5bu+adsz+6OJtu8HklTazLaffPSXh80z9ncPfu/9irISbZp7D3tBAwDQ0FHA
#o> pngAAA4QAEDAOAABQwAgAMUMAAADlDAAAA4QAEDAOAABQwAgAMUMAAADlDAAAA4QAEDAOAABQwAgAO23bIb
#o> pngqHVFHRQR5K77vsO2EwxIUuriI6b8mGWvmmdYXZO43pR/rPeV5hn579g+V1t//Zh5xu0/PdeUrzzPdgIA
#o> pngn9++qfv22zqY8gUVUeYZD662nRQk5JDtZ/FOcwpMeUn66hHbt5tftttgnvG3VemmfMfXCk35ZxOmm/KS
#o> pngNGLUraZ8+WWV5hnfpJ9uyof73jPld4yyn7MnOuaAKT8gdbN5xpJ55wWdrSi1nQykNvAMGAAAByhgAAAc
#o> pngoIABAHCAAgYAwAEKGAAAByhgAAAcoIABAHCAAgYAwAEKGAAAByhgAAAcoIABAHCAvaCDMKrlO4qOCe5n
#o> pnglbdCu5pvPzxQZsrP2DnQPKN33Bem/Jsz+pny46YtMuUlqUPEXlP+gqxx5hlvT59hyg/rPNKUL42z79Pc
#o> png9rUSU754RHD7kH9XXCvbHsctJ4eb8juuSTTlJck7ZNsbeFXGGeYZ2W/PNuU/LG5vyqe9cLspL0nr5z5s
#o> pngyvd/4g7zjFXT/mTKD9hk27s9Osb2mJWk5Ids9dL379vMM16MNOwFbb71msczYAAAHKizBbxmzRpddNFF
#o> pngSk5Ols/n00svvVTt457n6f7771dSUpKioqI0aNAgbdtm/wkLAICaUGcLuLi4WD179tTMmTOP+fGpU6fq
#o> pngscce0xNPPKH169crOjpa6enpKimx/yoFAICTrc6+BpyRkaGMjIxjfszzPD366KO69957dckll0iSnn32
#o> pngWSUkJOill17SlVfaz10LAMDJVGefAR/Pjh07lJ+fr0GDBlW9z+/3Ky0tTWvXrv3B65WWlioQCFS7AABQ
#o> pngE+plAefn50uSEhISqr0/ISGh6mPHkp2dLb/fX3VJSUmp0XUCABquelnAJ2rSpEkqKiqquuzatcv1kgAA
#o> png9VS9LODExG//jWJBQUG19xcUFFR97FgiIyMVGxtb7QIAQE2olwWcmpqqxMRErVixoup9gUBA69evV9++
#o> pngfR2uDACAb9XZv4I+ePCgtm/fXvX2jh07tHHjRsXFxalNmzYaP368HnzwQZ122mlKTU3Vfffdp+TkZA0b
#o> pngNszhqgEA+FadLeAPP/xQF1xwQdXbWVlZkqSRI0dq7ty5uvPOO1VcXKwbb7xRhYWFOvfcc7V8+XI1atTI
#o> png1ZIBAKji8zzPc72IU1UgEJDf79eAXpMUFhZccfs++sQ8J+cvZ9quUGp/5aBnV9te0Le0WmnK/2nAYFNe
#o> pngkqIX2DZF+eaeNuYZo/76sim/p7ypKf/4O/Z9ubt2tv1xX8Ez7cwzijrZ8qN/8YYp/9QS+/3dOM9nyh9I
#o> pngrTTPGDtkuSn/tz8dey+BH9J8yyFTXpIi/p9tz/MLW+SYZ6y4uIcpf7BrvCnfeNdBU16S8s+xfS0dSrJX
#o> png0Tk/2xJ0tuxgmRYMfE5FRUWnzN/31MvXgAEAONVRwAAAOEABAwDgAAUMAIADFDAAAA5QwAAAOEABAwDg
#o> pngAAUMAIADFDAAAA5QwAAAOEABAwDgAAUMAIADdfZsSLVp353lCm0c3M8qJWWdzbff9O0IU/6mzCXmGdNf
#o> pngvtiUP/fapab87TP8prwkpdzUxJQ//HCRecYj035pyjf5ZZ4p32Wy7SQXklTWPtGUHzd7kXnG7KxLTfnG
#o> pngF5eZ8s032zfOL76y0JRv26TYPOOxFemmfItS2+0faRJuu4Kk0J8HTPmFw23HIElH/rTflJ/f4xFTfnNp
#o> pngkikvSSuKupjyMWG2k7NI0uq8jkFnK4qNd3Yt4BkwAAAOUMAAADhAAQMA4AAFDACAAxQwAAAOUMAAADhA
#o> pngAQMA4AAFDACAAxQwAAAOUMAAADhAAQMA4AB7QQchap5fYeGNgsrOmDbLfPsTo68w5R9am2Geccbsvab8
#o> pngT8tuM+UrT+CRdN2LC0z5SasvN8+IifWZ8su62Nb0y9hrTHlJ2n1htCm/oI9tT11JSn5tuyl/dlSuKf+c
#o> pngKf2tO894w5Sf8Vvb14UkzfvdTFP+yT7nm/Jtor425SVp7Vm2Pc+X/v6P5hm3fH6JKX/t/RNN+avvfM2U
#o> pngl6R/Tj/TlJ84ZZ55xubxHYLOHqmw719e03gGDACAAxQwAAAOUMAAADhAAQMA4AAFDACAAxQwAAAOUMAA
#o> pngADhAAQMA4AAFDACAAxQwAAAOUMAAADhAAQMA4AAnYwhCk9FfKiw6MqjstW+MMd9+l4cKTPnwHvafmyo/
#o> png+8KWj4g35Zv9nykuSbpvg20D+fh/nMjD1bYB+5idQ2w3/5V9c/4nfv2CKf/Ztbb7QpL+suM8U37EFzea
#o> png8o8/+LQpL0nTrr/WlG++Y5d5xl233WzK9/vtOlN+3TnNTHlJ2jb7dFM+PvR984yLW2405Sf3Dv4kBpL0
#o> pngxoW2Y5Ckq1faTuDwmw8vM884zXcw+LDPdmKW2sAzYAAAHKCAAQBwgAIGAMABChgAAAcoYAAAHKCAAQBw
#o> pnggAIGAMABChgAAAcoYAAAHKCAAQBwgAIGAMAB9oIOQujYMIWGBPepmr9ilvn2J7T9pSk/os0b5hnt/7jX
#o> pnglB//bk9T/qto+0MpcmtjU74y3LavsyQdTLHt/xoXUWzKv/94F1Nekkoqw035Pyy83DyjspNhj1xJjRqV
#o> pngm/K3rLft6yxJHafYHoMHp7cyz9j1M9v9vfEK257IX45JMuUlyVdQacr32mD7fiBJi3vONuXDmpeY8nGL
#o> pngy0x5SXr0zQxTvnHbgHmGLxD849xXaT+GmsYzYAAAHKizBbxmzRpddNFFSk5Ols/n00svvVTt46NGjZLP
#o> png56t2GTLEeKYbAABqSJ0t4OLiYvXs2VMzZ878wcyQIUOUl5dXdZk/f34trhAAgB9WZ18DzsjIUEbG8V9j
#o> pngiIyMVGJiYi2tCACA4NXZZ8DBWLVqleLj49WpUyfdfPPN2r9//3HzpaWlCgQC1S4AANSEelvAQ4YM0bPP
#o> pngPqsVK1booYce0urVq5WRkaGKioofvE52drb8fn/VJSUlpRZXDABoSOrsr6B/zJVXXln1/927d1ePHj3U
#o> pngoUMHrVq1SgMHDjzmdSZNmqSsrKyqtwOBACUMAKgR9fYZ8Pe1b99eLVq00Pbt238wExkZqdjY2GoXAABq
#o> pngQoMp4N27d2v//v1KSrL/Q3oAAE62Ovsr6IMHD1Z7Nrtjxw5t3LhRcXFxiouL05QpUzR8+HAlJiYqNzdX
#o> pngd955pzp27Kj09HSHqwYA4Ft1toA//PBDXXDBBVVvH33tduTIkZo1a5Y2bdqkZ555RoWFhUpOTtbgwYP1
#o> pngu9/9TpGRka6WDABAlTpbwAMGDJDn/fDewK+//vpJmxXokaCw8EZBZcc8Ms58+8WtbHscv3FVW/MMr21f
#o> pngUz6xs22/4tcefsSUl6SBU7J+PPQdhZ3NI9T2Nduet693OcOUb7EkypSXpD88fZ0pX3bJD//l/g857arN
#o> png5utYlKWfZb6O713bP+uLTrT/sNysVYIp3/uFT035rf+MM+UlSQHbt9nwhfYZB7qHmvKR/4w25b/5TYwp
#o> pngL0kRf7Ttq57yG/tezXnDUoPOVpSVSE+ZR9SoBvMaMAAApxIKGAAAByhgAAAcoIABAHCAAgYAwAEKGAAA
#o> pngByhgAAAcoIABAHCAAgYAwAEKGAAAByhgAAAcoIABAHCgzp6MoTbl9fMpJMoXVHb60GfNtz/x5WtN+coX
#o> pngm5hnvNLpOVP+F+lXm/IZt08w5SWptG1wn9Ojwm17+UuS8s4O7iQaR83u/WdT/qHEoaa8JG3NizflWyyP
#o> pngMM9I31xkyv8ydpMpPz9gvzPe6mbb0D/vb63NM1rfkGPKr9h3rinfec1nprwkbX8s2ZSPGllonnFH+q9M
#o> pnged8vbLe/fbT9vmj0ju3rW6Gl5hklccHPqCg1rqcW8AwYAAAHKGAAAByggAEAcIACBgDAAQoYAAAHKGAA
#o> pngAByggAEAcIACBgDAAQoYAAAHKGAAAByggAEAcIC9oIPQ76xPFNEkuP14n+xv21tWkjqF7jLl91zS1jzj
#o> png8zsPmfKF08pN+fCQAlNekkKXJZnyh8+0HYMkdbh2syl/c9o1pvxTPe17f19X8GtT/u57/mae8WxeX1P+
#o> pngrSt6mfK/eWWRKS9JqxLTTfkDeba9oyXJS7Ht9xu9+ENT/vO700x5SYp7pdKU39WzsXlG5d22fZQ73/ax
#o> pngbUBygi0v6ZPbY0350NLm5hldhnwadLa8uEzbp5lH1CieAQMA4AAFDACAAxQwAAAOUMAAADhAAQMA4Fx9
#o> pngii4AABCMSURBVAAFDACAAxQwAAAOUMAAADhAAQMA4AAFDACAAxQwAAAOUMAAADjg8zzPc72IU1UgEJDf
#o> png71f3529XaOPIoK5zU8d3zHMWfnmWKb9nTWvzjLhz8k15b068KX+kkW0TfEm6YPxaU37JUtsJBiTp8ott
#o> png94c/zHbCh4SwIlNekrpG7jHlr50z3jyjyW7bl/XXF5TYbn9DlCkvSYfTik359gn7zDNKK2znl/n61Vam
#o> pngfOLag6a8JO0c3MSUb/dyoXnGhP+1nRzjNw//jykf/8EBU16SfFu2m/L5C9uZZ1R4wX/fqThUqq1XTVVR
#o> pngUZFiY20niqgpPAMGAMABChgAAAcoYAAAHKCAAQBwgAIGAMABChgAAAcoYAAAHKCAAQBwgAIGAMABChgA
#o> pngAAcoYAAAHLBtnNpAea/HyYtoFFR2yZIe5tvPH2Xb2zkmz759t+8cW/6rS217Ijd+z7bfrSS9/xvbHtib
#o> pngZ//ZPKPbnLGmfHKabZ/mRndEm/KStO0avyl/2h83mmd8+v9sj8P1A2yf2ws33mHKS1KHGz+zXaGiwjxj
#o> png3y1nmvLJ79r2OPb961NTXpLOeTTclH8nsrt5xv0P3GDKT//tX0z5qUMvM+Ul6elP3zLlL37A/pjKvmd2
#o> png0NlDByp0hXlCzeIZMAAADtTZAs7Ozlbv3r0VExOj+Ph4DRs2TDk5OdUyJSUlyszMVPPmzdWkSRMNHz5c
#o> pngBQUFjlYMAMC/1dkCXr16tTIzM7Vu3Tq9+eabKi8v1+DBg1Vc/O9Tnk2YMEFLly7VokWLtHr1au3Zs0eX
#o> pngXWb/VQoAACdbnX0NePny5dXenjt3ruLj47Vhwwb1799fRUVFevrppzVv3jxdeOGFkqQ5c+bojDPO0Lp1
#o> png63T22We7WDYAAJLq8DPg7ysq+vbE6HFxcZKkDRs2qLy8XIMGDarKdO7cWW3atNHatcc+EXxpaakCgUC1
#o> pngCwAANaFeFHBlZaXGjx+vfv36qVu3bpKk/Px8RUREqGnTptWyCQkJys/PP+btZGdny+/3V11SUlJqfO0A
#o> pnggIapXhRwZmamtmzZogULFvxXtzNp0iQVFRVVXXbt2nWSVggAQHV19jXgo8aOHatly5ZpzZo1at363/+e
#o> pngNjExUWVlZSosLKz2LLigoECJiYnHvK3IyEhFRkbW+JoBAKizz4A9z9PYsWO1ePFirVy5UqmpqdU+3qtX
#o> pngL4WHh2vFihVV78vJydHOnTvVt2/f2l4uAADV1NlnwJmZmZo3b56WLFmimJiYqtd1/X6/oqKi5Pf7dcMN
#o> pngNygrK0txcXGKjY3VuHHj1LdvX/4CGgDgXJ0t4FmzZkmSBgwYUO39c+bM0ahRoyRJjzzyiEJCQjR8+HCV
#o> pnglpYqPT1djz/+eC2vFACA/+TzPM++sXADEQgE5Pf7lTr7HoU0Dm4v6DHd/2Gek9ks58dD3zHgjnHmGUse
#o> pngetiUH/gn276svhN4FIUV2670zZn2vYE7PWXb0zrnpijbgAqfLS9p8E83m/Ldom37U0vS44t+bsrHfma7
#o> pngL8KLK015SWq0v9yUj9jyhXlG/uWnm/JRX9uOe8nDtq8jSer9+m2mfNOPIswzis4uMeU7PXzYlN9xWTNT
#o> pngXpJCuxWZ8qU7YswzGu0L/lXUitISfTr9bhUVFSk2NtY8qybU2deAAQCoyyhgAAAcoIABAHCAAgYAwAEK
#o> pngGAAAByhgAAAcoIABAHCAAgYAwAEKGAAAByhgAAAcoIABAHCAAgYAwIE6ezak2vRBv+cUGxPczyqvHGpi
#o> pngvv2frL3elD/8M9um9pI0YP1NpnzSR6Wm/N6zIk15SUqc97Epf6BdV/OMnNG2kyu0XWy7/f/9yyO2K0ja
#o> pngXh7ciT2Omrp7iHlGScIRU/7BqxeY8k9dNtSUl6Qef9tqym++xnZiBUkactO7pvyqP5xjyr9TkmDKS9LK
#o> pngnz1qyt88y/a1KknFrW0nF3jhlSdM+Z7zbCeUkKTJ3V415e85PMw8I/RLw9e37VtareAZMAAADlDAAAA4
#o> pngQAEDAOAABQwAgAMUMAAADlDAAAA4QAEDAOAABQwAgAMUMAAADlDAAAA4QAEDAOAAe0EHIf2+/1FoeHD7
#o> png9zYusO/TfF72/5ny7z3/E/OM4ja2u/qLn/tM+cqWJaa8JF33wWZT/uLot8wzes8cb8oPm2bbv/b+/IGm
#o> pngvCQt/78upvy7FzxmnnHtZNvevU9PH2TKj1i60pSXpIcWXG7KT3zhRfOMdhFfmfIbV9r2dg732fbYlqSM
#o> pngZ+4w5cuu88wzoloHTPntRypN+Q73bDDlJek+70pTvs1P95hnNLv0UNDZ8uIyfTLTPKJG8QwYAAAHKGAA
#o> pngAByggAEAcIACBgDAAQoYAAAHKGAAAByggAEAcIACBgDAAQoYAAAHKGAAAByggAEAcIACBgDAAU7GEISo
#o> pnga/MUFh0ZVDYiq7H59jfOONOUD/ObR2jk+f8w5V/P7m/KN/ra/rPc+QN2mfKXtjnfPOPj3Y+b8uduusyU
#o> pngvzzlI1Nekj5603Z/X3/DAPOMhNWfmfJ9m9ryb+zvaspLUruXCk3594Z0NM/4Z2hbU/6rOc1M+Ve+sd13
#o> pngkpR1xRJTfvpm+wk+2mXZTsZw2TjbSUo6xe805SUpotB2Qpe9K1uZZ0TN3h509kilbT21gWfAAAA4QAED
#o> pngAOAABQwAgAMUMAAADlDAAAA4QAEDAOAABQwAgAMUMAAADlDAAAA4QAEDAOAABQwAgAPsBR2Eb5a2UmhE
#o> pngo6CySSUF5tu/6I63Tfnrmn5onnFz2uWm/PPr/2jK93/5dlNekobdc4cp3yLpC/OMDgvHmPIjBrxnyr+x
#o> pngt4spL0lxr+SY8r6WLcwzNi1tb8p/truTKd/omwpTXpJKzwg15c+O+to843L/BlN+1Qu2x+01Ny4w5SXp
#o> pngtt9nmvIVp5tHqLhLcN+fjoruWGTKL1r/kikvSWf+Y7QpH/1utHlG/pPB7+VdcahUGmEeUaN4BgwAgAN1
#o> pngtoCzs7PVu3dvxcTEKD4+XsOGDVNOTvVnFgMGDJDP56t2GTPG9owIAICaUGcLePXq1crMzNS6dev05ptv
#o> pngqry8XIMHD1ZxcXG13OjRo5WXl1d1mTp1qqMVAwDwb3X2NeDly5dXe3vu3LmKj4/Xhg0b1L//v89l27hx
#o> pngYyUmJtb28gAAOK46+wz4+4qKvv2jgri4uGrvf+6559SiRQt169ZNkyZN0qFDh37wNkpLSxUIBKpdAACo
#o> pngCXX2GfB3VVZWavz48erXr5+6detW9f6rr75abdu2VXJysjZt2qS77rpLOTk5evHFF495O9nZ2ZoyZUpt
#o> pngLRsA0IDViwLOzMzUli1b9M4771R7/4033lj1/927d1dSUpIGDhyo3NxcdejQ4T9uZ9KkScrKyqp6OxAI
#o> pngKCUlpeYWDgBosOp8AY8dO1bLli3TmjVr1Lp16+Nm09LSJEnbt28/ZgFHRkYqMjKyRtYJAMB31dkC9jxP
#o> png48aN0+LFi7Vq1Sqlpqb+6HU2btwoSUpKSqrp5QEAcFx1toAzMzM1b948LVmyRDExMcrPz5ck+f1+RUVF
#o> pngKTc3V/PmzdPQoUPVvHlzbdq0SRMmTFD//v3Vo0cPx6sHADR0dbaAZ82aJenbzTa+a86cORo1apQiIiL0
#o> png1ltv6dFHH1VxcbFSUlI0fPhw3XvvvQ5WCwBAdT7P8zzXizhVBQIB+f1+Dex8u8JCg3tt+NaXl5jnZC69
#o> png3pQPO+gzzziSWmLKN4oqM+Xbjd1vyktS8TO2/WsrZ8abZzTN2mnKn9d8myl/qML+NwNz3+9nyvtK7f9a
#o> pngsNNTB0z5056yHfeGqb1MeUnKP9uWj//APEJNPy405XdNtu1P3WZ0nikvSS2WHTHlP3myq3lG3Oy1pvy2
#o> pngx9JM+c73bzXlJakw/QxTvukY29eqJOnK4D+3RyrLtGLvUyoqKlJsbKx9Vg2oN/8OGACAuoQCBgDAAQoY
#o> pngAAAHKGAAAByggAEAcIACBgDAAQoYAAAHKGAAAByggAEAcIACBgDAAQoYAAAHKGAAAByos2dDqk0Zf1un
#o> pngqCbBfaoe6WjbgFySWg2rNOVb32HbOF+Stj3d2ZRvuca2qf2Xl7c35SUp+inbcY/8w8vmGU9OvcSU33dr
#o> pngvik/MOZjU16SFuweYMrPGTnDPOOm3HGm/N8SVpnyI9cnmvKSFDHa9vP+Ls9+3u6DreJMeZ/P9jivXBRl
#o> pngyktSwTl7TPm4tGLzjPBVts9V/CHbyVOe3fyqKS9J9+TZTuhyT+Kb5hk3zh8RdLayuFL6hXlEjeIZMAAA
#o> pngDlDAAAA4QAEDAOAABQwAgAMUMAAADlDAAAA4QAEDAOAABQwAgAMUMAAADlDAAAA4QAEDAOCAz/M8z/Ui
#o> pngTlWBQEB+v18/ufL3Co1oFNR1mq+17SUsSWcs/MKUX7n7dPOMpFEFpvyea217Wr92x1RTXpLOfWGiKR/x
#o> pngjf3nxcpI28O71du2/Wv3d4005U9Eq79vNV+n3fJDpvzqxT815Udd/bopL0ktww6Y8s/eerF5xoFbA6Z8
#o> png4ZbmpvzDw58x5SXpkbFXm/LlE742z9hb2MSUj1vW2JRvtsm2Z7Yk7f29ba/3TnFfmWdseyr4Pe4rykr0
#o> pngr7/fo6KiIsXGxppn1QSeAQMA4AAFDACAAxQwAAAOUMAAADhAAQMA4AAFDACAAxQwAAAOUMAAADhAAQMA
#o> png4AAFDACAAxQwAAAOUMAAADjAyRiO4+jJGLouuEOhjYPbdP/Iu3HmOW2H7jDlD/822Tzjrr8+a8o/cP8N
#o> pngpvyhlvaf5Vo9l2O7QlxT84yt41qY8klrbLd/9ZRXbVeQtLRHgim/59Y+5hnhxbYv65azN5jyIae1M+Ul
#o> png6YthtvuitLltM39JavSV7XFY3PaIKR/qt52sQ5I6XLvZlN/xoP3+fu9XfzTl+yzJMuWTO9pPlFC2wPY4
#o> pngP3vsh+YZFmUHy/Xk+f/LyRgAAGjoKGAAAByggAEAcIACBgDAAQoYAAAHKGAAAByggAEAcIACBgDAAQoY
#o> pngAAAHKGAAABwIc72AU9nRXTorDpUGfZ2K0hLznPJi2/Z2R47YZxQfqDDlK8ptMypK7T/LHak0butXEfz9
#o> pngcFTlYdtxHCm33f7hg7atDCXpiGcbciKPqZAy21aU1jWFnMB9YT2OyhL7VpTWx2HlYdv95wu3b0Vp/dxW
#o> pngltjv7wMHbJ8r89dF8Qnc32W2GWUHjV98RmXF397+qbT7MntBH8fu3buVkpLiehkAgJNk165dat26tetl
#o> pngSKKAj6uyslJ79uxRTEyMfD5f1fsDgYBSUlK0a9euU2ZT79rAcXPcDQHHXT+P2/M8HThwQMnJyQoJOTVe
#o> pngfeVX0McREhJy3J+UYmNj6+UD9cdw3A0Lx92w1Ofj9vv9rpdQzanxYwAAAA0MBQwAgAOhkydPnux6EXVR
#o> pngaGioBgwYoLCwhvVbfI6b424IOO6Gddyu8EdYAAA4wK+gAQBwgAIGAMABChgAAAcoYAAAHKCAAQBwgAIG
#o> pngAMABChgAAAcoYAAAHKCAAQBwgAIGAMABChgAAAcoYAAAHKCAAQBwgAIGAMABChgAAAcoYAAAHKCAAQBw
#o> pnggAIGAMABChgAAAcoYAAAHKCAAQBwgAIGAMABChgAAAcoYAAAHKCAAQBwgAIGAMABChgAAAcoYAAAHKCA
#o> pngAQBwgAIGAMABChgAAAcoYAAAHKCAAQBwgAIGAMABChgAAAcoYAAAHPj/GnyACWlKD1kAAAAASUVORK5C
#o> pngYII=
#o> png}}}
#o> 0 (30, 30)
#o> 1 (30, 30)
#o> 2 (30, 30)
