# vim: ft=python foldmethod=marker foldlevel=0

import numpy as np
import matplotlib.pyplot as plt

#---#

np.random.seed(42)

#---#

for i in range(3):
    a = np.random.random((30,30))
    print(i, a.shape)
    plt.matshow(a)
    plt.show()
#o> png{{{
#o> pngiVBORw0KGgoAAAANSUhEUgAAAeAAAAHgCAYAAAB91L6VAAAABHNCSVQICAgIfAhkiAAAAAlwSFlzAAAP
#o> pngYQAAD2EBqD+naQAAADl0RVh0U29mdHdhcmUAbWF0cGxvdGxpYiB2ZXJzaW9uIDIuMi4yLCBodHRwOi8v
#o> pngbWF0cGxvdGxpYi5vcmcvhp/UCwAAIABJREFUeJzt3Xl4VOX5xvF7sg2BJIMBskGAAAIqi5ZNKlIUJIBV
#o> pngWWpdKy4FsQGF1KW4U61pccMFQVsFbUURfwLFhVZBQq2AFUSKS4QUJQgJizJDAtnP7w8vU6OI81DCS5Lv
#o> png57rmUsI987yHmeTOyfIen+d5ngAAwFEV4XoBAAA0RhQwAAAOUMAAADhAAQMA4AAFDACAAxQwAAAOUMAA
#o> pngADhAAQMA4AAFDACAAxQwAAAOUMAAADhAAQMA4AAFDACAAxQwAAAOUMAAADhAAQMA4AAFDACAAxQwAAAO
#o> pngUMAAADhAAQMA4AAFDACAAxQwAAAOUMAAADhAAQMA4AAFDACAAxQwAAAOUMAAADhAAQMA4AAFDACAAxQw
#o> pngAAAOUMAAADhAAQMA4AAFDACAAxQwAAAOUMAAADhAAQMA4AAFDACAAxQwAAAOUMAAADhAAQMA4AAFDACA
#o> pngAxTwYZg5c6bat2+vJk2aqF+/fnrnnXdcL6lO3XnnnfL5fLVuXbt2db2sI27lypU655xzlJaWJp/Pp0WL
#o> pngFtX6e8/zdPvttys1NVWxsbEaMmSINm3a5Gi1R84PHffll1/+ned/2LBhjlZ7ZOTk5KhPnz6Kj49XUlKS
#o> pngRo4cqby8vFqZ0tJSZWVlqUWLFoqLi9OYMWNUVFTkaMVHRjjHPWjQoO883xMmTHC04oaNAjaaP3++srOz
#o> pngdccdd2jdunXq2bOnMjMztXPnTtdLq1MnnXSSduzYUXN76623XC/piCspKVHPnj01c+bMg/799OnT9fDD
#o> pngD2v27Nlas2aNmjVrpszMTJWWlh7llR5ZP3TckjRs2LBaz/9zzz13FFd45OXm5iorK0urV6/W66+/roqK
#o> pngCg0dOlQlJSU1mSlTpmjJkiVasGCBcnNztX37do0ePdrhqv934Ry3JI0bN67W8z19+nRHK27gPJj07dvX
#o> pngy8rKqvlzVVWVl5aW5uXk5DhcVd264447vJ49e7pexlElyVu4cGHNn6urq72UlBTv3nvvrXnb3r17Pb/f
#o> png7z333HMullgnvn3cnud5Y8eO9c477zxHKzo6du7c6UnycnNzPc/76rmNjo72FixYUJP56KOPPEneqlWr
#o> pngXC3ziPv2cXue5/3kJz/xrrvuOoerajw4AzYoLy/X2rVrNWTIkJq3RUREaMiQIVq1apXDldW9TZs2KS0t
#o> pngTR06dNAll1yirVu3ul7SUbVlyxYVFhbWeu4DgYD69evX4J97SVqxYoWSkpLUpUsXXXPNNdqzZ4/rJR1R
#o> pngwWBQkpSYmChJWrt2rSoqKmo93127dlXbtm0b1PP97eP+2rPPPquWLVuqW7dumjp1qvbv3+9ieQ1elOsF
#o> png1Ce7d+9WVVWVkpOTa709OTlZH3/8saNV1b1+/fpp7ty56tKli3bs2KFp06bp9NNP18aNGxUfH+96eUdF
#o> pngYWGhJB30uf/67xqqYcOGafTo0crIyFB+fr5uvvlmDR8+XKtWrVJkZKTr5f3PqqurNXnyZJ122mnq1q2b
#o> pngpK+e75iYGDVv3rxWtiE93wc7bkm6+OKL1a5dO6WlpWnDhg266aablJeXp5deesnhahsmChg/aPjw4TX/
#o> png36NHD/Xr10/t2rXTCy+8oKuuusrhynA0XHjhhTX/3717d/Xo0UMdO3bUihUrNHjwYIcrOzKysrK0cePG
#o> pngBvlzDYfyfcc9fvz4mv/v3r27UlNTNXjwYOXn56tjx45He5kNGl+CNmjZsqUiIyO/85OQRUVFSklJcbSq
#o> pngo6958+bq3LmzNm/e7HopR83Xz29jf+4lqUOHDmrZsmWDeP4nTpyol19+WW+++abatGlT8/aUlBSVl5dr
#o> png7969tfIN5fn+vuM+mH79+klSg3i+jzUUsEFMTIx69eqlZcuW1byturpay5YtU//+/R2u7OgqLi5Wfn6+
#o> pngUlNTXS/lqMnIyFBKSkqt5z4UCmnNmjWN6rmXpG3btmnPnj31+vn3PE8TJ07UwoULtXz5cmVkZNT6+169
#o> pngeik6OrrW852Xl6etW7fW6+f7h477YNavXy9J9fr5PlbxJWij7OxsjR07Vr1791bfvn01Y8YMlZSU6Ior
#o> pngrnC9tDpz/fXX65xzzlG7du20fft23XHHHYqMjNRFF13kemlHVHFxca3P8rds2aL169crMTFRbdu21eTJ
#o> pngk3X33Xfr+OOPV0ZGhm677TalpaVp5MiRDlf9vzvUcScmJmratGkaM2aMUlJSlJ+frxtvvFGdOnVSZmam
#o> pngw1X/b7KysjRv3jwtXrxY8fHxNd/XDQQCio2NVSAQ0FVXXaXs7GwlJiYqISFBkyZNUv/+/XXqqac6Xv3h
#o> png+6Hjzs/P17x58zRixAi1aNFCGzZs0JQpUzRw4ED16NHD8eobINc/hl0fPfLII17btm29mJgYr2/fvt7q
#o> png1atdL6lOXXDBBV5qaqoXExPjtW7d2rvgggu8zZs3u17WEffmm296kr5zGzt2rOd5X/0q0m233eYlJyd7
#o> pngfr/fGzx4sJeXl+d20UfAoY57//793tChQ71WrVp50dHRXrt27bxx48Z5hYWFrpf9PznY8Ury5syZU5M5
#o> pngcOCA96tf/co77rjjvKZNm3qjRo3yduzY4W7RR8APHffWrVu9gQMHeomJiZ7f7/c6derk3XDDDV4wGHS7
#o> png8AbK53medzQLHwAA8D1gAACcoIABAHCAAgYAwAEKGAAAByhgAAAcoIABAHCAAgYAwAEK+DCUlZXpzjvv
#o> pngVFlZmeulHFUcN8fdGHDcjeu4XWIjjsMQCoUUCAQUDAaVkJDgejlHDcfNcTcGHHfjOm6XOAMGAMABChgA
#o> pngAAe4GtIhVFdXa/v27YqPj5fP56t5eygUqvXfxoLj5rgbA467YR6353nat2+f0tLSFBFxbJx78j3gQ9i2
#o> pngbZvS09NdLwMAcIQUFBSoTZs2rpchiTPgQ4qPj5ckdf7l7YqMaRLWfeZPnGGec+u2s0359wtam2d0eLTS
#o> pngfB+LiM8Kzfe58I0Npvzv3hthnpGRvNt2h1F7TPGnNvzD9viS5u3rasq/etNPzDOiDlSZ72MRyog132d3
#o> pngr2pT3r8r0jwjsMU248sR+0359vdVmPKSFDwxYMofSLSfnZW2sp1HZZ71rim/8dbuprwkffrTaFM+IrHc
#o> pngPKNT9paws5VeuXL3vVDzcf1Y0OALeObMmbr33ntVWFionj176pFHHlHfvn3Duu/XX3aOjGmiSH94BRwf
#o> pngb3/niW4WY8pHNA1vLd8UFWn/wGEREWE7BklqGmf7AHtYx93Mb7uDz/ZB43Ce7yae7d0uKuowjjuqbgs4
#o> png3E9Ivyki1laOkX57AUdG22ZENLXloyLtz3dktO3fKtJvnxHRxFbA/jjb6/xwXoMRscYCbmo/7iif/ePO
#o> pngN7+d6Nqx8YXwOjJ//nxlZ2frjjvu0Lp169SzZ09lZmZq586drpcGAGjkGnQBP/DAAxo3bpyuuOIKnXji
#o> pngiZo9e7aaNm2qp556yvXSAACNXIMt4PLycq1du1ZDhgypeVtERISGDBmiVatWHfQ+ZWVlCoVCtW4AANSF
#o> pngBlvAu3fvVlVVlZKTk2u9PTk5WYWFB/+BoZycHAUCgZobPwENAKgrDbaAD8fUqVMVDAZrbgUFBa6XBABo
#o> pngoBrsT0G3bNlSkZGRKioqqvX2oqIipaSkHPQ+fr9ffr/xp2YBADgMDfYMOCYmRr169dKyZctq3lZdXa1l
#o> pngy5apf//+DlcGAEADPgOWpOzsbI0dO1a9e/dW3759NWPGDJWUlOiKK65wvTQAQCPXoAv4ggsu0K5du3T7
#o> png7bersLBQJ598spYuXfqdH8wCAOBoYy/oQ/j6+pgZc24OexemDPtOlIrM32HKz3x3oXlGfIRt95eZX/Qx
#o> png5V+9375dYsuVn5vy+x6374y0a1WqKZ8xf5cp/8kvW5jyknT8bbYtOG/d+JZ5xm+uv8aUL7vqC9uABS1t
#o> pngedm3ovRibHlJ6vRn245vLzz3mCl/R5H9dT6x1QpTvqDSfi3eq9f8wpSf3/8JU/72gaNNeUkq65hkyses
#o> png22yesfP8k8LOVpWXasMztxxT1ztusN8DBgDgWEYBAwDgAAUMAIADFDAAAA5QwAAAOEABAwDgAAUMAIAD
#o> pngFDAAAA5QwAAAOEABAwDgAAUMAIADFDAAAA406KshHSn+dXGK9Id3MYbi9Crz45//5CZTfvT0G80zYvfY
#o> pngNrbfMciW7/r+XlNeknovzjfl381sY57x+tqHTPlfnz3AlC+/Id6Ul6Tq/ftN+dziE8wzmk3cZsonR5eZ
#o> png8ilZW015SdpyTnNTfvvPOppnRO+0XVTi1f3ppvwbn3Yx5SXp7dm9TfmkxfaLEiSOiDXlr152nSnffp7t
#o> pngY5Qkbd1dasrf232Neca1L4Z/MYZq23KOCs6AAQBwgAIGAMABChgAAAcoYAAAHKCAAQBwgAIGAMABChgA
#o> pngAAcoYAAAHKCAAQBwgAIGAMABChgAAAfYCzoMrZfuUlSkP6xsxOMl5sf/oLi1Kb/3R+XmGaf1+LcpvzT3
#o> pngFFM+b1yCKS9Jny34iSnf9su15hmjfvJzU97btsOUL3rOvsFsbPv+pvyTyz3zjGfOfcyUnzplgin/0Yn2
#o> pngDx2nLtpgypdMqzDP8O2zvf89Ou18U77tJvv79/QFD5ryCyf9yDxjQX6SKT+t2xJTfsMB257ZkhScatu7
#o> pngPWKubf95SapoHv7e+9UH7Pv01zXOgAEAcIACBgDAAQoYAAAHKGAAAByggAEAcIACBgDAAQoYAAAHKGAA
#o> pngAByggAEAcIACBgDAAQoYAAAHKGAAABzgYgxh6P30x/LHRYeVHRCXZ37839w93pQ/4a0i84yNnXqY8jG9
#o> pngbJ+bjb3gdVNektrEfGHKP3O3fUP4jyclm/KxRammfNJs+4UxYj/dZcpXxbQyz0gZtd+UP9Ai0pZPs29s
#o> pngv62kuSm/t1N473PftPCJl0z5CtkudPGzSVNMeUka/X+TTfkW633mGfGVtuP40y+6m/L5T3Y05SWpakwT
#o> pngU35GnwHmGalDw/84VVkRoW3mCXWLM2AAAByggAEAcIACBgDAAQoYAAAHKGAAAByggAEAcIACBgDAAQoY
#o> pngAAAHKGAAAByggAEAcIACBgDAAfaCDsOguI/ULD68z1VuvnaC+fFbbgua8p+Mt+1vLEkfXPywKT90QpYp
#o> pngv+g0217TktQtsdCULzv7RPOMH/1osym/eUFnU37X1QdM+a/4TemSIvu+y9cOvMiUv+zVV035Z+4fYcpL
#o> pngUvX8lqZ86vv/Ns/o3c/2uk1taXvfi3t5nSkvSdVn9DblY3dXmmd8eXWxKR//aSdTvnWLvaa8JO35V5wp
#o> pngf/97r5hnZJ8b/sfCyqoy8+PXNc6AAQBwoEEX8J133imfz1fr1rVrV9fLAgCg4X8J+qSTTtIbb7xR8+eo
#o> pngqAZ/yACAeqDBt1FUVJRSUlJcLwMAgFoa9JegJWnTpk1KS0tThw4ddMkll2jr1q3fmy0rK1MoFKp1AwCg
#o> pngLjToAu7Xr5/mzp2rpUuXatasWdqyZYtOP/107du376D5nJwcBQKBmlt6evpRXjEAoLFo0AU8fPhwnX/+
#o> png+erRo4cyMzP16quvau/evXrhhRcOmp86daqCwWDNraCg4CivGADQWDT47wF/U/PmzdW5c2dt3nzw3w31
#o> png+/3y+22/owkAwOFo0GfA31ZcXKz8/Hylpqa6XgoAoJFr0AV8/fXXKzc3V59++qnefvttjRo1SpGRkbro
#o> pngItsuQQAAHGkN+kvQ27Zt00UXXaQ9e/aoVatWGjBggFavXq1WrVq5XhoAoJHzeZ7nuV7EsSoUCikQCKj7
#o> pnglb9TZEyTsO6T/OZO85x7/jbPlP+0soV5xv03XWLKl175pSn/s3bvmfKSNHv1INsdKnzmGW1fs+XjNuww
#o> png5bOX2/ZQlqRI2d7lJr5v/4qN/28Jprxn/FpY+4tse2xLUlbr5aZ8hWc/P1ga7G7KLy843pRPn2j/1cSq
#o> png1ERT/obnbR8PJOmady415TMu3mDKR7Vva8pL0q5HY0z5487eZJ7h6xP+811ZVao31+YoGAwqIcH2/lFX
#o> pngGvSXoAEAOFZRwAAAOEABAwDgAAUMAIADFDAAAA5QwAAAOEABAwDgAAUMAIADFDAAAA5QwAAAOEABAwDg
#o> pngAAUMAIADXIzhEL6+GEObh6YpIja8izG072C/GEPwQHiP/bXAY/aNxJv9ZpspX3xvG1s+xb5xfterPjLl
#o> pngP9iVYp4xsfMKU/6xzQNN+S92x5vyknTinbbXyOfnpZtnxG2vMuUjy2wfBv466yFTXpIGzPi1KX//hD+a
#o> pngZ2Rv+Lkpf27Gv035+St+bMpLkpdYbspH7LJdxECS2r9smxE37XNTfuesDFNekhIW2i7QsmN+B/OM5Onh
#o> png/1tVVpYqd83vuBgDAACNHQUMAIADFDAAAA5QwAAAOEABAwDgAAUMAIADFDAAAA5QwAAAOEABAwDgAAUM
#o> pngAIADFDAAAA7YN/BthBYOeUxx8eF9rtLUZ99ae3uV35Qf1+U684yYM237Dz/8n4Wm/IV/yjblJWlG+ium
#o> pngfLV9S2S9WmLbwzb6+URTPj7Z/jns6KX/MuVnT7ftyy1JzbYdMOU/+aVt/+HtlfbXedIw237kV//jMvOM
#o> pngE6ftMuVfmt7TlP/45zNNeUk6d/glpnzeuGjzjIl/fMGUf2FnH1O+2Tjb3tGS5I1rZcpHLDzOPCOUUR12
#o> pngtqrcJ60xj6hTnAEDAOAABQwAgAMUMAAADlDAAAA4QAEDAOAABQwAgAMUMAAADlDAAAA4QAEDAOAABQwA
#o> pnggAMUMAAADlDAAAA44PM8z76reiMRCoUUCAQ0dVWmmsTZN0gPVyd/kSnfPnq3ecbFS7JMeV+V7fEvOvOf
#o> pngtjtIenXriaZ8q2Yl5hm9Erea8gPj80z5W6ZfacpLUmVTnynfZmGBecZHv7VthN/lV7bjzr+lhykvSRWJ
#o> pngthdVSq79/GDn2WWmfOdffmQbEBlpy0s6c02hKT9vdqZ5Rupy28eEj39lu/DBsH7vm/KS9PEt3Uz5wvGl
#o> png5hkZk78MO1tZXaY3Pp+tYDCohIQE86y6wBkwAAAOUMAAADhAAQMA4AAFDACAAxQwAAAOUMAAADhAAQMA
#o> png4AAFDACAAxQwAAAOUMAAADhAAQMA4ECU6wXUB++MSFGULyas7Ee/O94+wPhpUFxysXnEyafkm/JzOvzV
#o> pnglD/lpcmmvCS1WG878F6TjPv2Ssq9p78pv/DEAaZ8hyX/MeUlqeqL8PevlaQ5m5ebZ8wP2fbZXrS4pykf
#o> pngvcy2n7UktV9i26c5osK4Ibmk6BebmvIfP9zdlD+p8zZTXpJe+LS1KR+7q9o844mlT5ny1xeca8q/tt72
#o> png7yRJMVfZnu+odfb9mff1Cv/5rqwolT43j6hTnAEDAOBAvS3glStX6pxzzlFaWpp8Pp8WLVpU6+89z9Pt
#o> pngt9+u1NRUxcbGasiQIdq0aZOj1QIAUFu9LeCSkhL17NlTM2fOPOjfT58+XQ8//LBmz56tNWvWqFmzZsrM
#o> pngzFRpqf2SVwAAHGn19nvAw4cP1/Dhww/6d57nacaMGbr11lt13nnnSZKeeeYZJScna9GiRbrwwguP5lIB
#o> pngAPiOensGfChbtmxRYWGhhgwZUvO2QCCgfv36adWqVd97v7KyMoVCoVo3AADqQoMs4MLCQklScnJyrbcn
#o> pngJyfX/N3B5OTkKBAI1NzS09PrdJ0AgMarQRbw4Zo6daqCwWDNraCgwPWSAAANVIMs4JSUFElSUVFRrbcX
#o> pngFRXV/N3B+P1+JSQk1LoBAFAXGmQBZ2RkKCUlRcuWLat5WygU0po1a9S/v21jBgAA6kK9/Sno4uJibd68
#o> pnguebPW7Zs0fr165WYmKi2bdtq8uTJuvvuu3X88ccrIyNDt912m9LS0jRy5EiHqwYA4Cv1toDfffddnXHG
#o> pngGTV/zs7OliSNHTtWc+fO1Y033qiSkhKNHz9ee/fu1YABA7R06VI1adLE1ZIBAKjh8zzPc72IY1UoFFIg
#o> pngENBJ4+9RZEx4xf2jX2wwz9n24wOmfGSn9uYZKtxliltfFhf8K8+Ul6TnPu9rym/5l/2n0o+fbdv8NW9i
#o> pngmikfUXkYeyIv3m/KF5zVzDwjyrjfTEXvfaZ8dLR9n+b0sbZ9lD+/spt5RsUA268OlhXEmfJ3DH/RlJek
#o> pngRzafacq3mOY3z4jYWvTDoW/4/PEWpnzqBfY9zzf9ybYf+WsDHzXPGPbmtWFnqw+UqmDCNAWDwWPm53sa
#o> png5PeAAQA41lHAAAA4QAEDAOAABQwAgAMUMAAADlDAAAA4QAEDAOAABQwAgAMUMAAADlDAAAA4QAEDAOAA
#o> pngBQwAgAP19mpIR1OVX1KY+6O/W2i/YEDpb5ub8uWtKs0z3hj2tCk/6uEbTfkRzZaa8pLUIWOnKf/bu640
#o> pngz/AO2K5K0GXmDlO+qsB2sQdJimxju+BDq9NsFxiQpPixtgs+7NzVwZQfd+NiU16SXjrQxpS/4MplPxz6
#o> pnglpfvOeOHQ9/Q/L3dpvyfe9ivJ76/LNqUv2XeQvOMeUX9TPmR8baLxrw+6nRTXpI6zrJdZObuTsPNM8ae
#o> pngsirsbFlxhf5gnlC3OAMGAMABChgAAAcoYAAAHKCAAQBwgAIGAMABChgAAAcoYAAAHKCAAQBwgAIGAMAB
#o> pngChgAAAcoYAAAHGAv6DCsnPi4EuLD+1zl5EcnmR+/iW3bXmUOW2+e8fN7bjDln5t6vym/tKSdKS9Jv3/2
#o> png56Z875yN5hmRPs+U33lxU1P+5k/eNeUl6YrFE0z5rNZ/N894bkSmKf/7W54w5ac8drUpL0mpleHv2ytJ
#o> pngA+LyzDP+uaqzKb/zTNv+1P93/L2m/OEYtPw6832aJtj2PN+w3Pbv1DzS9n4kSV+caHtf2re3lXmG5f27
#o> png/EC5+fHrGmfAAAA4QAEDAOAABQwAgAMUMAAADlDAAAA4QAEDAOAABQwAgAMUMAAADlDAAAA4QAEDAOAA
#o> pngBQwAgAMUMAAADvg8z7Pvst1IhEIhBQIBTXrrPPnjosO6T7XnM8/5cJRtQ/i8a1ubZ3S+5xNT/qOcjqZ8
#o> pngk+3h/ft804OXPmnKT33gKvOM1DeKTHkvNsaUb/PEVlNekv7xWQdTvuNNIfMMVVSa4pVP2163UZdUmPKS
#o> pngNOiNzab8sp1dzTMif2H8cOazHfdLaxbZHl9S33uNF1c4jI/I51+13JS/JGC7iEhalN+Ul6QJBWea8uue
#o> png726e0ebFz8LOVlaX6Y3PZysYDCohIcE8qy5wBgwAgAMUMAAADlDAAAA4QAEDAOAABQwAgAMUMAAADlDA
#o> pngAAA4QAEDAOAABQwAgAMUMAAADlDAAAA4EOV6AfVBaVW0qqvC2+t4yfqe5sePvdS2//BTox4zz/j97NGm
#o> pngfGQo0pRvO22VKS9J1/qvNOU7zf/YPEMtE01xX6ltj+N3C9NNeUnq3abAlH97mm3vaElafcYjpvxZ999g
#o> pngyjc9o9qUl6R2MatN+bLpaeYZ81fPMOV/0XaAKb+/2r4HdtqT/zblp7xn+3eSpAl/s70vTR35oSl/bq/h
#o> pngprwkfXhXW1N+3a/vM8/o1WlK2NnqA6XS9eYRdYozYAAAHKi3Bbxy5Uqdc845SktLk8/n06JFta9Scvnl
#o> pngl8vn89W6DRs2zNFqAQCord4WcElJiXr27KmZM2d+b2bYsGHasWNHze255547iisEAOD71dvvAQ8fPlzD
#o> pnghx/6+xJ+v18pKSlHaUUAAISv3p4Bh2PFihVKSkpSly5ddM0112jPnj2HzJeVlSkUCtW6AQBQFxpsAQ8b
#o> pngNkzPPPOMli1bpj/84Q/Kzc3V8OHDVVVV9b33ycnJUSAQqLmlp9t/whUAgHDU2y9B/5ALL7yw5v+7d++u
#o> pngHj16qGPHjlqxYoUGDx580PtMnTpV2dnZNX8OhUKUMACgTjTYM+Bv69Chg1q2bKnNmzd/b8bv9yshIaHW
#o> pngDQCAutBoCnjbtm3as2ePUlNTXS8FAID6+yXo4uLiWmezW7Zs0fr165WYmKjExERNmzZNY8aMUUpKivLz
#o> png83XjjTeqU6dOyszMdLhqAAC+Um8L+N1339UZZ5xR8+evv3c7duxYzZo1Sxs2bNDTTz+tvXv3Ki0tTUOH
#o> pngDtVdd90lv9/vaskAANTweZ7nuV7EsSoUCikQCOj4v/xGkU3DK+6UwD7znG2rWpvyUSfafz2qdL9tv+kn
#o> pngf/y0KT/9FNueupK0d8SJpvzz0+17xX5Y3sKUv+552566EV2KTXlJOu7FZqZ8s+1l5hmfDW9im7HNZ8oH
#o> pngTy015SXphJu2m/Lz/rXQPKOJz3ZO8dOPbXukb/7E/i2sVqtt+6qP/PVy84ylO2zvS01vjTPl75w/15SX
#o> pngpH/s72zKX5DwvnnG5E9HhZ2tKCnXq8OeVDAYPGZ+vqfRfA8YAIBjCQUMAIADFDAAAA5QwAAAOEABAwDg
#o> pngAAUMAIADFDAAAA5QwAAAOEABAwDgAAUMAIADFDAAAA5QwAAAOFBvr4Z0NFVVRsirDG9D9cLlbcyP/9L4
#o> png+035f5elmWc806e7Kf/7sj6m/I5rupnyknT+lbZN55Mj7VeyGn/+z0z5quttFxlo8na8KS9Jr9xnu6jE
#o> png/H3Hm2dUGT+3fmjxT0352I9sF3uQpL2ntzflL+p5tnnGZW+/Z8r/pNUmU/71E5aY8pKk82zxjFfGmUcM
#o> pngP/nfpvyvX3zDlF+xv5MpL0lLbhlsyj/Za6h5Rof5X4SdrayyX9SkrnEGDACAAxQwAAAOUMAAADhAAQMA
#o> png4AAFDACAAxQwAAAOUMAAADhAAQMA4AAFDACAAxQwAAAOUMAAADjg8zzPc72IY1UoFFIgENDGD5MUHx/e
#o> png5ypn/jPLPCftmRhTvuza8Pc//dqX+5qa8rG5tj2OU18vMuUl6cuHbPmizS3NM0acut6Uf3X1yab87Wct
#o> pngNOUladpK4+bAkfZ30QcHPm/K3/qny0z59Ffsr0Ft/tQUT1th36r+7YIMU75t4pemfEVOsikvSf7CElO+
#o> png+kPb/tSStHNCP1M+9OMDpnzT9bGmvCRVNrPlHx/7mHnG5HuvCTtbVV6qjX+6RcFgUAkJCeZZdYEzYAAu
#o> pngRHVgAAAQiElEQVQAHKCAAQBwgAIGAMABChgAAAcoYAAAHKCAAQBwgAIGAMABChgAAAcoYAAAHKCAAQBw
#o> pnggAIGAMABChgAAAfsu503QsNfnqSI2CZhZUed9i/z4/+926mmfGWx7cIKknRbz1dN+dNP/cyUv/qf4015
#o> pngSXr8hKdM+dEfTDbPeD/HdnGF6B/ZPif9WdxWU16S7g5FmvLNP/aZZ9x6nO2CDy0+qDTlI/bsNeUlyevQ
#o> png1pTfcaV5hNr5q015X1WcKb/7t/tNeUlKuTe8jx01M8b3Nc+479ePm/LXLLC9vzY7c6cpL0kJd9muxnDX
#o> pngiivMM5LXbQw7W+mVmx+/rnEGDACAAxQwAAAOUMAAADhAAQMA4AAFDACAAxQwAAAOUMAAADhAAQMA4AAF
#o> pngDACAAxQwAAAOUMAAADjg8zzPc72IY1UoFFIgENCgPjcrKiq8/Vz3tbPv0xxXcMCUjy7YY57hNbXtR5t/
#o> pngWStTvs0y+z6re07ym/L7Otj2+ZWktt12mPJNRu425Xv9M2TKS9LC/B6mfPtrvzTPuPLNt2wzom3HfVuf
#o> png4aa8JO0dfLwpn3nzSvOM/P0tTfkdN3Qw5av9tn28JWl3N9vrfH9r+4fkyPbFpnyTt+JN+QPJ9jX1O/MD
#o> pngU37XkCrzjJKzTgo7W1lRqjUv365gMKiEhATzrLrAGTAAAA7U2wLOyclRnz59FB8fr6SkJI0cOVJ5eXm1
#o> pngMqWlpcrKylKLFi0UFxenMWPGqKioyNGKAQD4r3pbwLm5ucrKytLq1av1+uuvq6KiQkOHDlVJSUlNZsqU
#o> pngKVqyZIkWLFig3Nxcbd++XaNHj3a4agAAvlJvrwe8dOnSWn+eO3eukpKStHbtWg0cOFDBYFBPPvmk5s2b
#o> pngpzPPPFOSNGfOHJ1wwglavXq1Tj3Vdg1eAACOpHp7BvxtwWBQkpSYmChJWrt2rSoqKjRkyJCaTNeuXdW2
#o> pngbVutWrXqoI9RVlamUChU6wYAQF1oEAVcXV2tyZMn67TTTlO3bt0kSYWFhYqJiVHz5s1rZZOTk1VYWHjQ
#o> pngx8nJyVEgEKi5paen1/naAQCNU4Mo4KysLG3cuFHPP//8//Q4U6dOVTAYrLkVFBQcoRUCAFBbvf0e8Ncm
#o> pngTpyol19+WStXrlSbNm1q3p6SkqLy8nLt3bu31llwUVGRUlJSDvpYfr9ffr/td/YAADgc9fYM2PM8TZw4
#o> pngUQsXLtTy5cuVkZFR6+979eql6OhoLVu2rOZteXl52rp1q/r373+0lwsAQC319gw4KytL8+bN0+LFixUf
#o> pngH1/zfd1AIKDY2FgFAgFdddVVys7OVmJiohISEjRp0iT179+fn4AGADhXbwt41qxZkqRBgwbVevucOXN0
#o> png+eWXS5IefPBBRUREaMyYMSorK1NmZqYee+yxo7xSAAC+i72gD+HrvaCHvHq1opvFhHWfKel/N88Z9/I4
#o> pngU96Ltu+JfMIDu0z5//wi1ZQva1VpyktS29ds+comPvOM4ta2vXtTH33HlN9zWR9TXpLit9r2zQ61D++1
#o> png901J/7A939e+ssSUn7jmYlNeklJaBE35/klbzDNeWtHPlO/64DZT/sOb00x5SYqIqzDl+3e0H/e61040
#o> png5dv/n23v7709Ek15SdrfyvYdTm+wfc/z0Jfh771ffaBU266Zxl7QAAA0dhQwAAAOUMAAADhAAQMA4AAF
#o> pngDACAAxQwAAAOUMAAADhAAQMA4AAFDACAAxQwAAAOUMAAADhAAQMA4EC9vRrS0bRjUTtFxjQJKzvg5lLz
#o> png40clHTDl0/5i35zfV2W7gEP7v9o2zt/fppkpL0mxhbbjrvLbLqwgSdVR4T1vNfk+J5nyv7/lCVNekh4Y
#o> pngmGnKfzoy3TzjQKskU35gk32mfOc7ba8PSSoYlWLK3zzpL+YZvc7+1JT/7KyWpnzojtamvCQ13V5lym++
#o> png3bYmSXr+qgdM+fPaTbQNiLRdUEKSUpdGm/Int7ZfhGLTfV3DzlZWVsl26Y26xxkwAAAOUMAAADhAAQMA
#o> png4AAFDACAAxQwAAAOUMAAADhAAQMA4AAFDACAAxQwAAAOUMAAADhAAQMA4AB7QYchstRTZLUXVvaUWdeZ
#o> pngH7+qpW2fZi/ClpckL9r2VP/nBtu+yy3+av9c7pNJtr1iOz9UZp6x++RYU77wdL8pf3/vgaa8JBWd386U
#o> png7zL7S/MMX9EeUz56ou353nV6sikvSRdcutyUP/faKeYZvgk7TfkuzW35HT+zvwYjttr2SY/+R5x5xuVL
#o> pngbP9Wi2960JRfXhL+nstfu3TIB6b8ZUMvN88IPBH+7s4VJeWSbRv2OscZMAAADlDAAAA4QAEDAOAABQwA
#o> pnggAMUMAAADlDAAAA4QAEDAOAABQwAgAMUMAAADlDAAAA4QAEDAOAABQwAgANcjCEMT970sOLiw/tcZeLF
#o> pngWebHj/rkc1O++aJK84zVmzqY8jf2WGrKL77ndFNeks644UNT/p2E3uYZHV8sNuU9n+3xB+Rut91B0qKC
#o> pnglqZ8Xo9E84zAx7b7vLJ/lSlfmmj8h5IUofAuaPK13T1sF4iQpJjXUk35la1STPkWH5vikqQuv7JdlOCf
#o> pngq080z2j1fpUp/0VVU1P+qSdHmPKS9FDnoab8X16ZbZ4xbt1lYWer9peaH7+ucQYMAIADFDAAAA5QwAAA
#o> pngOEABAwDgAAUMAIADFDAAAA5QwAAAOEABAwDgAAUMAIADFDAAAA5QwAAAOODzPM+2QWsjEgqFFAgENLjT
#o> pngZEVF+sO6z4zXnzHPGfXueFM+dmmCeUarNV+a8qc8bduneeHmnqa8JJXujjXlHz9rjnnG66Fupvy/r7Lt
#o> pngw/tFT/tz0eRL2769bW/6xDxjz5ByU/7jmSeY8kNOtG+KfHbi+6b8Xff9wjzjwkl/N+XfHGV73Y7862pT
#o> pngXpIWjRlgyhf81LZXuCSdc9Fbpvy6K7ub8qUptr2jJan5b7aa72P1ny/D3/O8an+ZPr5ouoLBoBIS7O+3
#o> pngdYEzYAAAHKi3BZyTk6M+ffooPj5eSUlJGjlypPLy8mplBg0aJJ/PV+s2YcIERysGAOC/6m0B5+bmKisr
#o> pngS6tXr9brr7+uiooKDR06VCUlJbVy48aN044dO2pu06dPd7RiAAD+q95eD3jp0trXq507d66SkpK0du1a
#o> pngDRw4sObtTZs2VUqK7ZqfAADUtXp7BvxtwWBQkpSYWPub8s8++6xatmypbt26aerUqdq/f//3PkZZWZlC
#o> pngoVCtGwAAdaHengF/U3V1tSZPnqzTTjtN3br996deL774YrVr105paWnasGGDbrrpJuXl5emll1466OPk
#o> png5ORo2rRpR2vZAIBGrEEUcFZWljZu3Ki33qr9o/jjx//313u6d++u1NRUDR48WPn5+erYseN3Hmfq1KnK
#o> pngzs6u+XMoFFJ6enrdLRwA0GjV+wKeOHGiXn75Za1cuVJt2rQ5ZLZfv36SpM2bNx+0gP1+v/z+8H7fFwCA
#o> png/0W9LWDP8zRp0iQtXLhQK1asUEZGxg/eZ/369ZKk1NTUul4eAACHVG8LOCsrS/PmzdPixYsVHx+vwsJC
#o> pngSVIgEFBsbKzy8/M1b948jRgxQi1atNCGDRs0ZcoUDRw4UD169HC8egBAY1dvC3jWrFmSvtps45vmzJmj
#o> pngyy+/XDExMXrjjTc0Y8YMlZSUKD09XWPGjNGtt97qYLUAANRWbwv4h7awTk9PV25u7hGZVfZAhaqahfcb
#o> pngW5mvTTE/fvrSH858U/Fh/FpzVXwTU/7swHpT/vkDvU15SYrbYnv5TZr/S/OMpZfea8pfE2HbC3rP4FJT
#o> pngXpK02/ZzBkUFbc0jMspte3nfd9oCU75rTJEpL0k/XT7JlO/0823mGWc1sx33sse7mvIvXXqGKS9Jn9xk
#o> pnge76jYkp+OPQti1607Tfd41HbXt53tH7ZlJekMi/SlL/wz5PNMzr8OfzXYWVVmew7mNetBvN7wAAA1CcU
#o> pngMAAADlDAAAA4QAEDAOAABQwAgAMUMAAADlDAAAA4QAEDAOAABQwAgAMUMAAADlDAAAA4QAEDAOCAz/uh
#o> pngqxo0YqFQSIFAQIV56UqID+9zlT8FO5jnvDLmVFP+rlefNc/Ir2hlyv/mbxea8r7jyk15SWq6IdaUT//j
#o> pngR+YZRefbNtv/adZKU351z2hTXpL2jOtvypcd5zPPKO5Qacq/mPmoKT/uD9eZ8pIk42F0vjTPPOK95V1M
#o> png+bR/2v6dtp9mv35Nhxf3mvJVzWLMM/J/ZntfarLbdu41Z9xDprwkjX/A9hoJ9bFf2KRpXFnY2ar9Zfrk
#o> pngkt8rGAwqISHBPKsucAYMAIADFDAAAA5QwAAAOEABAwDgAAUMAIADFDAAAA5QwAAAOEABAwDgAAUMAIAD
#o> pngFDAAAA5QwAAAOMBe0Ifw9V7QgyJGK8oX3p6/Xy6x7wXd/HdNTfm/zH/MPOOyc8eb8gXDAqZ8+z9/ZspL
#o> png0ivvvGLKd5w/wTzDlxT+XrGS1Dn7c1O+5SL7/rWf33q8KX/zE3PNM+4Zd7kpH1FRbcpHrfvElJek/Nt6
#o> pngmPIVSRXmGSfcZHsddnrNtk/z317rbcpLUsVxtn9b/+5I84yo/bZ8cWfb3u1dZh2wDZBU3cS2T/rYp5aY
#o> pngZ/y4SfjP97591TrlpJ3sBQ0AQGNHAQMA4AAFDACAAxQwAAAOUMAAADhAAQMA4AAFDACAAxQwAAAOUMAA
#o> pngADhAAQMA4AAFDACAAxQwAAAOcDGGQ/j6YgwnXHOPIv1NwrpP3PYq85ziS0KmfNXq48wz2jy41naHbp1M
#o> png8ZgH9tgeX9KOfbYN0VuMsV/woWxQd1Pei/TZHn/SF6a8JAXOsR1HZNs25hmnvJRvyr/zqx+Z8rt/Y78I
#o> pngRfwTtgt8xH1QZJ5R3C3ZlD/uettzMTL5PVNekvZW2S628uTcEeYZzc7YacvfZ3suSlJtF1aQpN/99o+m
#o> png/PTjTzbPiEpLCTtbWV2mNz6fzcUYAABo7ChgAAAcoIABAHCAAgYAwAEKGAAAByhgAAAcoIABAHCAAgYA
#o> pngwAEKGAAAByhgAAAciHK9gGPZ17t0VpWHv+1eZYV9K8qq/WW2fJl9G8BKr8J2hyrbmnwl5bbHl/24zccg
#o> pngqbLS9m/lVdu2oqwqsR2DZD8Or9o+o6zYNsP672R97iSpssI2o/Iwjts6o8L4uj1QXGnKS1Jple0+h/P+
#o> pngbX0dmp/vcvvHtZJ9tvsczvu3DK+Ryuqvnutjafdl9oI+hG3btik9Pd31MgAAR0hBQYHatLHvr14XKOBD
#o> pngqK6u1vbt2xUfHy+f779nRqFQSOnp6SooKDhmNvU+Gjhujrsx4Lgb5nF7nqd9+/YpLS1NERHHxndf+RL0
#o> pngIURERBzyM6WEhIQG+UL9IRx348JxNy4N+bgDAdtVoOrasfFpAAAAjQwFDACAA5F33nnnna4XUR9FRkZq
#o> png0KBBiopqXF/F57g57saA425cx+0KP4QFAIADfAkaAAAHKGAAAByggAEAcIACBgDAAQoYAAAHKGAAAByg
#o> pnggAEAcIACBgDAAQoYAAAHKGAAAByggAEAcIACBgDAAQoYAAAHKGAAAByggAEAcIACBgDAAQoYAAAHKGAA
#o> pngAByggAEAcIACBgDAAQoYAAAHKGAAAByggAEAcIACBgDAAQoYAAAHKGAAAByggAEAcIACBgDAAQoYAAAH
#o> pngKGAAAByggAEAcIACBgDAAQoYAAAHKGAAAByggAEAcIACBgDAgf8HGg+0GgJnOAIAAAAASUVORK5CYII=
#o> png}}}
#o> png{{{
#o> pngiVBORw0KGgoAAAANSUhEUgAAAeAAAAHgCAYAAAB91L6VAAAABHNCSVQICAgIfAhkiAAAAAlwSFlzAAAP
#o> pngYQAAD2EBqD+naQAAADl0RVh0U29mdHdhcmUAbWF0cGxvdGxpYiB2ZXJzaW9uIDIuMi4yLCBodHRwOi8v
#o> pngbWF0cGxvdGxpYi5vcmcvhp/UCwAAIABJREFUeJzt3Xl4lOX59vEz67AlA2HJIgHCLqtV2X4qoiAQFEF4
#o> pngW0C0gAiiwQKpYrEKuLSpaJVqUVoX0FZUbAUqVaoiiyhgBSmlhQgRWSQJi5IhgSxknvcPD9JGEeeyJDdJ
#o> pngvp/jmEMzOWeu+8lMcmaScD9hnud5AgAAlSrc9QIAAKiJKGAAAByggAEAcIACBgDAAQoYAAAHKGAAAByg
#o> pnggAEAcIACBgDAAQoYAAAHKGAAAByggAEAcIACBgDAAQoYAAAHKGAAAByggAEAcIACBgDAAQoYAAAHKGAA
#o> pngAByggAEAcIACBgDAAQoYAAAHKGAAAByggAEAcIACBgDAAQoYAAAHKGAAAByggAEAcIACBgDAAQoYAAAH
#o> pngKGAAAByggAEAcIACBgDAAQoYAAAHKGAAAByggAEAcIACBgDAAQoYAAAHKGAAAByggAEAcIACBgDAAQoY
#o> pngAAAHKODvYd68eWrRooVq1aqlHj166MMPP3S9pAo1e/ZshYWFlbu0b9/e9bLOurVr12rw4MFKSkpSWFiY
#o> pngli5dWu79nudp5syZSkxMVO3atdWvXz/t3LnT0WrPnu867rFjx37j8R84cKCj1Z4dGRkZ6tatm2JiYtSk
#o> pngSRMNHTpUmZmZ5TKFhYVKS0tTw4YNVa9ePQ0fPly5ubmOVnx2hHLcffr0+cbjPWnSJEcrrt4oYKNXXnlF
#o> png6enpmjVrljZv3qyuXbtqwIABOnjwoOulVaiOHTsqOzu77LJu3TrXSzrrCgoK1LVrV82bN++0758zZ44e
#o> pngf/xxzZ8/Xxs3blTdunU1YMAAFRYWVvJKz67vOm5JGjhwYLnH/6WXXqrEFZ59a9asUVpamjZs2KC3335b
#o> pngJSUl6t+/vwoKCsoy06ZN0+uvv65XX31Va9as0YEDBzRs2DCHq/7fhXLckjRhwoRyj/ecOXMcrbia82DS
#o> pngvXt3Ly0trezt0tJSLykpycvIyHC4qoo1a9Ysr2vXrq6XUakkeUuWLCl7OxgMegkJCd7DDz9cdt3Ro0c9
#o> pngn8/nvfTSSy6WWCG+ftye53ljxozxhgwZ4mhFlePgwYOeJG/NmjWe53312EZFRXmvvvpqWWb79u2eJG/9
#o> png+vWulnnWff24Pc/zLr/8cm/KlCkOV1Vz8ArYoLi4WJs2bVK/fv3KrgsPD1e/fv20fv16hyureDt37lRS
#o> pngUpJatmyp0aNHa+/eva6XVKl2796tnJycco+93+9Xjx49qv1jL0mrV69WkyZN1K5dO9166606cuSI6yWd
#o> pngVXl5eZKkuLg4SdKmTZtUUlJS7vFu3769mjVrVq0e768f9ykvvviiGjVqpE6dOmnGjBk6fvy4i+VVe5Gu
#o> pngF1CVHD58WKWlpYqPjy93fXx8vHbs2OFoVRWvR48eWrhwodq1a6fs7Gzdd999uuyyy7Rt2zbFxMS4Xl6l
#o> pngyMnJkaTTPvan3lddDRw4UMOGDVNKSoqysrJ09913KzU1VevXr1dERITr5f3PgsGgpk6dqksuuUSdOnWS
#o> png9NXjHR0drfr165fLVqfH+3THLUnXX3+9mjdvrqSkJG3dulV33XWXMjMz9dprrzlcbfVEAeM7paamlv1/
#o> pngly5d1KNHDzVv3lyLFy/W+PHjHa4MlWHkyJFl/9+5c2d16dJFrVq10urVq9W3b1+HKzs70tLStG3btmr5
#o> pngdw1n8m3HPXHixLL/79y5sxITE9W3b19lZWWpVatWlb3Mao0fQRs0atRIERER3/hLyNzcXCUkJDhaVeWr
#o> pngX7++2rZtq127drleSqU59fjW9Mdeklq2bKlGjRpVi8d/8uTJWr58uVatWqWmTZuWXZ+QkKDi4mIdPXq0
#o> pngXL66PN7fdtyn06NHD0mqFo/3uYYCNoiOjtZFF12klStXll0XDAa1cuVK9erVy+HKKld+fr6ysrKUmJjo
#o> pngeimVJiUlRQkJCeUe+0AgoI0bN9aox16S9u/fryNHjlTpx9/zPE2ePFlLlizRu+++q5SUlHLvv+iiixQV
#o> pngFVXu8c7MzNTevXur9OP9Xcd9Olu2bJGkKv14n6v4EbRRenq6xowZo4svvljdu3fX3LlzVVBQoHHjxrle
#o> pngWoW54447NHjwYDVv3lwHDhzQrFmzFBERoVGjRrle2lmVn59f7rv83bt3a8uWLYqLi1OzZs00depUPfjg
#o> pngg2rTpo1SUlJ07733KikpSUOHDnW46v/dmY47Li5O9913n4YPH66EhARlZWVp+vTpat26tQYMGOBw1f+b
#o> pngtLQ0LVq0SMuWLVNMTEzZ73X9fr9q164tv9+v8ePHKz09XXFxcYqNjdXtt9+uXr16qWfPno5X//1913Fn
#o> pngZWVp0aJFGjRokBo2bKitW7dq2rRp6t27t7p06eJ49dWQ6z/DroqeeOIJr1mzZl50dLTXvXt3b8OGDa6X
#o> pngVKFGjBjhJSYmetHR0d55553njRgxwtu1a5frZZ11q1at8iR94zJmzBjP8776p0j33nuvFx8f7/l8Pq9v
#o> png375eZmam20WfBWc67uPHj3v9+/f3Gjdu7EVFRXnNmzf3JkyY4OXk5Lhe9v/kdMcryVuwYEFZ5sSJE95t
#o> pngt93mNWjQwKtTp4533XXXednZ2e4WfRZ813Hv3bvX6927txcXF+f5fD6vdevW3p133unl5eW5XXg1FeZ5
#o> pngnleZhQ8AAPgdMAAATlDAAAA4QAEDAOAABQwAgAMUMAAADlDAAAA4QAEDAOAABfw9FBUVafbs2SoqKnK9
#o> pnglErFcXPcNQHHXbOO2yU24vgeAoGA/H6/8vLyFBsb63o5lYbj5rhrAo67Zh23S7wCBgDAAQoYAAAHOBvS
#o> pngGQSDQR04cEAxMTEKCwsruz4QCJT7b03BcXPcNQHHXT2P2/M8HTt2TElJSQoPPzdee/I74DPYv3+/kpOT
#o> pngXS8DAHCW7Nu3T02bNnW9DEm8Aj6jmJgYSVLPS3+myEhfSLeJWr/dPCf4g7am/Kc32b978+2sZcr/avRC
#o> pngU35rYTNTXpKW/P4KU7724aB5xrHkCFO+4IITpnz8X6NNeUn6cniBKR+2xf4HMSeal5jyvgNRprz/U/tj
#o> png8eysx035xw7anh+StP922/Nw9Atvm/L3v/FDU16S5g5eYMq/l9/ePOMvy/7PlE9+7GNTPv9q+7mAs/vY
#o> pngXtvVaXzcPKP+K3VDzpaWFGrTm78o+7p+Lqj2BTxv3jw9/PDDysnJUdeuXfXEE0+oe/fuId321I+dIyN9
#o> pngiowMrcAiw2xfyCQpGOJ9nxJe217AET7bjLoxtuKqFWk/7oho25oio+xf9CN8tuMIr2P7ohEZZS/giDql
#o> pngpnyY8bGTpPDatuOO8Nkev4ho+2MRE2N73kYft39sIyNC+0b5lDrG53l4LftjYf1c8ul7fC4ZnyPWr1OR
#o> pngUd/nOWj7XLJ+Xkjfb13//etE186NH4RXkFdeeUXp6emaNWuWNm/erK5du2rAgAE6ePCg66UBAGq4al3A
#o> pngjz76qCZMmKBx48apQ4cOmj9/vurUqaPnnnvO9dIAADVctS3g4uJibdq0Sf369Su7Ljw8XP369dP69etP
#o> pnge5uioiIFAoFyFwAAKkK1LeDDhw+rtLRU8fHx5a6Pj49XTk7OaW+TkZEhv99fduEvoAEAFaXaFvD3MWPG
#o> pngDOXl5ZVd9u3b53pJAIBqqtr+FXSjRo0UERGh3Nzcctfn5uYqISHhtLfx+Xzy+Wx/RQkAwPdRbV8BR0dH
#o> png66KLLtLKlSvLrgsGg1q5cqV69erlcGUAAFTjV8CSlJ6erjFjxujiiy9W9+7dNXfuXBUUFGjcuHGulwYA
#o> pngqOGqdQGPGDFChw4d0syZM5WTk6MLLrhAK1as+MYfZgEAUNnYC/oMTp0f88pOd4a8w86gl07/T5zOZGL9
#o> pngXab8+Usnm2e0+YNti8X85NqmfMySTaa8JN2/0/axmj1wlHnGjrtt2zgmGreWPHCVffeeBvG2f97241Yb
#o> pngzTNev72vKR+5arMpH96xnSkvSXctW2zKHymtZ5/x0TBT3ronUgO/bRtRSar/YB1T/sFFz5hnjHt6iikf
#o> pngUWi7//wU+/O8/c9t2/KWtm9untHgsc9DzpYUFGvpVQvPqfMdV9vfAQMAcC6jgAEAcIACBgDAAQoYAAAH
#o> pngKGAAAByggAEAcIACBgDAAQoYAAAHKGAAAByggAEAcIACBgDAAQoYAAAHOBnDGZw6GUO/8yYpMjy0kzF8
#o> pngMqexeU7SS7YTAHzZ1n4Sq7rZQVO+sIHte7PkH31qykvSwadbmPK5V540z4g8GGXKN+h82JR/vuPzprwk
#o> pngzdo/2JQ/fH+KeYZv7TZT/tjVXU35nGHFprwktU2zPUc+ufd88wwl2s4yUH+V7aQjPSfaTlohSZ+OSjLl
#o> pngwwpsJ06RpNqLbZ8bWz5sbco37ZxjyktS7jrbcTf+h/3z++oHV4WcLcwv0f093+FkDAAA1HQUMAAADlDA
#o> pngAAA4QAEDAOAABQwAgAMUMAAADlDAAAA4QAEDAOAABQwAgAMUMAAADlDAAAA4YN9UuAbqsni/fPVC21O4
#o> png8HCE+f4LayWa8gU/sO8VG1Fk2/M26fV9pvw9d7xuykvSrC03mvKLf/mMeUb/BdNNeX9GXVN+0A1TTXlJ
#o> pngeuTKl035V2aaR6hjTMCUX77vS1M+2VdkykvS8PWZpvzzP2tnnnHgUtvzPGZviSn/66R1prwk7V9p+1hN
#o> png7jDAPCO/pL4p/6dhvzHlp99wiykvSYXjbfuFPzLuKfOMWR0vDzl70rPvX17ReAUMAIADFDAAAA5QwAAA
#o> pngOEABAwDgAAUMAIADFDAAAA5QwAAAOEABAwDgAAUMAIADFDAAAA5QwAAAOEABAwDgACdjCMFHXzRTZJEv
#o> pngpGzBwiTz/c+fY9sYvXlkqXnGF5cFTfnUpnea8juLE0x5Sbru1bWm/PBZtjVJ0qQ73jDl/zbnPFM+4rY2
#o> pngprwkPTFlhClf51PbiRIk6cNAaCcPOSX2D4Wm/NFXbR8nSfrr6M6mfL0PdptnxDVobcp/dp3tNcjMg91M
#o> pngeUl69/FepnzB88fMMx5u9idTfuTfbzblE/y255Mktbt1qyn/2T8bmWd4JSdDz3r2r5sVjVfAAAA4QAED
#o> pngAOAABQwAgAMUMAAADlDAAAA4QAEDAOAABQwAgAMUMAAADlDAAAA4QAEDAOAABQwAgAPsBR2Cm857X3Vi
#o> pngIkLK3tlrlPn+64SHvp+pJP36SE/zjAeb/NOUr7s3zJR/P2DfE3ntny405Yvae+YZT++4xJS//+PXTflr
#o> png6q425SVpWpvLTPk1S2wfJ0nywpqY8l1q7zDlT35u31e3cHyMKZ/9I/v+4rW+sO15Hr/O9hpk41/se0E3
#o> pngem+bKd/wDyfMM/rtse0fHb7V9lh80d4UlyTF/sS2X/j8yba9wiVpYdbckLPHjgXVpYN5RIXiFTAAAA5U
#o> png6wKePXu2wsLCyl3at/8e38oBAHCWVfsfQXfs2FHvvPNO2duRkdX+kAEAVUC1b6PIyEglJNh/lwQAQEWq
#o> png1j+ClqSdO3cqKSlJLVu21OjRo7V3795vzRYVFSkQCJS7AABQEap1Affo0UMLFy7UihUr9NRTT2n37t26
#o> png7LLLdOzY6f9iMCMjQ36/v+ySnJxcySsGANQU1bqAU1NT9cMf/lBdunTRgAED9MYbb+jo0aNavHjxafMz
#o> pngZsxQXl5e2WXfvn2VvGIAQE1R7X8H/N/q16+vtm3bateuXad9v8/nk8/nq+RVAQBqomr9Cvjr8vPzlZWV
#o> pngpcTERNdLAQDUcNW6gO+44w6tWbNGn332mT744ANdd911ioiI0KhR9t2qAAA4m6r1j6D379+vUaNG6ciR
#o> pngI2rcuLEuvfRSbdiwQY0bN3a9NABADVetC/jll18+K/fz94IU+cKiQsqe/6vPzfd/3ed3mvIZ4xaaZ2SV
#o> png5JvyBcm2fZdXftrWlJekFqts+9cuX7LQPOOqCZNM+QueOmDK9/zoZlNekgpORJvyJ+Nt+xtLUrO/2fZq
#o> png/mKV7S/+w2PsayqJjzXlL7/pQ/OMtc/Y9mpOWJxpyr+4ZbkpL0kfFMWZ8smRR80zImV7TjVdWWDKZ19a
#o> png15SXpHb1D5ryn0237YkvSROvuyXk7MnSIkm/Ms+oSNX6R9AAAJyrKGAAAByggAEAcIACBgDAAQoYAAAH
#o> pngKGAAAByggAEAcIACBgDAAQoYAAAHKGAAAByggAEAcIACBgDAgWp9MoazpX7kcdWKDO1kDMc72s813GRz
#o> pngiSk/JfkG84yIWNuM4HlFpvz507805SVpwjurTPkrptxmnhG7x7ax/c6Shqb86z94xpSXpDUnmpvyu4vs
#o> pngZ+9a0rKLKf9Ftt+U7/BAtikvSXtGNzPlD77Q3TwjNtd2Eoro10L7vD6l2+J0U16S2j2615Q/3inJPKM0
#o> png/YgpH/NZrik/9bktprwkZbwx1JQPOxlmnuGlF4acDR4PSvZzp1QoXgEDAOAABQwAgAMUMAAADlDAAAA4
#o> pngQAEDAOAABQwAgAMUMAAADlDAAAA4QAEDAOAABQwAgAMUMAAADrAXdAhqhZ9UrRC/VclLsX9I6wyx7cuq
#o> pngA3HmGQlLok35OzJeNOU/WpZiykvSLzIHmfKTHlhmnlE33Lan9eP7+pryV8f/05SXpKXZF5jyJ0ps+xVL
#o> pngUsEJnynfp8sOUz473raftST9cvxCU77Es38uPdOlgynf+/6Dpnzxs7Y9syUpd5DtY9V+3HbzjMNTkk35
#o> png3m9tM+WPBWuZ8pLkRdjyrX663jwjMKpnyNnSEk97zBMqFq+AAQBwgAIGAMABChgAAAcoYAAAHKCAAQBw
#o> pnggAIGAMABChgAAAcoYAAAHKCAAQBwgAIGAMABChgAAAcoYAAAHAjzPM9zvYhzVSAQkN/vV8vnZyiiTmib
#o> pngkW/+v2fNc7p/OM6Ub/DHeuYZX96Qb8oXHKxryg/pttmUl6RPRtg2kD/vRdvG+ZL0zscdTfmNVz9myqc+
#o> pngeIcpL0lFAwKm/CsXPmOeMf3KUab8I+8uMuVv/eR6U16S6tx43JQ/0r+VeUbDm4zb7Y88aYrveLip7f4l
#o> png1f/AdmKME31tn6uSlDLedtzjP9piyverYzxhjKSgsVqm7B9onnH45sSQsydLi7Ry+yPKy8tTbGyseVZF
#o> png4BUwAAAOUMAAADhAAQMA4AAFDACAAxQwAAAOUMAAADhAAQMA4AAFDACAAxQwAAAOUMAAADhAAQMA4AB7
#o> pngQZ/Bqb2gr195vaLrRYd0m88vL7EPCtoegsM/vsg84mh7W35gH9vezlu/SLINkHRwQ+j7uEpSw38FzTPe
#o> pngnzvflO/w5G2mfDDa/unT4nXbXr8X/v4f5hkbj7Qw5YMPNzHl62w7YMpLUt6zoe2nfsqJkkjzjFp/iDPl
#o> pngX3rkEVN+4pBbTHlJ2jPYb8ovHz/HPOPa30035SO6f2nKex80MOUlKfYz2+fru489YZ5x4W+nhJwtLSrU
#o> pngzl/fzV7QAADUdFW2gNeuXavBgwcrKSlJYWFhWrp0abn3e56nmTNnKjExUbVr11a/fv20c+dOR6sFAKC8
#o> pngKlvABQUF6tq1q+bNm3fa98+ZM0ePP/645s+fr40bN6pu3boaMGCACgsLK3mlAAB8k/2XLOeI1NRUpaam
#o> pngnvZ9nudp7ty5uueeezRkyBBJ0gsvvKD4+HgtXbpUI0eOrMylAgDwDVX2FfCZ7N69Wzk5OerXr1/ZdX6/
#o> pngXz169ND69eu/9XZFRUUKBALlLgAAVIRqWcA5OTmSpPj4+HLXx8fHl73vdDIyMuT3+8suycnJFbpOAEDN
#o> pngVS0L+PuaMWOG8vLyyi779u1zvSQAQDVVLQs4ISFBkpSbm1vu+tzc3LL3nY7P51NsbGy5CwAAFaFaFnBK
#o> pngSooSEhK0cuXKsusCgYA2btyoXr16OVwZAABfqbJ/BZ2fn69du3aVvb17925t2bJFcXFxatasmaZOnaoH
#o> pngH3xQbdq0UUpKiu69914lJSVp6NChDlcNAMBXqmwBf/TRR7riiivK3k5PT5ckjRkzRgsXLtT06dNVUFCg
#o> pngiRMn6ujRo7r00ku1YsUK1apl2w4PAICKwF7QZ3BqL+g/bWmrujERId3ml7ePNc8JL7Htmepb9y/zjNzF
#o> pngzU354DsNTfmfpb1kykvSzCW2f4/9wWjbvr2SNGpUmik/4bklpvy6QFtTXpKCnu03P13q2f8Y8O+BFFP+
#o> png/X22fItZ9j3Pvd2243jwX6vNM0b/fbwpP6yNbZ/tV9+6xJSXpDbPHrTdIML+m8Hjv7E9Hgffs+3dnrTO
#o> pngvoHRZ1eHtn/+KW0fyjLP2PHr0P+lSvBEofZNvJ+9oAEAqOkoYAAAHKCAAQBwgAIGAMABChgAAAcoYAAA
#o> pngHKCAAQBwgAIGAMABChgAAAcoYAAAHKCAAQBwgAIGAMABTsZwBqdOxtBt6AOKjArtLEp97vnAPOetxy41
#o> png5fNam0eoxcwNpnxkfBNTfu8NrUx5SSpsbHzqJZ8wz2i03Hb2qzo3HTDlb0p+35SXpL/n2058kNnbZ56x
#o> pnga2YXU77t77JN+fyOtueHJL01f54pP3TQj80zPhnjN+WjmhaY8s0bfmnKS9InuxNM+bYTNplnHLmppyn/
#o> pngRVfbCWDOf/hzU16Ssq8J/UQJkhT/vO3EGJIU7g/9pAong8V6J+f3nIwBAICajgIGAMABChgAAAcoYAAA
#o> pngHKCAAQBwgAIGAMABChgAAAcoYAAAHKCAAQBwgAIGAMABChgAAAciXS+gKgg0j1CELyKk7ObRHcz3f+in
#o> pngJaZ8i+RD5hndPj5pym+Ydp4pn7T2mCkvSZGHbbfZ++s65hn+m20fq7BBR0z5C3fsM+Ul6cWetn2ad/y6
#o> pngjXnG+e32mPJjrrPtaf3Cgf8z5SXpl4cvMOUP9qxvnjG+37um/Puptj3M09f+zZSXpJt33WTKX7k13zzj
#o> pnguaW2fEyzgCm//We2rweSdHHXT0z5gr/YH2+vqCj0bND2dbYy8AoYAAAHKGAAAByggAEAcIACBgDAAQoY
#o> pngAAAHKGAAAByggAEAcIACBgDAAQoYAAAHKGAAAByggAEAcIACBgDAAU7GEIL6u04qMiq0kxkEa0eZ7/+R
#o> pngSxeb8r+9/UfmGXc++7Ipf2WbS035hv8KmvKS1OnPn5nyBz9va56x6+NkU770iSRT/q499g3kj/e0rWn3
#o> pngtb83z8gLnjDlr9g81pSPe6yuKS9JK++qbconLPvUPOO95xuY8vmDbI/FbS9PNOUl6aEfLjLlX87pbp5x
#o> png0ZU7TPktb55vytc/7JnykpT5STtT/sMPf2OeMbT9lSFnPa/YfP8VjVfAAAA4QAEDAOAABQwAgAMUMAAA
#o> pngDlDAAAA4QAEDAOAABQwAgAMUMAAADlDAAAA4QAEDAOAABQwAgANhnufZN/msIQKBgPx+v57efKHq1IsI
#o> png6TZ3b7jOPMf3aS1T/vy+O80ztm5sbco/NORFU75hRL4pL0m3PTfJlG+w077fdO6QIlP+j72eMeV/PsG+
#o> pngN3D2rbY1hYfbP0U7NMkx5fNvaWTKh88LmPKSNKPZX035+24YZ55R3CDalF8y37b/8IiRt5nyknT9s2+Y
#o> png8g8uH2aekfSe7XNj8sOvmPIzXxptyktScYNSU97/SWhfY//bsV6h73kePF6oPTc/oLy8PMXGxppnVQRe
#o> pngAQMA4ECVLeC1a9dq8ODBSkpKUlhYmJYuXVru/WPHjlVYWFi5y8CBAx2tFgCA8qpsARcUFKhr166aN2/e
#o> pngt2YGDhyo7OzssstLL71UiSsEAODbVdnzAaempio1NfWMGZ/Pp4SEhEpaEQAAoauyr4BDsXr1ajVp0kTt
#o> png2rXTrbfeqiNHjpwxX1RUpEAgUO4CAEBFqLYFPHDgQL3wwgtauXKlHnroIa1Zs0apqakqLf32v8zLyMiQ
#o> png3+8vuyQnJ1fiigEANUmV/RH0dxk5cmTZ/3fu3FldunRRq1attHr1avXt2/e0t5kxY4bS09PL3g4EApQw
#o> pngAKBCVNtXwF/XsmVLNWrUSLt27frWjM/nU2xsbLkLAAAVocYU8P79+3XkyBElJia6XgoAAFX3R9D5+fnl
#o> pngXs3u3r1bW7ZsUVxcnOLi4nTfffdp+PDhSkhIUFZWlqZPn67WrVtrwIABDlcNAMBXqmwBf/TRR7riiivK
#o> png3j71u9sxY8boqaee0tatW/X888/r6NGjSkpKUv/+/fXAAw/I5/O5WjIAAGXYC/oMTu0FfcVFMxQZEdp+
#o> pngzZ9fHmOes3bKI6b8tVOmmWccH/elKR+2tKEp33PSZlNekj4d28KUf3HFAvOMngt/asonbjhpytfdtNeU
#o> pngl6STLeJN+Z2ja5tnNPin7bdLN05505T//cuDTHlJarTV9rE9ODr0fX5PadHoC1Pe+1mceYZV+L8+NeX9
#o> pngb9lfJHx61Pb5evSftr2/7xiyzJSXpOzi+qb8C1t7mGdk9Hgt5OzxY6Uaf+EW9oIGAKCmo4ABAHCAAgYA
#o> pngwAEKGAAAByhgAAAcoIABAHCAAgYAwAEKGAAAByhgAAAcoIABAHCAAgYAwAEKGAAAB6rs2ZAqU0m9aHmR
#o> png0SFlk5flmO//mj22kyv41+w0z9jfr7Up/8a9vzbl0zteZcpLUlizoClvPbGCJC290XYcP/7UNmPfz1JM
#o> pngeUlqe++/TPl2zyabZyz96/Om/LFgsSn/5gO2jfYl6em960z5azZPMM+4qaltxr2DrzflS/y256wkhRd1
#o> pngMeUb5R0yz2g4I8KW/+RjU/7Zfw8x5SWpwVjbiUpSngszz/hN474hZ08WFEnaYp5RkXgFDACAAxQwAAAO
#o> pngUMAAADhAAQMA4AAFDACAAxQwAAAOUMAAADhAAQMA4AAFDACAAxQwAAAOUMAAADjAXtAh+MP83ykmJrTv
#o> pngVW64dIT5/oM3HTbld3dsb57xUL8XTfkp199qypcu+9KUl6RhSRtM+YF1t5tnjNtxoyn/ZSfPlI9KKjDl
#o> pngJWncpq2m/F3vtzXPGNrqMlP+kR2rTPnit5ub8pI06t8tTflGT9Y1z3j4JwNM+eiAbf/hul2PmvKSlJBu
#o> png22f70Nwo84w3V7xsyg/qcLkpv/KXj5nyktTzt+mm/Mzf2b5GSdLGY61CzhbVLtFH5gkVi1fAAAA4QAGA
#o> pngCl3YAAAQeklEQVQDAOAABQwAgAMUMAAADlDAAAA4QAEDAOAABQwAgAMUMAAADlDAAAA4QAEDAOAABQwA
#o> pnggAMUMAAADoR5nmfbfb4GCQQC8vv9avrkbIXXrhXSbXq0+9Q8Z2STD035e575sXlGrcO2hzly+CFTPvW8
#o> pngf5vykrS/sIEpH+8LmGf8+TXbSQnG/vBtU37N/+tqykvS9mlxpnzbSbbnhyQdGd/LlD9Z13ZSglKfKS5J
#o> pngajJgvyl/6M2m5hnFftvzPGHjSVP+y9b2EyU0+KTElK/78V7zjJ2PJZjycX7bSUTyCmqb8pJUurOeKV/7
#o> pngkO05KEnTJ70ScvZE/kndcuEm5eXlKTY21jyrIvAKGAAAByhgAAAcoIABAHCAAgYAwAEKGAAAByhgAAAc
#o> pngoIABAHCAAgYAwAEKGAAAByhgAAAcoIABAHAg0vUCqoKwggiFBSNCym5a1858/0dn2vZl9Y21b99dEmvb
#o> pngZ7VodRNT/vlO9r1VvQLb0y+qQaF5xhXXfGzKl3q270kjf59vykvSeykLTfmbI/uYZ9TPKjLlI1ZvNuUP
#o> pngLmtvykvS3Sl/NeXv/2S8ecYTTzxuyv/s8atN+afmvW7KS9L1c+4w5evuCG3f+f/m7atjykctts2oX8u+
#o> pngT3PQuG32wJ+uMc+4Z9XwkLPBE4WSNplnVCReAQMA4ECVLeCMjAx169ZNMTExatKkiYYOHarMzMxymcLC
#o> pngQqWlpalhw4aqV6+ehg8frtzcXEcrBgDgP6psAa9Zs0ZpaWnasGGD3n77bZWUlKh///4qKPjPj3OnTZum
#o> png119/Xa+++qrWrFmjAwcOaNiwYQ5XDQDAV6rs74BXrFhR7u2FCxeqSZMm2rRpk3r37q28vDw9++yzWrRo
#o> pngka688kpJ0oIFC3T++edrw4YN6tmzp4tlAwAgqQq/Av66vLw8SVJc3FcnO9+0aZNKSkrUr1+/skz79u3V
#o> pngrFkzrV+//rT3UVRUpEAgUO4CAEBFqBYFHAwGNXXqVF1yySXq1KmTJCknJ0fR0dGqX79+uWx8fLxycnJO
#o> pngez8ZGRny+/1ll+Tk5ApfOwCgZqoWBZyWlqZt27bp5Zdf/p/uZ8aMGcrLyyu77Nu37yytEACA8qrs74BP
#o> pngmTx5spYvX661a9eqadOmZdcnJCSouLhYR48eLfcqODc3VwkJCae9L5/PJ5/PV+FrBgCgyr4C9jxPkydP
#o> png1pIlS/Tuu+8qJSWl3PsvuugiRUVFaeXKlWXXZWZmau/everVq1dlLxcAgHKq7CvgtLQ0LVq0SMuWLVNM
#o> pngTEzZ73X9fr9q164tv9+v8ePHKz09XXFxcYqNjdXtt9+uXr168RfQAADnqmwBP/XUU5KkPn36lLt+wYIF
#o> pngGjt2rCTpscceU3h4uIYPH66ioiINGDBATz75ZCWvFACAbwrzPM++sXANEQgE5Pf7dcH1v1BEdGh7px5N
#o> pngte3rLEntEw+a8kd+29w842jr0PayPqX50kOm/Mm4uqa8JBXOzDPla93vN8/YNcr2O/32HY1/eDfB/jcD
#o> png2+9uaMo3fd322EnSnx9/1JS/5CXbfsU3DLDv27tw4yWmfPuf7jDP2Pd8M1P+jYt/Z8r3XTfZlJekmzu/
#o> pngb8p3qm3/48+Hb7/RlA8vCZryn08oMeUlKXJLPVP+thvt+2x39H0ecrbgWKmu7ZqlvLw8xcba966vCFX2
#o> pngd8AAAFRlFDAAAA5QwAAAOEABAwDgAAUMAIADFDAAAA5QwAAAOEABAwDgAAUMAIADFDAAAA5QwAAAOEAB
#o> pngAwDgQJU9G1JlKqkbpmB0WEjZpD/YN+dvef9hU/5IWAvzjLGj/2bKLwgfYMrHXmI7oYQkNbyl1JTf/chJ
#o> png84yo7bVN+cz98aZ86zj7mnq0+9SUH3zJP8wzRo6fYsq3/ST0Te0laf3PbRvtS1LMq/mmfNbTKd8d+pqS
#o> pngQ7bPvx9PmmbK1+oQZcpL0tPepbYb5HyPE3w8M8+Uv3bAaFO+acPjprwk5QZtz5F5iwabZ7S+KvTPpZKC
#o> pngYklZ5hkViVfAAAA4QAEDAOAABQwAgAMUMAAADlDAAAA4QAEDAOAABQwAgAMUMAAADlDAAAA4QAEDAOAA
#o> pngBQwAgAPsBR0C/zUHFFk3tP1Z3+rwmvn+h1w1ypSvX5hjnrH+i5amfGHbQlO+wcJGprwkqWSvKZ4y9Uvz
#o> pngiCmrXzHlHx5/gyn/RSf7nshFD7Yy5R9p2d48I/Efu0z57ffY9l1u/6Dt+SFJ17bYZsqvu7unecaea0Pb
#o> pngs/2U9N/80ZSfvd2+X3H+fr8p3/DftmOQpF6zJ5vyUQ/b9m5fd/5SU16SehWNMOUPZds+TpIUHR76Xuxh
#o> pnghmxl4RUwAAAOUMAAADhAAQMA4AAFDACAAxQwAAAOUMAAADhAAQMA4AAFDACAAxQwAAAOUMAAADhAAQMA
#o> png4AAFDACAA5yMIQTZmxMVXqtWSNkho/qb73/7Q7Gm/AdXzTXPGDMizZRvfv8RUz7iUENTXpL+fU9TU77D
#o> pngQ/aTUPxk0c2m/CUP/dOUP/J8Z1Neko5PPmrKpyZlmmeMvPNDU/4nabeb8vvGtDblJSk4rrEpv3L578wz
#o> png/lVSbMoPWfETU/6u3n815SVpzp5rTPnjqcfMM1Km2Z5TCeNt+cFXjTTlJWnk4o9M+c8T6ptnbA8khJw9
#o> pngedIz339F4xUwAAAOUMAAADhAAQMA4AAFDACAAxQwAAAOUMAAADhAAQMA4AAFDACAAxQwAAAOUMAAADhA
#o> pngAQMA4ECY53nn3gaZ54hAICC/368r645SZFh0SLf5YlgX85yo40FTviAxwjwjadleU/6R9xab8oPenmLK
#o> pngS1KT92xbkR+PDzPPKKlny5e2OW7LH/bZBkh6dfATpvyI12z7FUtS5sgnTfmFgSRTftHkq015SXr82d+a
#o> png8nf2v8E84/I/bzXlFz13lSl/320vmPKSVOzZPl+3nzjPPON4MLSvT6esfqyXKd9o5R5TXpL23NDClE9a
#o> pngW2CeUfrAlyFnTxYUad2185SXl6fYWNv++xWFV8AAADhQZQs4IyND3bp1U0xMjJo0aaKhQ4cqM7P8WWP6
#o> png9OmjsLCwcpdJkyY5WjEAAP9RZQt4zZo1SktL04YNG/T222+rpKRE/fv3V0FB+R9jTJgwQdnZ2WWXOXPm
#o> pngOFoxAAD/UWXPB7xixYpyby9cuFBNmjTRpk2b1Lt377Lr69Spo4SE0M8ZCQBAZaiyr4C/Li8vT5IUFxdX
#o> png7voXX3xRjRo1UqdOnTRjxgwdP/7tf2RTVFSkQCBQ7gIAQEWosq+A/1swGNTUqVN1ySWXqFOnTmXXX3/9
#o> png9WrevLmSkpK0detW3XXXXcrMzNRrr7122vvJyMjQfffdV1nLBgDUYNWigNPS0rRt2zatW7eu3PUTJ04s
#o> png+//OnTsrMTFRffv2VVZWllq1avWN+5kxY4bS09PL3g4EAkpOTq64hQMAaqwqX8CTJ0/W8uXLtXbtWjVt
#o> png2vSM2R49ekiSdu3addoC9vl88vns/64TAACrKlvAnufp9ttv15IlS7R69WqlpKR85222bNkiSUpMTKzo
#o> png5QEAcEZVtoDT0tK0aNEiLVu2TDExMcrJyZEk+f1+1a5dW1lZWVq0aJEGDRqkhg0bauvWrZo2bZp69+6t
#o> pngLl3su1UBAHA2VdkCfuqppyR9tdnGf1uwYIHGjh2r6OhovfPOO5o7d64KCgqUnJys4cOH65577nGwWgAA
#o> pngymMv6DM4tRd0p/G/UER0rZBus+qeR81zLvvoJlP+xtYfmmesGnGxKT/6tXdM+Y7RB0x5Sfp/f5pqyoc3
#o> pngte3TLElXtPrElN89pa0pn/Wj2qa8JNXJtv3rv6ZvHTXPyO5d35RPemWXKR88mmfKS1JYm+/+NdF/e/7N
#o> pngZ80zerxpe079PXWuKX/Z03ea8pIUs8f2JfbID+xfkqO/tD2nWv7B9vm671H787zRk3VN+ewJReYZtX3F
#o> pngIWdLjxdp24hH2AsaAICajgIGAMABChgAAAcoYAAAHKCAAQBwgAIGAMABChgAAAcoYAAAHKCAAQBwgAIG
#o> pngAMABChgAAAcoYAAAHKiyZ0OqTI0/OqbIiNA2/R51wTXm+7/ybztN+WeW9TfPaJWTacqPrHfIlB/cJdWU
#o> pngl6Tmr3xuyr/e/k/mGamTJpvydY4fM+XbzS8w5SXpSPfGpnx4nn1Gg8HG2ywqNcV3PvQD2/1LyvrRfFP+
#o> pngl4cvNM/w1S805a/++R2mfNi1AVNekg7H205KUCs7wjyjxZIjpvxtb60w5X+6aJwpL0kRRbbHwvdejHlG
#o> pngkeFDW2pcT2XgFTAAAA5QwAAAOEABAwDgAAUMAIADFDAAAA5QwAAAOEABAwDgAAUMAIADFDAAAA5QwAAA
#o> pngOEABAwDgAHtBh+DK33+oWvVC+1BtOJpivv/ioO1haHHPBvOMPT/rZcq3/2M7U75V3t9NeUkqfrKNKT/l
#o> pngrivMM+rste3du+PWWFM+ZUnQlJek+n+0PX75V3czz/jL+b8x5R9debEp/2yDZaa8JLV+8U5Tvu3vcswz
#o> pngiu6sZcoftT0F9dOO79puIGnZHbaPbWbaeeYZwWjb15BZGba9nS+4ybaXvCRtirZ9Daljf7gVfjL0rGfI
#o> pngVhZeAQMA4AAFDACAAxQwAAAOUMAAADhAAQMA4AAFDACAAxQwAAAOUMAAADhAAQMA4AAFDACAAxQwAAAO
#o> pngUMAAADjAyRhCsOCvfRVeK7RN3q8ZuNF8/wP8/zTlO+z50jzjN4dt+TWP9zTlC99oahsg6fD7Eab8jl91
#o> pngMs8Y/fJy2w26tTDF79q63nb/km55+RZTPrpDnnlGvy1jTPlfnf9nU77/pommvCRFNCuw3SAv3zwjrLiJ
#o> pngKZ/ymu1kHe9e2d6Ul6Tt05JM+aR2ueYZYbsOmfLxh2wnHTn+42hTXpLazv3UfBurk7kHQ896JbKfUqJi
#o> png8QoYAAAHKGAAAByggAEAcIACBgDAAQoYAAAHKGAAAByggAEAcIACBgDAAQoYAAAHKGAAABxgK8oz8DxP
#o> pngkhQsKgz5NkX5JeY5BeGlpvyx6KB5hnVdpcWhH7MknSwoMuUlqbTQOKPE9nGSpBP5J20zvGJTvuCYfU1B
#o> png43GXHv8eH9so23Fbj+P7rClYbHwsgrbHQpKCJ4zPqVLbcZQUVMKavsfnkvV5Gx60zQgW2L/mBIOe+TZW
#o> pngJ73Qv66dyp76un4uCPPOpdWcY/bv36/k5GTXywAAnCX79u1T06b2vesrAgV8BsFgUAcOHFBMTIzCwsLK
#o> pngrg8EAkpOTta+ffsUG2vb1Lwq47g57pqA466ex+15no4dO6akpCSFh58bv33lR9BnEB4efsbvlGJjY6vl
#o> pngE/W7cNw1C8dds1Tn4/b7/a6XUM658W0AAAA1DAUMAIADEbNnz57tehFVUUREhPr06aPIyJr1U3yOm+Ou
#o> pngCTjumnXcrvBHWAAAOMCPoAEAcIACBgDAAQoYAAAHKGAAAByggAEAcIACBgDAAQoYAAAHKGAAAByggAEA
#o> pngcIACBgDAAQoYAAAHKGAAAByggAEAcIACBgDAAQoYAAAHKGAAAByggAEAcIACBgDAAQoYAAAHKGAAAByg
#o> pnggAEAcIACBgDAAQoYAAAHKGAAAByggAEAcIACBgDAAQoYAAAHKGAAAByggAEAcIACBgDAAQoYAAAHKGAA
#o> pngAByggAEAcIACBgDAAQoYAAAHKGAAABz4/ye9suMEKC7zAAAAAElFTkSuQmCC
#o> png}}}
#o> png{{{
#o> pngiVBORw0KGgoAAAANSUhEUgAAAeAAAAHgCAYAAAB91L6VAAAABHNCSVQICAgIfAhkiAAAAAlwSFlzAAAP
#o> pngYQAAD2EBqD+naQAAADl0RVh0U29mdHdhcmUAbWF0cGxvdGxpYiB2ZXJzaW9uIDIuMi4yLCBodHRwOi8v
#o> pngbWF0cGxvdGxpYi5vcmcvhp/UCwAAIABJREFUeJzt3Xl4lOXZ/vFzshJCMhAgGwQIoCCrLUJEFFEoIbQq
#o> pngiha3CtYXRQMKEbW4Qmt/qVDRShFbFdBWFnkVEVRcQKAqoGIp4CsRIgpIEgRNBgJZSJ7fHx6kxiLORUlu
#o> pngknw/xzGHJjlnrvvJTHJmMuF+fJ7neQIAALUqxPUCAABoiChgAAAcoIABAHCAAgYAwAEKGAAAByhgAAAc
#o> pngoIABAHCAAgYAwAEKGAAAByhgAAAcoIABAHCAAgYAwAEKGAAAByhgAAAcoIABAHCAAgYAwAEKGAAAByhg
#o> pngAAAcoIABAHCAAgYAwAEKGAAAByhgAAAcoIABAHCAAgYAwAEKGAAAByhgAAAcoIABAHCAAgYAwAEKGAAA
#o> pngByhgAAAcoIABAHCAAgYAwAEKGAAAByhgAAAcoIABAHCAAgYAwAEKGAAAByhgAAAcoIABAHCAAgYAwAEK
#o> pngGAAAByjgEzBz5ky1a9dOjRo1Ulpamt5//33XS6pRkydPls/nq3bp3Lmz62WddGvWrNFFF12k5ORk+Xw+
#o> pngvfTSS9U+7nme7r//fiUlJSkqKkqDBg3Stm3bHK325Pmx4x41atR/3P9DhgxxtNqTIzs7W71791ZMTIzi
#o> png4+M1bNgw5eTkVMuUlJQoMzNTzZs3V5MmTTR8+HAVFBQ4WvHJEcxxDxgw4D/u7zFjxjhacf1GARstXLhQ
#o> pngWVlZeuCBB/TRRx+pZ8+eSk9P1969e10vrUZ17dpVeXl5VZd33nnH9ZJOuuLiYvXs2VMzZ8485senTp2q
#o> pngxx57TE888YTWr1+v6Ohopaenq6SkpJZXenL92HFL0pAhQ6rd//Pnz6/FFZ58q1evVmZmptatW6c333xT
#o> png5eXlGjx4sIqLi6syEyZM0NKlS7Vo0SKtXr1ae/bs0WWXXeZw1f+9YI5bkkaPHl3t/p46daqjFddzHkz6
#o> png9OnjZWZmVr1dUVHhJScne9nZ2Q5XVbMeeOABr2fPnq6XUaskeYsXL656u7Ky0ktMTPSmTZtW9b7CwkIv
#o> pngMjLSmz9/vosl1ojvH7fned7IkSO9Sy65xNGKasfevXs9Sd7q1as9z/v2vg0PD/cWLVpUlfnkk088Sd7a
#o> pngtWtdLfOk+/5xe57nnX/++d5tt93mcFUNB8+ADcrKyrRhwwYNGjSo6n0hISEaNGiQ1q5d63BlNW/btm1K
#o> pngTk5W+/btdc0112jnzp2ul1SrduzYofz8/Gr3vd/vV1paWr2/7yVp1apVio+PV6dOnXTzzTdr//79rpd0
#o> pngUhUVFUmS4uLiJEkbNmxQeXl5tfu7c+fOatOmTb26v79/3Ec999xzatGihbp166ZJkybp0KFDLpZX74W5
#o> pngXkBdsm/fPlVUVCghIaHa+xMSErR161ZHq6p5aWlpmjt3rjp16qS8vDxNmTJF5513nrZs2aKYmBjXy6sV
#o> png+fn5knTM+/7ox+qrIUOG6LLLLlNqaqpyc3N19913KyMjQ2vXrlVoaKjr5f3XKisrNX78ePXr10/dunWT
#o> png9O39HRERoaZNm1bL1qf7+1jHLUlXX3212rZtq+TkZG3atEl33XWXcnJy9OKLLzpcbf1EAeNHZWRkVP1/
#o> pngjx49lJaWprZt2+r555/XDTfc4HBlqA1XXnll1f93795dPXr0UIcOHbRq1SoNHDjQ4cpOjszMTG3ZsqVe
#o> png/l3D8fzQcd94441V/9+9e3clJSVp4MCBys3NVYcOHWp7mfUav4I2aNGihUJDQ//jLyELCgqUmJjoaFW1
#o> pngr2nTpjr99NO1fft210upNUfv34Z+30tS+/bt1aJFi3px/48dO1bLli3T22+/rdatW1e9PzExUWVlZSos
#o> pngLKyWry/39w8d97GkpaVJUr24v081FLBBRESEevXqpRUrVlS9r7KyUitWrFDfvn0drqx2HTx4ULm5uUpK
#o> pngSnK9lFqTmpqqxMTEavd9IBDQ+vXrG9R9L0m7d+/W/v376/T973mexo4dq8WLF2vlypVKTU2t9vFevXop
#o> pngPDy82v2dk5OjnTt31un7+8eO+1g2btwoSXX6/j5V8Stoo6ysLI0cOVJnnXWW+vTpo0cffVTFxcW6/vrr
#o> pngXS+txkycOFEXXXSR2rZtqz179uiBBx5QaGiorrrqKtdLO6kOHjxY7af8HTt2aOPGjYqLi1ObNm00fvx4
#o> pngPfjggzrttNOUmpqq++67T8nJyRo2bJjDVf/3jnfccXFxmjJlioYPH67ExETl5ubqzjvvVMeOHZWenu5w
#o> png1f+dzMxMzZs3T0uWLFFMTEzV67p+v19RUVHy+/264YYblJWVpbi4OMXGxmrcuHHq27evzj77bMerP3E/
#o> pngdty5ubmaN2+ehg4dqubNm2vTpk2aMGGC+vfvrx49ejhefT3k+s+w66IZM2Z4bdq08SIiIrw+ffp469at
#o> pngc72kGjVixAgvKSnJi4iI8Fq1auWNGDHC2759u+tlnXRvv/22J+k/LiNHjvQ879t/inTfffd5CQkJXmRk
#o> pngpDdw4EAvJyfH7aJPguMd96FDh7zBgwd7LVu29MLDw722bdt6o0eP9vLz810v+79yrOOV5M2ZM6cqc/jw
#o> pngYe+WW27xmjVr5jVu3Ni79NJLvby8PHeLPgl+7Lh37tzp9e/f34uLi/MiIyO9jh07enfccYdXVFTkduH1
#o> pnglM/zPK82Cx8AAPAaMAAATlDAAAA4QAEDAOAABQwAgAMUMAAADlDAAAA4QAEDAOAABXwCSktLNXnyZJWW
#o> pnglrpeSq3iuDnuhoDjbljH7RIbcZyAQCAgv9+voqIixcbGul5OreG4Oe6GgONuWMftEs+AAQBwgAIGAMAB
#o> pngzoZ0HJWVldqzZ49iYmLk8/mq3h8IBKr9t6HguDnuhoDjrp/H7XmeDhw4oOTkZIWEnBrPPXkN+Dh2796t
#o> pnglJQU18sAAJwku3btUuvWrV0vQxLPgI8rJiZGkvTB+y3UpElwPzHd82WGeU7Ook6mfETA/jNTWYzvx0Pf
#o> pngcc61H5nyH3zVxpSXpNjp0aa8r6LSPCN8r+2n+X3Twk35Hs2/NOUl6ZM/dTPlm7y22TwjtGVzU/7JNxeb
#o> png8sMnjzXlJeknN28y5dfsbm+eEbrO9sdDLbbY/uI3Mv+gKS9JOyZFmPID220zz3gvL9WUL9oTY8p3mvyp
#o> pngKS9JT61/y5Sf8fVZ5hmrHgv+3MwV5SX614sPVn1fPxXU+wKeOXOmpk2bpvz8fPXs2VMzZsxQnz59grru
#o> png0V87N2kSopiY4Ao4PNr2xSZJoRGNjHl7AYdG2Ao4oomtiEKLI015SQoLsx23z2cv4LAQ2zfY0Ma2445o
#o> pngYr+/w8Jtxx3ms61JkkJDbPdHsI/vqts3PmalE3hMNbY/pkIjjZ/bMNvXRVhouSkv2Y/D+nk6kRkhUdbH
#o> pngoP1xbn1MRZadwHGfwOPwuy8nunZq/CK8hixcuFBZWVl64IEH9NFHH6lnz55KT0/X3r17XS8NANDA1esC
#o> pngnj59ukaPHq3rr79eXbp00RNPPKHGjRtr9uzZrpcGAGjg6m0Bl5WVacOGDRo0aFDV+0JCQjRo0CCtXbv2
#o> pngmNcpLS1VIBCodgEAoCbU2wLet2+fKioqlJCQUO39CQkJys/PP+Z1srOz5ff7qy78BTQAoKbU2wI+EZMm
#o> pngTVJRUVHVZdeuXa6XBACop+rtX0G3aNFCoaGhKigoqPb+goICJSYmHvM6kZGRioy0/+UlAABW9fYZcERE
#o> pnghHr16qUVK1ZUva+yslIrVqxQ3759Ha4MAIB6/AxYkrKysjRy5EidddZZ6tOnjx599FEVFxfr+uuvd700
#o> pngAEADV68LeMSIEfrqq690//33Kz8/X2eeeaaWL1/+H3+YBQBAbWMv6OM4en7ML7e2VmyQu7qc+Y/R5jkV
#o> pngR2yvBPTrmGue0Tm64MdD37F4Z09TvuVd9t1lCs6NM+XnTHrEPOPWm8eZ8t90su3GU3Yip001vvDjdTlg
#o> pngHvFK2ixT/tdjs0z56NxCU16SyhKamPITn3zOPGPSx5ea8o0WNjXlh01a8eOh72kd8bUpX1Jp3xHqzEY7
#o> pngTfnxWbavi9Pv+tiUl6R/rOxuymcNe9k84639ZwSdLS8u07L02afU+Y7r7WvAAACcyihgAAAcoIABAHCA
#o> pngAgYAwAEKGAAAByhgAAAcoIABAHCAAgYAwAEKGAAAByhgAAAcoIABAHCAAgYAwAFOxnAcR0/GcNOa4Ypo
#o> pngEtwG6e/mtTfPaZbd2JTfdp19s/atv3jclP/iSJkpP77nUFNekio6tzXlQw7a1iRJ0bP2mfK9m35hyr9+
#o> png+/mmvCR9MdR2ErI7Bi81z1j5dWdT/oOPbY/b0CZHTHlJqtwXacq3/NB+go+9F5Sb8u1SvjLlx7Z925SX
#o> pngpCn/93NTvm/y5+YZn4/taMrvGGY7MUbqve+b8pJ0+OJepnz87Z+ZZyxs/0bQ2cCBSrXo9DknYwAAoKGj
#o> pnggAEAcIACBgDAAQoYAAAHKGAAAByggAEAcIACBgDAAQoYAAAHKGAAAByggAEAcIACBgDAAdumtA1U7shk
#o> pnghYUEt4/t4StamG9/6OOrTfmKrLPNMzqH3mzK9+68w5T/7K/JprwkpcwMNeX3nhVnnnFh409N+SfW2/Z2
#o> pngPv3NDaa8JA16sJEpvyTNvr94yzdseyK3X1hpyv997gxTXpKGPHynKV8Rad+mvtPMw6b8191sj9vQe22f
#o> pngJ0na1Ge+Kd/zoVvMM0ousn2uup273ZS/8dMtprwkjX2/uyn/zcunm2f0CAv+OhWlJZLuNs+oSTwDBgDA
#o> pngAQoYAAAHKGAAAByggAEAcIACBgDAAQoYAAAHKGAAAByggAEAcIACBgDAAQoYAAAHKGAAAByggAEAcMDn
#o> pngeZ59x/MGIhAIyO/3q//SWxQWHdzJGEIG7jLP2bnItml5o9Ux5hkZN7xjyv/r0nam/NYHm5vykhSyx3ZS
#o> pnggsanF5pntLppvym/dVprU94rr/mfYcMb206sIEnxzQ6Y8j9L2mrKv/H7/qa8JA2//w1TfuYbg80zOj+8
#o> png05T3SktN+YLL7CcMuHDMOlP+46Ik84zuTfeY8oveSTPlI/fbTpwiSW2XFJny+86KNc8oTvYFna0oKVHu
#o> pngH+5WUVGRYmPts2oCz4ABAHCAAgYAwAEKGAAAByhgAAAcoIABAHCAAgYAwAEKGAAAByhgAAAcoIABAHCA
#o> pngAgYAwAEKGAAAB9gL+jiO7gU9qM0tCgsJbi/oQ2ckmufsvs6212+vtrb9biVpQepKU/6TskOm/JUbbzDl
#o> pngJan8g2amfFjvb8wz0tvY9jj++JqOpvwXw1qa8pI07ldLTPnHn77EPONgd9sex76wSlO+/V9McUnSV2dG
#o> pngmfKhpfZvTfHP/tN8HYuhG/LM11kwJcOUzzvPftwt37c9l5r34DRTfmTW7aa8JO3vats/+sFr/26e8dWR
#o> png4PfFP3zwiCb2fpe9oAEAaOjqdQFPnjxZPp+v2qVz586ulwUAgMJcL6Cmde3aVW+99VbV22Fh9f6QAQB1
#o> pngQL1vo7CwMCUm2l+XBQCgJtXrX0FL0rZt25ScnKz27dvrmmuu0c6dP/wHTKWlpQoEAtUuAADUhHpdwGlp
#o> pngaZo7d66WL1+uWbNmaceOHTrvvPN04MCBY+azs7Pl9/urLikpKbW8YgBAQ1GvCzgjI0NXXHGFevToofT0
#o> pngdL366qsqLCzU888/f8z8pEmTVFRUVHXZtWtXLa8YANBQ1PvXgL+radOmOv3007V9+/ZjfjwyMlKRkcH9
#o> pnge18AAP4b9foZ8PcdPHhQubm5SkpKcr0UAEADV68LeOLEiVq9erU+//xzvffee7r00ksVGhqqq666yvXS
#o> pngAAANXL3+FfTu3bt11VVXaf/+/WrZsqXOPfdcrVu3Ti1b2rcPBADgZGIv6OM4uhd0/3PuU1hYo6Cuc86f
#o> png3zfPWbCsvylfGW4eoY5/t+2jHPL1sf9S/IdEzbftPSxJ//zAtu9yRJH9Fzbdf5ZjyreILDblP7vlNFNe
#o> pngknZM9Jny7X9fZp6R+NcvTfkt+2wvy7zcY7YpL0n/02e4Ke8dOWKe8c3PbPdHaLnt21/IEfu3y+zpT5jy
#o> pngk7LGmGdURNi+NrrcvtmUX/NGD1NekjKGfmDKfzo0zjzj0zvaB52tLCnRF/fcy17QAAA0dBQwAAAOUMAA
#o> pngADhAAQMA4AAFDACAAxQwAAAOUMAAADhAAQMA4AAFDACAAxQwAAAOUMAAADhAAQMA4AAnYziOoydjuDD6
#o> pngKoX5IoK6jq9JtHnOPWuXm/IPXnqNecbWMTGmfOOdthNlRRSZ4pKkR263bVL/hy69zTMKF6eY8su6P2PK
#o> png937jNlNekl4f9CdTfvxPLzLP+HxMZ1M+bmuFKZ88YbspL0lz271myqffOs4849D1tpOONJvexJTP/ZX9
#o> pngOUt4vu3sKR9cN908o8+7N5nyjVfbjjtpxV5TXpIqm0Sa8iXxjc0zKhoFf38cKS/R+0vv42QMAAA0dBQw
#o> pngAAAOUMAAADhAAQMA4AAFDACAAxQwAAAOUMAAADhAAQMA4AAFDACAAxQwAAAOUMAAADjAXtDHcXQv6D9v
#o> png6KOoJsHtjTzl3YvNc3wloaZ858f2m2dc8/LbpvwLBT815Ut/af9ZzptvO+5PPm1lntHld3tM+e03tzHl
#o> pngK4LbIryaDi8Um/JPLHzcPGPloY6m/FOf9zPl9/8z3pSXpPADPlM+sq/9cf5Nnm2P3zPu/dyU33pfe1Ne
#o> pngkkae/w9Tft6y880zOkzPMeW7vmnbM/ujibbvB5JU2sy2n3z0l4fNM/Z3D37v/YqyEm2aew97QQMA0NBR
#o> pngwAAAOEABAwDgAAUMAIADFDAAAA5QwAAAOEABAwDgAAUMAIADFDAAAA5QwAAAOEABAwDgAAUMAIADtt2y
#o> pngG6h1RR0UEeSu+77DthMMSFLq4iOm/Jhlr5pnWF2TuN6Uf6z3leYZ+e/YPldbf/2YecbtPz3XlK88z3YC
#o> pngAJ/fvqn79ts6mPIFFVHmGQ+utp0UJOSQ7WfxTnMKTHlJ+uoR27ebX7bbYJ7xt1XppnzH1wpN+WcTppvy
#o> pngkjRi1K2mfPllleYZ36SfbsqH+94z5XeMsp+zJzrmgCk/IHWzecaSeecFna0otZ0MpDbwDBgAAAcoYAAA
#o> pngHKCAAQBwgAIGAMABChgAAAcoYAAAHKCAAQBwgAIGAMABChgAAAcoYAAAHKCAAQBwgL2ggzCq5TuKjgnu
#o> pngZ5W3Qruabz88UGbKz9g50Dyjd9wXpvybM/qZ8uOmLTLlJalDxF5T/oKsceYZb0+fYcoP6zzSlC+Ns+/T
#o> png3Pa1ElO+eERw+5B/V1wr2x7HLSeHm/I7rkk05SXJO2TbG3hVxhnmGdlvzzblPyxub8qnvXC7KS9J6+c+
#o> pngbMr3f+IO84xV0/5kyg/YZNu7PTrG9piVpOSHbPXS9+/bzDNejDTsBW2+9ZrHM2AAAByoswW8Zs0aXXTR
#o> pngRUpOTpbP59NLL71U7eOe5+n+++9XUlKSoqKiNGjQIG3bZv8JCwCAmlBnC7i4uFg9e/bUzJkzj/nxqVOn
#o> png6rHHHtMTTzyh9evXKzo6Wunp6Sopsf8qBQCAk63OvgackZGhjIyMY37M8zw9+uijuvfee3XJJZdIkp59
#o> png9lklJCTopZde0pVX2s9dCwDAyVRnnwEfz44dO5Sfn69BgwZVvc/v9ystLU1r1679weuVlpYqEAhUuwAA
#o> pngUBPqZQHn5+dLkhISEqq9PyEhoepjx5KdnS2/3191SUlJqdF1AgAarnpZwCdq0qRJKioqqrrs2rXL9ZIA
#o> pngAPVUvSzgxMRv/41iQUFBtfcXFBRUfexYIiMjFRsbW+0CAEBNqJcFnJqaqsTERK1YsaLqfYFAQOvXr1ff
#o> pngvn0drgwAgG/V2b+CPnjwoLZv31719o4dO7Rx40bFxcWpTZs2Gj9+vB588EGddtppSk1N1X333afk5GQN
#o> pngGzbM4aoBAPhWnS3gDz/8UBdccEHV21lZWZKkkSNHau7cubrzzjtVXFysG2+8UYWFhTr33HO1fPlyNWrU
#o> pngyNWSAQCo4vM8z3O9iFNVIBCQ3+/XgF6TFBYWXHH7PvrEPCfnL2farlBqf+WgZ1fbXtC3tFppyv9pwGBT
#o> pngXpKiF9g2RfnmnjbmGaP++rIpv6e8qSn/+Dv2fbm7drb9cV/BM+3MM4o62fKjf/GGKf/UEvv93TjPZ8of
#o> pngSK00zxg7ZLkp/7c/HXsvgR/SfMshU16SIv6fbc/zC1vkmGesuLiHKX+wa7wp33jXQVNekvLPsX0tHUqy
#o> pngV9E5P9sSdLbsYJkWDHxORUVFp8zf99TL14ABADjVUcAAADhAAQMA4AAFDACAAxQwAAAOUMAAADhAAQMA
#o> png4AAFDACAAxQwAAAOUMAAADhAAQMA4AAFDACAA3X2bEi1ad+d5QptHNzPKiVlnc233/TtCFP+pswl5hnT
#o> pngX77YlD/32qWm/O0z/Ka8JKXc1MSUP/xwkXnGI9N+aco3+WWeKd9lsu0kF5JU1j7RlB83e5F5xuysS035
#o> pngxheXmfLNN9s3zi++stCUb9uk2DzjsRXppnyLUtvtH2kSbruCpNCfB0z5hcNtxyBJR/6035Sf3+MRU35z
#o> pngaZIpL0krirqY8jFhtpOzSNLqvI5BZyuKjXd2LeAZMAAADlDAAAA4QAEDAOAABQwAgAMUMAAADlDAAAA4
#o> pngQAEDAOAABQwAgAMUMAAADlDAAAA4QAEDAOAAe0EHIWqeX2HhjYLKzpg2y3z7E6OvMOUfWpthnnHG7L2m
#o> png/E/LbjPlK0/gkXTdiwtM+UmrLzfPiIn1mfLLutjW9MvYa0x5Sdp9YbQpv6CPbU9dSUp+bbspf3ZUrin/
#o> pngnCn9rTvPeMOUn/Fb29eFJM373UxT/sk+55vybaK+NuUlae1Ztj3Pl/7+j+YZt3x+iSl/7f0TTfmr73zN
#o> pnglJekf04/05SfOGWeecbm8R2Czh6psO9fXtN4BgwAgAMUMAAADlDAAAA4QAEDAOAABQwAgAMUMAAADlDA
#o> pngAAA4QAEDAOAABQwAgAMUMAAADlDAAAA4QAEDAOAAJ2MIQpPRXyosOjKo7LVvjDHffpeHCkz58B72n5sq
#o> pngP/vClo+IN+Wb/Z8pLkm6b4NtA/n4f5zIw9W2AfuYnUNsN/+VfXP+J379gin/2bW2+0KS/rLjPFN+xBc3
#o> pngmvKPP/i0KS9J066/1pRvvmOXecZdt91syvf77TpTft05zUx5Sdo2+3RTPj70ffOMi1tuNOUn9w7+JAaS
#o> png9MaFtmOQpKtX2k7g8JsPLzPPOM13MPiwz3ZiltrAM2AAAByggAEAcIACBgDAAQoYAAAHKGAAAByggAEA
#o> pngcIACBgDAAQoYAAAHKGAAAByggAEAcIACBgDAAfaCDkLo2DCFhgT3qZq/Ypb59ie0/aUpP6LNG+YZ7f+4
#o> png15Qf/25PU/6raPtDKXJrY1O+Mty2r7MkHUyx7f8aF1Fsyr//eBdTXpJKKsNN+T8svNw8o7KTYY9cSY0a
#o> pnglZvyt6y37essSR2n2B6DB6e3Ms/Y9TPb/b3xCtueyF+OSTLlJclXUGnK99pg+34gSYt7zjblw5qXmPJx
#o> pngi8tMeUl69M0MU75x24B5hi8Q/OPcV2k/hprGM2AAAByoswW8Zs0aXXTRRUpOTpbP59NLL71U7eOjRo2S
#o> pngz+erdhkyxHimGwAAakidLeDi4mL17NlTM2fO/MHMkCFDlJeXV3WZP39+La4QAIAfVmdfA87IyFBGxvFf
#o> pngY4iMjFRiYmItrQgAgODV2WfAwVi1apXi4+PVqVMn3Xzzzdq/f/9x86WlpQoEAtUuAADUhHpbwEOGDNGz
#o> pngzz6rFStW6KGHHtLq1auVkZGhioqKH7xOdna2/H5/1SUlJaUWVwwAaEjq7K+gf8yVV15Z9f/du3dXjx49
#o> png1KFDB61atUoDBw485nUmTZqkrKysqrcDgQAlDACoEfX2GfD3tW/fXi1atND27dt/MBMZGanY2NhqFwAA
#o> pngakKDKeDdu3dr//79Skqy/0N6AABOtjr7K+iDBw9Weza7Y8cObdy4UXFxcYqLi9OUKVM0fPhwJSYmKjc3
#o> pngV3feeac6duyo9PR0h6sGAOBbdbaAP/zwQ11wwQVVbx997XbkyJGaNWuWNm3apGeeeUaFhYVKTk7W4MGD
#o> png9bvf/U6RkZGulgwAQJU6W8ADBgyQ5/3w3sCvv/76SZsV6JGgsPBGQWXHPDLOfPvFrWx7HL9xVVvzDK9t
#o> pngX1M+sbNtv+LXHn7ElJekgVOyfjz0HYWdzSPU9jXbnrevdznDlG+xJMqUl6Q/PH2dKV92yQ//5f4POe2q
#o> pngzebrWJSln2W+ju9d2z/ri060/7DcrFWCKd/7hU9N+a3/jDPlJUkB27fZ8IX2GQe6h5rykf+MNuW/+U2M
#o> pngKS9JEX+07aue8hv7Xs15w1KDzlaUlUhPmUfUqAbzGjAAAKcSChgAAAcoYAAAHKCAAQBwgAIGAMABChgA
#o> pngAAcoYAAAHKCAAQBwgAIGAMABChgAAAcoYAAAHKCAAQBwoM6ejKE25fXzKSTKF1R2+tBnzbc/8eVrTfnK
#o> pngF5uYZ7zS6TlT/hfpV5vyGbdPMOUlqbRtcJ/To8Jte/lLkvLODu4kGkfN7v1nU/6hxKGmvCRtzYs35Vss
#o> pngjzDPSN9cZMr/MnaTKT8/YL8z3upm29A/72+tzTNa35Bjyq/Yd64p33nNZ6a8JG1/LNmUjxpZaJ5xR/qv
#o> pngTHnfL2y3v320/b5o9I7t61uhpeYZJXHBz6goNa6nFvAMGAAAByhgAAAcoIABAHCAAgYAwAEKGAAAByhg
#o> pngAAAcoIABAHCAAgYAwAEKGAAAByhgAAAcoIABAHCAvaCD0O+sTxTRJLj9eJ/sb9tbVpI6he4y5fdc0tY8
#o> png4/M7D5nyhdPKTfnwkAJTXpJClyWZ8ofPtB2DJHW4drMpf3PaNab8Uz3te39fV/BrU/7ue/5mnvFsXl9T
#o> png/q0repnyv3llkSkvSasS0035A3m2vaMlyUux7fcbvfhDU/7zu9NMeUmKe6XSlN/Vs7F5RuXdtn2UO9/2
#o> pngsW1AcoItL+mT22NN+dDS5uYZXYZ8GnS2vLhM26eZR9QongEDAOAABQwAgAMUMAAADlDAAAA4QAEDAOBc
#o> pngfYouAAAQjElEQVQABQwAgAMUMAAADlDAAAA4QAEDAOAABQwAgAMUMAAADlDAAAA44PM8z3O9iFNVIBCQ
#o> png3+9X9+dvV2jjyKCuc1PHd8xzFn55lim/Z01r84y4c/JNeW9OvCl/pJFtE3xJumD8WlN+yVLbCQYk6fKL
#o> pngbfeHP8x2woeEsCJTXpK6Ru4x5a+dM948o8lu25f11xeU2G5/Q5QpL0mH04pN+fYJ+8wzSits55f5+tVW
#o> pngpnzi2oOmvCTtHNzElG/3cqF5xoT/tZ0c4zcP/48pH//BAVNeknxbtpvy+QvbmWdUeMF/36k4VKqtV01V
#o> pngUVGRYmNtJ4qoKTwDBgDAAQoYAAAHKGAAAByggAEAcIACBgDAAQoYAAAHKGAAAByggAEAcIACBgDAAQoY
#o> pngAAAHKGAAABywbZzaQHmvx8mLaBRUdsmSHubbzx9l29s5Js++fbfvHFv+q0tteyI3fs+2360kvf8b2x7Y
#o> pngm2f/2Tyj25yxpnxymm2f5kZ3RJvykrTtGr8pf9ofN5pnfPr/bI/D9QNsn9sLN95hyktShxs/s12hosI8
#o> pngY98tZ5ryye/a9jj2/etTU16Sznk03JR/J7K7ecb9D9xgyk//7V9M+alDLzPlJenpT98y5S9+wP6Yyr5n
#o> pngdtDZQwcqdIV5Qs3iGTAAAA7U2QLOzs5W7969FRMTo/j4eA0bNkw5OTnVMiUlJcrMzFTz5s3VpEkTDR8+
#o> pngXAUFBY5WDADAv9XZAl69erUyMzO1bt06vfnmmyovL9fgwYNVXPzvU55NmDBBS5cu1aJFi7R69Wrt2bNH
#o> pngl11m/1UKAAAnW519DXj58uXV3p47d67i4+O1YcMG9e/fX0VFRXr66ac1b948XXjhhZKkOXPm6IwzztC6
#o> pngdet09tlnu1g2AACS6vAz4O8rKvr2xOhxcXGSpA0bNqi8vFyDBg2qynTu3Flt2rTR2rXHPhF8aWmpAoFA
#o> pngtQsAADWhXhRwZWWlxo8fr379+qlbt26SpPz8fEVERKhp06bVsgkJCcrPzz/m7WRnZ8vv91ddUlJSanzt
#o> pngAICGqV4UcGZmprZs2aIFCxb8V7czadIkFRUVVV127dp1klYIAEB1dfY14KPGjh2rZcuWac2aNWrd+t//
#o> pngnjYxMVFlZWUqLCys9iy4oKBAiYmJx7ytyMhIRUZG1viaAQCos8+APc/T2LFjtXjxYq1cuVKpqanVPt6r
#o> pngVy+Fh4drxYoVVe/LycnRzp071bdv39peLgAA1dTZZ8CZmZmaN2+elixZopiYmKrXdf1+v6KiouT3+3XD
#o> pngDTcoKytLcXFxio2N1bhx49S3b1/+AhoA4FydLeBZs2ZJkgYMGFDt/XPmzNGoUaMkSY888ohCQkI0fPhw
#o> pnglZaWKj09XY8//ngtrxQAgP/k8zzPvrFwAxEIBOT3+5U6+x6FNA5uL+gx3f9hnpPZLOfHQ98x4I5x5hlL
#o> pngHnrYlB/4J9u+rL4TeBSFFduu9M2Z9r2BOz1l29M656Yo24AKny0vafBPN5vy3aJt+1NL0uOLfm7Kx35m
#o> pnguy/CiytNeUlqtL/clI/Y8oV5Rv7lp5vyUV/bjnvJw7avI0nq/fptpnzTjyLMM4rOLjHlOz182JTfcVkz
#o> pngU16SQrsVmfKlO2LMMxrtC/5V1IrSEn06/W4VFRUpNjbWPKsm1NnXgAEAqMsoYAAAHKCAAQBwgAIGAMAB
#o> pngChgAAAcoYAAAHKCAAQBwgAIGAMABChgAAAcoYAAAHKCAAQBwgAIGAMCBOns2pNr0Qb/nFBsT3M8qrxxq
#o> pngYr79n6y93pQ//DPbpvaSNGD9TaZ80kelpvzesyJNeUlKnPexKX+gXVfzjJzRtpMrtF1su/3//csjtitI
#o> png2l4e3Ik9jpq6e4h5RknCEVP+wasXmPJPXTbUlJekHn/baspvvsZ2YgVJGnLTu6b8qj+cY8q/U5JgykvS
#o> pngyp89asrfPMv2tSpJxa1tJxd44ZUnTPme82wnlJCkyd1eNeXvOTzMPCP0S8PXt+1bWq3gGTAAAA5QwAAA
#o> pngOEABAwDgAAUMAIADFDAAAA5QwAAAOEABAwDgAAUMAIADFDAAAA5QwAAAOEABAwDgAHtBByH9vv9RaHhw
#o> png+/c2LrDv03xe9v+Z8u89/xPzjOI2trv6i5/7TPnKliWmvCRd98FmU/7i6LfMM3rPHG/KD5tm27/2/vyB
#o> pngprwkLf+/Lqb8uxc8Zp5x7WTb3r1PTx9kyo9YutKUl6SHFlxuyk984UXzjHYRX5nyG1fa9nYO99n22Jak
#o> pngjGfuMOXLrvPMM6JaB0z57UcqTfkO92ww5SXpPu9KU77NT/eYZzS79FDQ2fLiMn0y0zyiRvEMGAAAByhg
#o> pngAAAcoIABAHCAAgYAwAEKGAAAByhgAAAcoIABAHCAAgYAwAEKGAAAByhgAAAcoIABAHCAAgYAwAFOxhCE
#o> pngqGvzFBYdGVQ2Iqux+fY3zjjTlA/zm0do5Pn/MOVfz+5vyjf62v6z3PkDdpnyl7Y53zzj492Pm/LnbrrM
#o> pnglL885SNTXpI+etN2f19/wwDzjITVn5nyfZva8m/s72rKS1K7lwpN+feGdDTP+GdoW1P+qznNTPlXvrHd
#o> pngd5KUdcUSU376ZvsJPtpl2U7GcNk420lKOsXvNOUlKaLQdkKXvStbmWdEzd4edPZIpW09tYFnwAAAOEAB
#o> pngAwDgAAUMAIADFDAAAA5QwAAAOEABAwDgAAUMAIADFDAAAA5QwAAAOEABAwDgAAUMAIAD7AUdhG+WtlJo
#o> pngRKOgskklBebbv+iOt03565p+aJ5xc9rlpvzz6/9oyvd/+XZTXpKG3XOHKd8i6QvzjA4Lx5jyIwa8Z8q/
#o> pngsbeLKS9Jca/kmPK+li3MMzYtbW/Kf7a7kynf6JsKU16SSs8INeXPjvraPONy/wZTftULtsftNTcuMOUl
#o> png6bbfZ5ryFaebR6i4S3Dfn46K7lhkyi9a/5IpL0ln/mO0KR/9brR5Rv6Twe/lXXGoVBphHlGjeAYMAIAD
#o> pngdbaAs7Oz1bt3b8XExCg+Pl7Dhg1TTk71ZxYDBgyQz+erdhkzxvaMCACAmlBnC3j16tXKzMzUunXr9Oab
#o> pngb6q8vFyDBw9WcXFxtdzo0aOVl5dXdZk6daqjFQMA8G919jXg5cuXV3t77ty5io+P14YNG9S//7/PZdu4
#o> pngcWMlJibW9vIAADiuOvsM+PuKir79o4K4uLhq73/uuefUokULdevWTZMmTdKhQ4d+8DZKS0sVCASqXQAA
#o> pngqAl19hnwd1VWVmr8+PHq16+funXrVvX+q6++Wm3btlVycrI2bdqku+66Szk5OXrxxRePeTvZ2dmaMmVK
#o> pngbS0bANCA1YsCzszM1JYtW/TOO+9Ue/+NN95Y9f/du3dXUlKSBg4cqNzcXHXo0OE/bmfSpEnKysqqejsQ
#o> pngCCglJaXmFg4AaLDqfAGPHTtWy5Yt05o1a9S6devjZtPS0iRJ27dvP2YBR0ZGKjIyskbWCQDAd9XZAvY8
#o> pngT+PGjdPixYu1atUqpaam/uh1Nm7cKElKSkqq6eUBAHBcdbaAMzMzNW/ePC1ZskQxMTHKz8+XJPn9fkVF
#o> pngRSk3N1fz5s3T0KFD1bx5c23atEkTJkxQ//791aNHD8erBwA0dHW2gGfNmiXp2802vmvOnDkaNWqUIiIi
#o> png9NZbb+nRRx9VcXGxUlJSNHz4cN17770OVgsAQHU+z/M814s4VQUCAfn9fg3sfLvCQoN7bfjWl5eY52Qu
#o> pngvd6UDzvoM884klpiyjeKKjPl243db8pLUvEztv1rK2fGm2c0zdppyp/XfJspf6jC/jcDc9/vZ8r7Su3/
#o> pngWrDTUwdM+dOesh33hqm9THlJyj/blo//wDxCTT8uNOV3TbbtT91mdJ4pL0ktlh0x5T95sqt5Rtzstab8
#o> pngtsfSTPnO92815SWpMP0MU77pGNvXqiTpyuA/t0cqy7Ri71MqKipSbGysfVYNqDf/DhgAgLqEAgYAwAEK
#o> pngGAAAByhgAAAcoIABAHCAAgYAwAEKGAAAByhgAAAcoIABAHCAAgYAwAEKGAAAByhgAAAcqLNnQ6pNGX9b
#o> pngp6gmwX2qHulo24BckloNqzTlW99h2zhfkrY93dmUb7nGtqn9l5e3N+UlKfop23GP/MPL5hlPTr3ElN93
#o> pnga74pPzDmY1NekhbsHmDKzxk5wzzjptxxpvzfElaZ8iPXJ5rykhQx2vbz/i7Pft7ug63iTHmfz/Y4r1wU
#o> pngZcpLUsE5e0z5uLRi84zwVbbPVfwh28lTnt38qikvSffk2U7ock/im+YZN84fEXS2srhS+oV5RI3iGTAA
#o> pngAA5QwAAAOEABAwDgAAUMAIADFDAAAA5QwAAAOEABAwDgAAUMAIADFDAAAA5QwAAAOEABAwDggM/zPM/1
#o> pngIk5VgUBAfr9fP7ny9wqNaBTUdZqvte0lLElnLPzClF+5+3TzjKRRBab8nmtte1q/dsdUU16Szn1hoikf
#o> png8Y3958XKSNvDu9Xbtv1r93eNNOVPRKu/bzVfp93yQ6b86sU/NeVHXf26KS9JLcMOmPLP3nqxecaBWwOm
#o> pngfOGW5qb8w8OfMeUl6ZGxV5vy5RO+Ns/YW9jElI9b1tiUb7bJtme2JO39vW2v905xX5lnbHsq+D3uK8pK
#o> png9K+/36OioiLFxsaaZ9UEngEDAOAABQwAgAMUMAAADlDAAAA4QAEDAOAABQwAgAMUMAAADlDAAAA4QAED
#o> pngAOAABQwAgAMUMAAADlDAAAA4wMkYjuPoyRi6LrhDoY2D23T/yLtx5jlth+4w5Q//Ntk8466/PmvKP3D/
#o> pngDab8oZb2n+VaPZdju0JcU/OMreNamPJJa2y3f/WUV21XkLS0R4Ipv+fWPuYZ4cW2L+uWszeY8iGntTPl
#o> pngJemLYbb7orS5bTN/SWr0le1xWNz2iCkf6redrEOSOly72ZTf8aD9/n7vV3805fssyTLlkzvaT5RQtsD2
#o> pngOD977IfmGRZlB8v15Pn/y8kYAABo6ChgAAAcoIABAHCAAgYAwAEKGAAAByhgAAAcoIABAHCAAgYAwAEK
#o> pngGAAAByhgAAAcCHO9gFPZ0V06Kw6VBn2ditIS85zyYtv2dkeO2GcUH6gw5SvKbTMqSu0/yx2pNG7rVxH8
#o> png/XBU5WHbcRwpt93+4YO2rQwl6YhnG3Iij6mQMttWlNY1hZzAfWE9jsoS+1aU1sdh5WHb/ecLt29Faf3c
#o> pngVpbY7+8DB2yfK/PXRfEJ3N9lthllB41ffEZlxd/e/qm0+zJ7QR/H7t27lZKS4noZAICTZNeuXWrdurXr
#o> pngZUiigI+rsrJSe/bsUUxMjHw+X9X7A4GAUlJStGvXrlNmU+/awHFz3A0Bx10/j9vzPB04cEDJyckKCTk1
#o> pngXn3lV9DHERISctyflGJjY+vlA/XHcNwNC8fdsNTn4/b7/a6XUM2p8WMAAAANDAUMAIADoZMnT57sehF1
#o> pngUWhoqAYMGKCwsIb1W3yOm+NuCDjuhnXcrvBHWAAAOMCvoAEAcIACBgDAAQoYAAAHKGAAAByggAEAcIAC
#o> pngBgDAAQoYAAAHKGAAAByggAEAcIACBgDAAQoYAAAHKGAAAByggAEAcIACBgDAAQoYAAAHKGAAAByggAEA
#o> pngcIACBgDAAQoYAAAHKGAAAByggAEAcIACBgDAAQoYAAAHKGAAAByggAEAcIACBgDAAQoYAAAHKGAAAByg
#o> pnggAEAcIACBgDAAQoYAAAHKGAAAByggAEAcIACBgDAAQoYAAAHKGAAABz4/xp8gAlpSg9ZAAAAAElFTkSu
#o> pngQmCC
#o> png}}}
#o> 0 (30, 30)
#o> 1 (30, 30)
#o> 2 (30, 30)
